Component: ARM Compiler 5.06 update 2 (build 183) Tool: armlink [4d35b7]

==============================================================================

Section Cross References

    main.o(i.BTinit) refers to stm32f4xx_rcc.o(i.RCC_APB1PeriphClockCmd) for RCC_APB1PeriphClockCmd
    main.o(i.BTinit) refers to stm32f4xx_rcc.o(i.RCC_AHB1PeriphClockCmd) for RCC_AHB1PeriphClockCmd
    main.o(i.BTinit) refers to stm32f4xx_gpio.o(i.GPIO_PinAFConfig) for GPIO_PinAFConfig
    main.o(i.BTinit) refers to stm32f4xx_gpio.o(i.GPIO_Init) for GPIO_Init
    main.o(i.BTinit) refers to stm32f4xx_usart.o(i.USART_Init) for USART_Init
    main.o(i.BTinit) refers to stm32f4xx_usart.o(i.USART_Cmd) for USART_Cmd
    main.o(i.BTinit) refers to stm32f4xx_usart.o(i.USART_ITConfig) for USART_ITConfig
    main.o(i.BTinit) refers to main.o(i.__NVIC_EnableIRQ) for __NVIC_EnableIRQ
    main.o(i.BTinit) refers to stm32f4xx_usart.o(i.USART_ClearFlag) for USART_ClearFlag
    main.o(i.Clockinit) refers to pbuf.o(i.pbuf_alloc) for pbuf_alloc
    main.o(i.Clockinit) refers to printfa.o(i.__0sprintf) for __2sprintf
    main.o(i.Clockinit) refers to tcp_echoserver.o(i.tcp_echoserver_send) for tcp_echoserver_send
    main.o(i.Clockinit) refers to pbuf.o(i.pbuf_free) for pbuf_free
    main.o(i.Clockinit) refers to main.o(.data) for .data
    main.o(i.Clockinit) refers to tcp_echoserver.o(.bss) for mes
    main.o(i.Codec_TIMEOUT_UserCallback) refers to stm324xg_eval_lcd.o(i.LCD_GetFont) for LCD_GetFont
    main.o(i.Codec_TIMEOUT_UserCallback) refers to stm324xg_eval_lcd.o(i.LCD_DisplayStringLine) for LCD_DisplayStringLine
    main.o(i.Delay) refers to main.o(.data) for .data
    main.o(i.DistanceSenser) refers to stm32f4xx_gpio.o(i.GPIO_ResetBits) for GPIO_ResetBits
    main.o(i.DistanceSenser) refers to stm32f4xx_gpio.o(i.GPIO_SetBits) for GPIO_SetBits
    main.o(i.DistanceSenser) refers to main.o(i.Delay) for Delay
    main.o(i.DistanceSenser) refers to stm32f4xx_tim.o(i.TIM_SetCounter) for TIM_SetCounter
    main.o(i.DistanceSenser) refers to stm32f4xx_gpio.o(i.GPIO_ReadInputDataBit) for GPIO_ReadInputDataBit
    main.o(i.DistanceSenser) refers to stm32f4xx_tim.o(i.TIM_Cmd) for TIM_Cmd
    main.o(i.DistanceSenser) refers to stm32f4xx_tim.o(i.TIM_GetCounter) for TIM_GetCounter
    main.o(i.DistanceSenser) refers to dfltui.o(.text) for __aeabi_ui2d
    main.o(i.DistanceSenser) refers to ddiv.o(.text) for __aeabi_ddiv
    main.o(i.DistanceSenser) refers to main.o(.data) for .data
    main.o(i.DistanceSensorinit) refers to stm32f4xx_rcc.o(i.RCC_AHB1PeriphClockCmd) for RCC_AHB1PeriphClockCmd
    main.o(i.DistanceSensorinit) refers to stm32f4xx_gpio.o(i.GPIO_Init) for GPIO_Init
    main.o(i.EVAL_AUDIO_Error_CallBack) refers to stm324xg_eval_lcd.o(i.LCD_SetBackColor) for LCD_SetBackColor
    main.o(i.EVAL_AUDIO_Error_CallBack) refers to stm324xg_eval_lcd.o(i.LCD_GetFont) for LCD_GetFont
    main.o(i.EVAL_AUDIO_Error_CallBack) refers to stm324xg_eval_lcd.o(i.LCD_DisplayStringLine) for LCD_DisplayStringLine
    main.o(i.EVAL_AUDIO_TransferComplete_CallBack) refers to stm324xg_eval_lcd.o(i.LCD_GetFont) for LCD_GetFont
    main.o(i.EVAL_AUDIO_TransferComplete_CallBack) refers to stm324xg_eval_lcd.o(i.LCD_DisplayStringLine) for LCD_DisplayStringLine
    main.o(i.LEDinit) refers to stm324xg_eval.o(i.STM_EVAL_LEDInit) for STM_EVAL_LEDInit
    main.o(i.TIM2_IRQHandler) refers to stm32f4xx_tim.o(i.TIM_GetITStatus) for TIM_GetITStatus
    main.o(i.TIM2_IRQHandler) refers to stm32f4xx_tim.o(i.TIM_ClearITPendingBit) for TIM_ClearITPendingBit
    main.o(i.TIM2_IRQHandler) refers to main.o(.data) for .data
    main.o(i.Time_Update) refers to main.o(.data) for .data
    main.o(i.TimingDelay_Decrement) refers to main.o(.data) for .data
    main.o(i.Timinit) refers to stm32f4xx_rcc.o(i.RCC_APB1PeriphClockCmd) for RCC_APB1PeriphClockCmd
    main.o(i.Timinit) refers to stm32f4xx_tim.o(i.TIM_DeInit) for TIM_DeInit
    main.o(i.Timinit) refers to stm32f4xx_tim.o(i.TIM_TimeBaseInit) for TIM_TimeBaseInit
    main.o(i.Timinit) refers to stm32f4xx_tim.o(i.TIM_ITConfig) for TIM_ITConfig
    main.o(i.Timinit) refers to stm32f4xx_tim.o(i.TIM_Cmd) for TIM_Cmd
    main.o(i.Timinit) refers to main.o(i.__NVIC_EnableIRQ) for __NVIC_EnableIRQ
    main.o(i.USART2_IRQHandler) refers to main.o(i.getUartData) for getUartData
    main.o(i.USART2_SendData) refers to stm32f4xx_usart.o(i.USART_SendData) for USART_SendData
    main.o(i.USART2_SendData) refers to stm32f4xx_usart.o(i.USART_GetFlagStatus) for USART_GetFlagStatus
    main.o(i.WCS_Exist) refers to strcmp.o(.text) for strcmp
    main.o(i.WCS_Exist) refers to main.o(.data) for .data
    main.o(i.WCS_Finished) refers to malloc.o(i.free) for free
    main.o(i.WCS_Finished) refers to main.o(.data) for .data
    main.o(i.WCS_Lineup_func) refers to malloc.o(i.malloc) for malloc
    main.o(i.WCS_Lineup_func) refers to main.o(i.WCS_Exist) for WCS_Exist
    main.o(i.WCS_Lineup_func) refers to printfa.o(i.__0sprintf) for __2sprintf
[...]
    _printf_str                              0x00000000   Number         0  stubs.o ABSOLUTE
    _printf_truncate_signed                  0x00000000   Number         0  stubs.o ABSOLUTE
    _printf_truncate_unsigned                0x00000000   Number         0  stubs.o ABSOLUTE
    _printf_u                                0x00000000   Number         0  stubs.o ABSOLUTE
    _printf_wc                               0x00000000   Number         0  stubs.o ABSOLUTE
    _printf_wctomb                           0x00000000   Number         0  stubs.o ABSOLUTE
    _printf_widthprec                        0x00000000   Number         0  stubs.o ABSOLUTE
    _printf_x                                0x00000000   Number         0  stubs.o ABSOLUTE
    __cpp_initialize__aeabi_                  - Undefined Weak Reference
    __cxa_finalize                            - Undefined Weak Reference
    _clock_init                               - Undefined Weak Reference
    _microlib_exit                            - Undefined Weak Reference
    __Vectors_Size                           0x00000188   Number         0  startup_stm32f40xx.o ABSOLUTE
    __Vectors                                0x08000000   Data           4  startup_stm32f40xx.o(RESET)
    __Vectors_End                            0x08000188   Data           0  startup_stm32f40xx.o(RESET)
    __main                                   0x08000189   Thumb Code     0  entry.o(.ARM.Collect$$$$00000000)
    _main_stk                                0x08000189   Thumb Code     0  entry2.o(.ARM.Collect$$$$00000001)
    _main_scatterload                        0x0800018d   Thumb Code     0  entry5.o(.ARM.Collect$$$$00000004)
    __main_after_scatterload                 0x08000191   Thumb Code     0  entry5.o(.ARM.Collect$$$$00000004)
    _main_clock                              0x08000191   Thumb Code     0  entry7b.o(.ARM.Collect$$$$00000008)
    _main_cpp_init                           0x08000191   Thumb Code     0  entry8b.o(.ARM.Collect$$$$0000000A)
    _main_init                               0x08000191   Thumb Code     0  entry9a.o(.ARM.Collect$$$$0000000B)
    __rt_final_cpp                           0x08000199   Thumb Code     0  entry10a.o(.ARM.Collect$$$$0000000D)
    __rt_final_exit                          0x08000199   Thumb Code     0  entry11a.o(.ARM.Collect$$$$0000000F)
    Reset_Handler                            0x0800019d   Thumb Code     8  startup_stm32f40xx.o(.text)
    ADC_IRQHandler                           0x080001b7   Thumb Code     0  startup_stm32f40xx.o(.text)
    CAN1_RX0_IRQHandler                      0x080001b7   Thumb Code     0  startup_stm32f40xx.o(.text)
    CAN1_RX1_IRQHandler                      0x080001b7   Thumb Code     0  startup_stm32f40xx.o(.text)
    CAN1_SCE_IRQHandler                      0x080001b7   Thumb Code     0  startup_stm32f40xx.o(.text)
    CAN1_TX_IRQHandler                       0x080001b7   Thumb Code     0  startup_stm32f40xx.o(.text)
    CAN2_RX0_IRQHandler                      0x080001b7   Thumb Code     0  startup_stm32f40xx.o(.text)
    CAN2_RX1_IRQHandler                      0x080001b7   Thumb Code     0  startup_stm32f40xx.o(.text)
    CAN2_SCE_IRQHandler                      0x080001b7   Thumb Code     0  startup_stm32f40xx.o(.text)
    CAN2_TX_IRQHandler                       0x080001b7   Thumb Code     0  startup_stm32f40xx.o(.text)
    CRYP_IRQHandler                          0x080001b7   Thumb Code     0  startup_stm32f40xx.o(.text)
    DCMI_IRQHandler                          0x080001b7   Thumb Code     0  startup_stm32f40xx.o(.text)
    DMA1_Stream0_IRQHandler                  0x080001b7   Thumb Code     0  startup_stm32f40xx.o(.text)
    DMA1_Stream1_IRQHandler                  0x080001b7   Thumb Code     0  startup_stm32f40xx.o(.text)
    DMA1_Stream2_IRQHandler                  0x080001b7   Thumb Code     0  startup_stm32f40xx.o(.text)
    DMA1_Stream3_IRQHandler                  0x080001b7   Thumb Code     0  startup_stm32f40xx.o(.text)
    DMA1_Stream4_IRQHandler                  0x080001b7   Thumb Code     0  startup_stm32f40xx.o(.text)
    DMA1_Stream5_IRQHandler                  0x080001b7   Thumb Code     0  startup_stm32f40xx.o(.text)
    DMA1_Stream6_IRQHandler                  0x080001b7   Thumb Code     0  startup_stm32f40xx.o(.text)
    DMA1_Stream7_IRQHandler                  0x080001b7   Thumb Code     0  startup_stm32f40xx.o(.text)
    DMA2_Stream0_IRQHandler                  0x080001b7   Thumb Code     0  startup_stm32f40xx.o(.text)
    DMA2_Stream1_IRQHandler                  0x080001b7   Thumb Code     0  startup_stm32f40xx.o(.text)
    DMA2_Stream2_IRQHandler                  0x080001b7   Thumb Code     0  startup_stm32f40xx.o(.text)
    DMA2_Stream3_IRQHandler                  0x080001b7   Thumb Code     0  startup_stm32f40xx.o(.text)
    DMA2_Stream4_IRQHandler                  0x080001b7   Thumb Code     0  startup_stm32f40xx.o(.text)
    DMA2_Stream5_IRQHandler                  0x080001b7   Thumb Code     0  startup_stm32f40xx.o(.text)
    DMA2_Stream6_IRQHandler                  0x080001b7   Thumb Code     0  startup_stm32f40xx.o(.text)
    DMA2_Stream7_IRQHandler                  0x080001b7   Thumb Code     0  startup_stm32f40xx.o(.text)
    ETH_IRQHandler                           0x080001b7   Thumb Code     0  startup_stm32f40xx.o(.text)
    ETH_WKUP_IRQHandler                      0x080001b7   Thumb Code     0  startup_stm32f40xx.o(.text)
    EXTI0_IRQHandler                         0x080001b7   Thumb Code     0  startup_stm32f40xx.o(.text)
    EXTI15_10_IRQHandler                     0x080001b7   Thumb Code     0  startup_stm32f40xx.o(.text)
    EXTI1_IRQHandler                         0x080001b7   Thumb Code     0  startup_stm32f40xx.o(.text)
    EXTI2_IRQHandler                         0x080001b7   Thumb Code     0  startup_stm32f40xx.o(.text)
    EXTI3_IRQHandler                         0x080001b7   Thumb Code     0  startup_stm32f40xx.o(.text)
    EXTI4_IRQHandler                         0x080001b7   Thumb Code     0  startup_stm32f40xx.o(.text)
    EXTI9_5_IRQHandler                       0x080001b7   Thumb Code     0  startup_stm32f40xx.o(.text)
    FLASH_IRQHandler                         0x080001b7   Thumb Code     0  startup_stm32f40xx.o(.text)
    FPU_IRQHandler                           0x080001b7   Thumb Code     0  startup_stm32f40xx.o(.text)
    FSMC_IRQHandler                          0x080001b7   Thumb Code     0  startup_stm32f40xx.o(.text)
    HASH_RNG_IRQHandler                      0x080001b7   Thumb Code     0  startup_stm32f40xx.o(.text)
    I2C1_ER_IRQHandler                       0x080001b7   Thumb Code     0  startup_stm32f40xx.o(.text)
    I2C1_EV_IRQHandler                       0x080001b7   Thumb Code     0  startup_stm32f40xx.o(.text)
    I2C2_ER_IRQHandler                       0x080001b7   Thumb Code     0  startup_stm32f40xx.o(.text)
    I2C2_EV_IRQHandler                       0x080001b7   Thumb Code     0  startup_stm32f40xx.o(.text)
    I2C3_ER_IRQHandler                       0x080001b7   Thumb Code     0  startup_stm32f40xx.o(.text)
    I2C3_EV_IRQHandler                       0x080001b7   Thumb Code     0  startup_stm32f40xx.o(.text)
    OTG_FS_IRQHandler                        0x080001b7   Thumb Code     0  startup_stm32f40xx.o(.text)
    OTG_FS_WKUP_IRQHandler                   0x080001b7   Thumb Code     0  startup_stm32f40xx.o(.text)
    OTG_HS_EP1_IN_IRQHandler                 0x080001b7   Thumb Code     0  startup_stm32f40xx.o(.text)
    OTG_HS_EP1_OUT_IRQHandler                0x080001b7   Thumb Code     0  startup_stm32f40xx.o(.text)
    OTG_HS_IRQHandler                        0x080001b7   Thumb Code     0  startup_stm32f40xx.o(.text)
    OTG_HS_WKUP_IRQHandler                   0x080001b7   Thumb Code     0  startup_stm32f40xx.o(.text)
    PVD_IRQHandler                           0x080001b7   Thumb Code     0  startup_stm32f40xx.o(.text)
    RCC_IRQHandler                           0x080001b7   Thumb Code     0  startup_stm32f40xx.o(.text)
    SDIO_IRQHandler                          0x080001b7   Thumb Code     0  startup_stm32f40xx.o(.text)
    SPI1_IRQHandler                          0x080001b7   Thumb Code     0  startup_stm32f40xx.o(.text)
    SPI2_IRQHandler                          0x080001b7   Thumb Code     0  startup_stm32f40xx.o(.text)
    SPI3_IRQHandler                          0x080001b7   Thumb Code     0  startup_stm32f40xx.o(.text)
    TAMP_STAMP_IRQHandler                    0x080001b7   Thumb Code     0  startup_stm32f40xx.o(.text)
    TIM1_BRK_TIM9_IRQHandler                 0x080001b7   Thumb Code     0  startup_stm32f40xx.o(.text)
    TIM1_CC_IRQHandler                       0x080001b7   Thumb Code     0  startup_stm32f40xx.o(.text)
    TIM1_TRG_COM_TIM11_IRQHandler            0x080001b7   Thumb Code     0  startup_stm32f40xx.o(.text)
    TIM1_UP_TIM10_IRQHandler                 0x080001b7   Thumb Code     0  startup_stm32f40xx.o(.text)
    TIM3_IRQHandler                          0x080001b7   Thumb Code     0  startup_stm32f40xx.o(.text)
    TIM4_IRQHandler                          0x080001b7   Thumb Code     0  startup_stm32f40xx.o(.text)
    TIM5_IRQHandler                          0x080001b7   Thumb Code     0  startup_stm32f40xx.o(.text)
    TIM6_DAC_IRQHandler                      0x080001b7   Thumb Code     0  startup_stm32f40xx.o(.text)
    TIM7_IRQHandler                          0x080001b7   Thumb Code     0  startup_stm32f40xx.o(.text)
    TIM8_BRK_TIM12_IRQHandler                0x080001b7   Thumb Code     0  startup_stm32f40xx.o(.text)
    TIM8_CC_IRQHandler                       0x080001b7   Thumb Code     0  startup_stm32f40xx.o(.text)
    TIM8_TRG_COM_TIM14_IRQHandler            0x080001b7   Thumb Code     0  startup_stm32f40xx.o(.text)
    TIM8_UP_TIM13_IRQHandler                 0x080001b7   Thumb Code     0  startup_stm32f40xx.o(.text)
    UART4_IRQHandler                         0x080001b7   Thumb Code     0  startup_stm32f40xx.o(.text)
    UART5_IRQHandler                         0x080001b7   Thumb Code     0  startup_stm32f40xx.o(.text)
    USART6_IRQHandler                        0x080001b7   Thumb Code     0  startup_stm32f40xx.o(.text)
    WWDG_IRQHandler                          0x080001b7   Thumb Code     0  startup_stm32f40xx.o(.text)
    __aeabi_memcpy                           0x080001c1   Thumb Code    36  memcpya.o(.text)
    __aeabi_memcpy4                          0x080001c1   Thumb Code     0  memcpya.o(.text)
    __aeabi_memcpy8                          0x080001c1   Thumb Code     0  memcpya.o(.text)
    __aeabi_memset                           0x080001e5   Thumb Code    14  memseta.o(.text)
    __aeabi_memset4                          0x080001e5   Thumb Code     0  memseta.o(.text)
    __aeabi_memset8                          0x080001e5   Thumb Code     0  memseta.o(.text)
    __aeabi_memclr                           0x080001f3   Thumb Code     4  memseta.o(.text)
    __aeabi_memclr4                          0x080001f3   Thumb Code     0  memseta.o(.text)
    __aeabi_memclr8                          0x080001f3   Thumb Code     0  memseta.o(.text)
    _memset$wrapper                          0x080001f7   Thumb Code    18  memseta.o(.text)
    strcat                                   0x08000209   Thumb Code    24  strcat.o(.text)
    strlen                                   0x08000221   Thumb Code    14  strlen.o(.text)
    strcmp                                   0x0800022f   Thumb Code    28  strcmp.o(.text)
    memcmp                                   0x0800024b   Thumb Code    26  memcmp.o(.text)
    __aeabi_ddiv                             0x08000265   Thumb Code   222  ddiv.o(.text)
    __aeabi_ui2d                             0x08000343   Thumb Code    26  dfltui.o(.text)
    __aeabi_cdrcmple                         0x0800035d   Thumb Code    48  cdrcmple.o(.text)
    __aeabi_uidiv                            0x0800038d   Thumb Code     0  uidiv.o(.text)
    __aeabi_uidivmod                         0x0800038d   Thumb Code    44  uidiv.o(.text)
    __aeabi_uldivmod                         0x080003b9   Thumb Code    98  uldiv.o(.text)
    __I$use$fp                               0x0800041b   Thumb Code     0  iusefp.o(.text)
    _double_round                            0x0800041b   Thumb Code    30  depilogue.o(.text)
    _double_epilogue                         0x08000439   Thumb Code   156  depilogue.o(.text)
    __aeabi_dadd                             0x080004d5   Thumb Code   322  dadd.o(.text)
    __aeabi_dsub                             0x08000617   Thumb Code     6  dadd.o(.text)
    __aeabi_drsub                            0x0800061d   Thumb Code     6  dadd.o(.text)
    __aeabi_dmul                             0x08000623   Thumb Code   228  dmul.o(.text)
    __aeabi_d2ulz                            0x08000707   Thumb Code    48  dfixul.o(.text)
    __scatterload                            0x08000739   Thumb Code    28  init.o(.text)
    __scatterload_rt2                        0x08000739   Thumb Code     0  init.o(.text)
    __aeabi_llsl                             0x0800075d   Thumb Code    30  llshl.o(.text)
    _ll_shift_l                              0x0800075d   Thumb Code     0  llshl.o(.text)
    __aeabi_llsr                             0x0800077b   Thumb Code    32  llushr.o(.text)
    _ll_ushift_r                             0x0800077b   Thumb Code     0  llushr.o(.text)
    __aeabi_lasr                             0x0800079b   Thumb Code    36  llsshr.o(.text)
    _ll_sshift_r                             0x0800079b   Thumb Code     0  llsshr.o(.text)
    __decompress                             0x080007bf   Thumb Code     0  __dczerorl2.o(.text)
    __decompress1                            0x080007bf   Thumb Code    86  __dczerorl2.o(.text)
    BTinit                                   0x08000815   Thumb Code   168  main.o(i.BTinit)
    BusFault_Handler                         0x080008c5   Thumb Code     2  stm32f4xx_it.o(i.BusFault_Handler)
    Clockinit                                0x080008c9   Thumb Code    48  main.o(i.Clockinit)
    DebugMon_Handler                         0x0800090d   Thumb Code     2  stm32f4xx_it.o(i.DebugMon_Handler)
    Delay                                    0x08000911   Thumb Code    16  main.o(i.Delay)
    DistanceSenser                           0x08000925   Thumb Code   134  main.o(i.DistanceSenser)
    DistanceSensorinit                       0x080009bd   Thumb Code    66  main.o(i.DistanceSensorinit)
    ETH_BSP_Config                           0x08000a05   Thumb Code    76  stm32f4x7_eth_bsp.o(i.ETH_BSP_Config)
    ETH_CheckFrameReceived                   0x08000a7d   Thumb Code    96  stm32f4x7_eth.o(i.ETH_CheckFrameReceived)
    ETH_DMAReceptionCmd                      0x08000ae1   Thumb Code    22  stm32f4x7_eth.o(i.ETH_DMAReceptionCmd)
    ETH_DMARxDescChainInit                   0x08000afd   Thumb Code    74  stm32f4x7_eth.o(i.ETH_DMARxDescChainInit)
    ETH_DMATransmissionCmd                   0x08000b55   Thumb Code    22  stm32f4x7_eth.o(i.ETH_DMATransmissionCmd)
    ETH_DMATxDescChainInit                   0x08000b71   Thumb Code    62  stm32f4x7_eth.o(i.ETH_DMATxDescChainInit)
    ETH_DMATxDescChecksumInsertionConfig     0x08000bb9   Thumb Code     8  stm32f4x7_eth.o(i.ETH_DMATxDescChecksumInsertionConfig)
    ETH_DeInit                               0x08000bc1   Thumb Code    24  stm32f4x7_eth.o(i.ETH_DeInit)
    ETH_FlushTransmitFIFO                    0x08000bed   Thumb Code    12  stm32f4x7_eth.o(i.ETH_FlushTransmitFIFO)
    ETH_GetSoftwareResetStatus               0x08000d5d   Thumb Code    14  stm32f4x7_eth.o(i.ETH_GetSoftwareResetStatus)
    ETH_Get_Received_Frame                   0x08000d71   Thumb Code    42  stm32f4x7_eth.o(i.ETH_Get_Received_Frame)
    ETH_Init                                 0x08000da1   Thumb Code   520  stm32f4x7_eth.o(i.ETH_Init)
    ETH_MACAddressConfig                     0x08000fe1   Thumb Code    22  stm32f4x7_eth.o(i.ETH_MACAddressConfig)
    ETH_MACReceptionCmd                      0x08001075   Thumb Code    22  stm32f4x7_eth.o(i.ETH_MACReceptionCmd)
    ETH_MACTransmissionCmd                   0x08001091   Thumb Code    22  stm32f4x7_eth.o(i.ETH_MACTransmissionCmd)
    ETH_Prepare_Transmit_Descriptors         0x080010ad   Thumb Code   168  stm32f4x7_eth.o(i.ETH_Prepare_Transmit_Descriptors)
    ETH_ReadPHYRegister                      0x0800115d   Thumb Code    80  stm32f4x7_eth.o(i.ETH_ReadPHYRegister)
    ETH_SoftwareReset                        0x080011b5   Thumb Code    12  stm32f4x7_eth.o(i.ETH_SoftwareReset)
    ETH_Start                                0x080011c5   Thumb Code    34  stm32f4x7_eth.o(i.ETH_Start)
    ETH_StructInit                           0x080011e7   Thumb Code   136  stm32f4x7_eth.o(i.ETH_StructInit)
    ETH_WritePHYRegister                     0x08001271   Thumb Code    76  stm32f4x7_eth.o(i.ETH_WritePHYRegister)
    Eth_Link_PHYITConfig                     0x080012c5   Thumb Code    54  stm32f4x7_eth_bsp.o(i.Eth_Link_PHYITConfig)
    FSMC_NORSRAMCmd                          0x080012fd   Thumb Code    26  stm32f4xx_fsmc.o(i.FSMC_NORSRAMCmd)
    FSMC_NORSRAMInit                         0x0800131d   Thumb Code   200  stm32f4xx_fsmc.o(i.FSMC_NORSRAMInit)
    GPIO_Init                                0x080013e5   Thumb Code   162  stm32f4xx_gpio.o(i.GPIO_Init)
    GPIO_PinAFConfig                         0x08001487   Thumb Code    32  stm32f4xx_gpio.o(i.GPIO_PinAFConfig)
    GPIO_ReadInputDataBit                    0x080014a7   Thumb Code    14  stm32f4xx_gpio.o(i.GPIO_ReadInputDataBit)
    GPIO_ResetBits                           0x080014b5   Thumb Code     4  stm32f4xx_gpio.o(i.GPIO_ResetBits)
    GPIO_SetBits                             0x080014b9   Thumb Code     4  stm32f4xx_gpio.o(i.GPIO_SetBits)
    HardFault_Handler                        0x080014bd   Thumb Code     2  stm32f4xx_it.o(i.HardFault_Handler)
    LCD_Clear                                0x080014bf   Thumb Code    38  stm324xg_eval_lcd.o(i.LCD_Clear)
    LCD_ClearLine                            0x080014e5   Thumb Code    44  stm324xg_eval_lcd.o(i.LCD_ClearLine)
    LCD_CtrlLinesConfig                      0x08001515   Thumb Code   292  stm324xg_eval_lcd.o(i.LCD_CtrlLinesConfig)
    LCD_DisplayChar                          0x08001649   Thumb Code    26  stm324xg_eval_lcd.o(i.LCD_DisplayChar)
    LCD_DisplayStringLine                    0x08001669   Thumb Code    52  stm324xg_eval_lcd.o(i.LCD_DisplayStringLine)
    LCD_DrawChar                             0x080016a1   Thumb Code   120  stm324xg_eval_lcd.o(i.LCD_DrawChar)
    LCD_FSMCConfig                           0x0800171d   Thumb Code    88  stm324xg_eval_lcd.o(i.LCD_FSMCConfig)
    LCD_GetFont                              0x08001775   Thumb Code     6  stm324xg_eval_lcd.o(i.LCD_GetFont)
    LCD_Init                                 0x08001781   Thumb Code  1030  stm324xg_eval_lcd.o(i.LCD_Init)
    LCD_ReadReg                              0x08001b8d   Thumb Code    10  stm324xg_eval_lcd.o(i.LCD_ReadReg)
    LCD_SetBackColor                         0x08001b99   Thumb Code    12  stm324xg_eval_lcd.o(i.LCD_SetBackColor)
    LCD_SetCursor                            0x08001ba9   Thumb Code    24  stm324xg_eval_lcd.o(i.LCD_SetCursor)
    LCD_SetFont                              0x08001bc1   Thumb Code     6  stm324xg_eval_lcd.o(i.LCD_SetFont)
    LCD_SetTextColor                         0x08001bcd   Thumb Code    12  stm324xg_eval_lcd.o(i.LCD_SetTextColor)
    LCD_WriteReg                             0x08001bdd   Thumb Code    10  stm324xg_eval_lcd.o(i.LCD_WriteReg)
    LEDinit                                  0x08001be7   Thumb Code    30  main.o(i.LEDinit)
    LwIP_Init                                0x08001c05   Thumb Code   136  netconf.o(i.LwIP_Init)
    LwIP_Periodic_Handle                     0x08001cc5   Thumb Code    50  netconf.o(i.LwIP_Periodic_Handle)
    LwIP_Pkt_Handle                          0x08001cfd   Thumb Code     6  netconf.o(i.LwIP_Pkt_Handle)
    MemManage_Handler                        0x08001d09   Thumb Code     2  stm32f4xx_it.o(i.MemManage_Handler)
    NMI_Handler                              0x08001d0b   Thumb Code     2  stm32f4xx_it.o(i.NMI_Handler)
    PWR_BackupAccessCmd                      0x08001d0d   Thumb Code     6  stm32f4xx_pwr.o(i.PWR_BackupAccessCmd)
    PendSV_Handler                           0x08001d19   Thumb Code     2  stm32f4xx_it.o(i.PendSV_Handler)
    RCC_AHB1PeriphClockCmd                   0x08001d1d   Thumb Code    18  stm32f4xx_rcc.o(i.RCC_AHB1PeriphClockCmd)
    RCC_AHB1PeriphResetCmd                   0x08001d35   Thumb Code    18  stm32f4xx_rcc.o(i.RCC_AHB1PeriphResetCmd)
    RCC_AHB2PeriphClockCmd                   0x08001d4d   Thumb Code    18  stm32f4xx_rcc.o(i.RCC_AHB2PeriphClockCmd)
    RCC_AHB3PeriphClockCmd                   0x08001d65   Thumb Code    18  stm32f4xx_rcc.o(i.RCC_AHB3PeriphClockCmd)
    RCC_APB1PeriphClockCmd                   0x08001d7d   Thumb Code    18  stm32f4xx_rcc.o(i.RCC_APB1PeriphClockCmd)
    RCC_APB1PeriphResetCmd                   0x08001d95   Thumb Code    18  stm32f4xx_rcc.o(i.RCC_APB1PeriphResetCmd)
    RCC_APB2PeriphClockCmd                   0x08001dad   Thumb Code    18  stm32f4xx_rcc.o(i.RCC_APB2PeriphClockCmd)
    RCC_APB2PeriphResetCmd                   0x08001dc5   Thumb Code    18  stm32f4xx_rcc.o(i.RCC_APB2PeriphResetCmd)
    RCC_GetClocksFreq                        0x08001ddd   Thumb Code   132  stm32f4xx_rcc.o(i.RCC_GetClocksFreq)
    RCC_GetFlagStatus                        0x08001e71   Thumb Code    46  stm32f4xx_rcc.o(i.RCC_GetFlagStatus)
    RCC_LSEConfig                            0x08001ea5   Thumb Code    22  stm32f4xx_rcc.o(i.RCC_LSEConfig)
    RCC_LSICmd                               0x08001ec1   Thumb Code     6  stm32f4xx_rcc.o(i.RCC_LSICmd)
    RCC_MCO1Config                           0x08001ecd   Thumb Code    16  stm32f4xx_rcc.o(i.RCC_MCO1Config)
    RCC_RTCCLKCmd                            0x08001ee1   Thumb Code     6  stm32f4xx_rcc.o(i.RCC_RTCCLKCmd)
    RCC_RTCCLKConfig                         0x08001eed   Thumb Code    40  stm32f4xx_rcc.o(i.RCC_RTCCLKConfig)
    RNG_Cmd                                  0x08001f1d   Thumb Code    22  stm32f4xx_rng.o(i.RNG_Cmd)
    RTC_Alarm_IRQHandler                     0x08001f39   Thumb Code    56  tm_stm32f4_rtc.o(i.RTC_Alarm_IRQHandler)
    RTC_ClearITPendingBit                    0x08001fa1   Thumb Code    24  stm32f4xx_rtc.o(i.RTC_ClearITPendingBit)
    RTC_EnterInitMode                        0x08001fbd   Thumb Code    56  stm32f4xx_rtc.o(i.RTC_EnterInitMode)
    RTC_ExitInitMode                         0x08001ff9   Thumb Code    12  stm32f4xx_rtc.o(i.RTC_ExitInitMode)
    RTC_GetDate                              0x08002009   Thumb Code    64  stm32f4xx_rtc.o(i.RTC_GetDate)
    RTC_GetITStatus                          0x08002051   Thumb Code    46  stm32f4xx_rtc.o(i.RTC_GetITStatus)
    RTC_GetTime                              0x08002089   Thumb Code    68  stm32f4xx_rtc.o(i.RTC_GetTime)
    RTC_Init                                 0x080020d5   Thumb Code    74  stm32f4xx_rtc.o(i.RTC_Init)
    RTC_ReadBackupRegister                   0x08002125   Thumb Code    14  stm32f4xx_rtc.o(i.RTC_ReadBackupRegister)
    RTC_SetDate                              0x08002139   Thumb Code   146  stm32f4xx_rtc.o(i.RTC_SetDate)
    RTC_SetTime                              0x080021d5   Thumb Code   152  stm32f4xx_rtc.o(i.RTC_SetTime)
    RTC_WKUP_IRQHandler                      0x08002275   Thumb Code    34  tm_stm32f4_rtc.o(i.RTC_WKUP_IRQHandler)
    RTC_WaitForSynchro                       0x0800229d   Thumb Code    70  stm32f4xx_rtc.o(i.RTC_WaitForSynchro)
    RTC_WriteBackupRegister                  0x080022e9   Thumb Code    14  stm32f4xx_rtc.o(i.RTC_WriteBackupRegister)
    RTC_WriteProtectionCmd                   0x080022fd   Thumb Code    18  stm32f4xx_rtc.o(i.RTC_WriteProtectionCmd)
    STM_EVAL_LEDInit                         0x08002315   Thumb Code    62  stm324xg_eval.o(i.STM_EVAL_LEDInit)
    STM_EVAL_LEDOff                          0x0800235d   Thumb Code    16  stm324xg_eval.o(i.STM_EVAL_LEDOff)
    STM_EVAL_LEDOn                           0x08002375   Thumb Code    16  stm324xg_eval.o(i.STM_EVAL_LEDOn)
    SVC_Handler                              0x0800238d   Thumb Code     2  stm32f4xx_it.o(i.SVC_Handler)
    SYSCFG_ETH_MediaInterfaceConfig          0x08002391   Thumb Code     8  stm32f4xx_syscfg.o(i.SYSCFG_ETH_MediaInterfaceConfig)
    SysTick_Handler                          0x08002451   Thumb Code    14  stm32f4xx_it.o(i.SysTick_Handler)
    SystemInit                               0x08002461   Thumb Code    74  system_stm32f4xx.o(i.SystemInit)
    TIM2_IRQHandler                          0x080024bd   Thumb Code    34  main.o(i.TIM2_IRQHandler)
    TIM_ClearITPendingBit                    0x080024e5   Thumb Code     6  stm32f4xx_tim.o(i.TIM_ClearITPendingBit)
    TIM_Cmd                                  0x080024eb   Thumb Code    20  stm32f4xx_tim.o(i.TIM_Cmd)
    TIM_DeInit                               0x08002501   Thumb Code   284  stm32f4xx_tim.o(i.TIM_DeInit)
    TIM_GetCounter                           0x08002651   Thumb Code     4  stm32f4xx_tim.o(i.TIM_GetCounter)
    TIM_GetITStatus                          0x08002655   Thumb Code    24  stm32f4xx_tim.o(i.TIM_GetITStatus)
    TIM_ITConfig                             0x0800266d   Thumb Code    16  stm32f4xx_tim.o(i.TIM_ITConfig)
    TIM_SetCounter                           0x0800267d   Thumb Code     4  stm32f4xx_tim.o(i.TIM_SetCounter)
    TIM_TimeBaseInit                         0x08002681   Thumb Code    96  stm32f4xx_tim.o(i.TIM_TimeBaseInit)
    TM_RTC_AlarmAHandler                     0x080026fd   Thumb Code     2  tm_stm32f4_rtc.o(i.TM_RTC_AlarmAHandler)
    TM_RTC_AlarmBHandler                     0x080026ff   Thumb Code     2  tm_stm32f4_rtc.o(i.TM_RTC_AlarmBHandler)
    TM_RTC_Config                            0x08002701   Thumb Code    92  tm_stm32f4_rtc.o(i.TM_RTC_Config)
    TM_RTC_GetDateTime                       0x0800275d   Thumb Code    86  tm_stm32f4_rtc.o(i.TM_RTC_GetDateTime)
    TM_RTC_GetUnixTimeStamp                  0x080027bd   Thumb Code   206  tm_stm32f4_rtc.o(i.TM_RTC_GetUnixTimeStamp)
    TM_RTC_Init                              0x08002895   Thumb Code   170  tm_stm32f4_rtc.o(i.TM_RTC_Init)
    TM_RTC_RequestHandler                    0x08002949   Thumb Code     2  tm_stm32f4_rtc.o(i.TM_RTC_RequestHandler)
    TM_RTC_SetDateTime                       0x0800294d   Thumb Code   472  tm_stm32f4_rtc.o(i.TM_RTC_SetDateTime)
    TM_RTC_SetDateTimeString                 0x08002b2d   Thumb Code   324  tm_stm32f4_rtc.o(i.TM_RTC_SetDateTimeString)
    Time_Update                              0x08002c71   Thumb Code    10  main.o(i.Time_Update)
    TimingDelay_Decrement                    0x08002c81   Thumb Code    16  main.o(i.TimingDelay_Decrement)
    Timinit                                  0x08002c95   Thumb Code    76  main.o(i.Timinit)
    USART1_IRQHandler                        0x08002ce1   Thumb Code    24  stm32f4xx_it.o(i.USART1_IRQHandler)
    USART2_IRQHandler                        0x08002cfd   Thumb Code     4  main.o(i.USART2_IRQHandler)
    USART3_IRQHandler                        0x08002d01   Thumb Code    48  usbd_cdc_vcp.o(i.USART3_IRQHandler)
    USART_ClearFlag                          0x08002d35   Thumb Code     6  stm32f4xx_usart.o(i.USART_ClearFlag)
    USART_Cmd                                0x08002d3b   Thumb Code    20  stm32f4xx_usart.o(i.USART_Cmd)
    USART_GetFlagStatus                      0x08002d4f   Thumb Code    14  stm32f4xx_usart.o(i.USART_GetFlagStatus)
    USART_GetITStatus                        0x08002d5d   Thumb Code    62  stm32f4xx_usart.o(i.USART_GetITStatus)
    USART_ITConfig                           0x08002d9b   Thumb Code    48  stm32f4xx_usart.o(i.USART_ITConfig)
    USART_Init                               0x08002dcd   Thumb Code   164  stm32f4xx_usart.o(i.USART_Init)
    USART_ReceiveData                        0x08002e79   Thumb Code     8  stm32f4xx_usart.o(i.USART_ReceiveData)
    USART_SendData                           0x08002e81   Thumb Code     8  stm32f4xx_usart.o(i.USART_SendData)
    UsageFault_Handler                       0x08002e89   Thumb Code     2  stm32f4xx_it.o(i.UsageFault_Handler)
    WCS_Exist                                0x08002ed9   Thumb Code    34  main.o(i.WCS_Exist)
    WCS_Finished                             0x08002f01   Thumb Code    36  main.o(i.WCS_Finished)
    WCS_Lineup_func                          0x08002f29   Thumb Code   158  main.o(i.WCS_Lineup_func)
    WCS_Update_func                          0x08003005   Thumb Code    56  main.o(i.WCS_Update_func)
    WCS_auth                                 0x0800306d   Thumb Code   168  main.o(i.WCS_auth)
    __0sprintf                               0x08003159   Thumb Code    34  printfa.o(i.__0sprintf)
    __1sprintf                               0x08003159   Thumb Code     0  printfa.o(i.__0sprintf)
    __2sprintf                               0x08003159   Thumb Code     0  printfa.o(i.__0sprintf)
    __c89sprintf                             0x08003159   Thumb Code     0  printfa.o(i.__0sprintf)
    sprintf                                  0x08003159   Thumb Code     0  printfa.o(i.__0sprintf)
    __scatterload_copy                       0x0800319b   Thumb Code    14  handlers.o(i.__scatterload_copy)
    __scatterload_null                       0x080031a9   Thumb Code     2  handlers.o(i.__scatterload_null)
    __scatterload_zeroinit                   0x080031ab   Thumb Code    14  handlers.o(i.__scatterload_zeroinit)
    autoip_arp_reply                         0x08003a7d   Thumb Code   158  autoip.o(i.autoip_arp_reply)
    autoip_start                             0x08003b1d   Thumb Code   140  autoip.o(i.autoip_start)
    dhcp_arp_reply                           0x08003c15   Thumb Code    30  dhcp.o(i.dhcp_arp_reply)
    etharp_arp_input                         0x08003e89   Thumb Code   250  etharp.o(i.etharp_arp_input)
    etharp_ip_input                          0x08003f89   Thumb Code    44  etharp.o(i.etharp_ip_input)
    etharp_output                            0x08003fb5   Thumb Code   178  etharp.o(i.etharp_output)
    etharp_query                             0x0800406d   Thumb Code   252  etharp.o(i.etharp_query)
    etharp_raw                               0x0800416d   Thumb Code   178  etharp.o(i.etharp_raw)
    etharp_request                           0x08004225   Thumb Code    32  etharp.o(i.etharp_request)
    etharp_tmr                               0x08004281   Thumb Code    80  etharp.o(i.etharp_tmr)
    ethernet_input                           0x080042d5   Thumb Code    84  etharp.o(i.ethernet_input)
    ethernetif_init                          0x08004329   Thumb Code    30  ethernetif.o(i.ethernetif_init)
    ethernetif_input                         0x08004351   Thumb Code    38  ethernetif.o(i.ethernetif_input)
    free                                     0x080044c9   Thumb Code    76  malloc.o(i.free)
    getUartData                              0x08004539   Thumb Code    44  main.o(i.getUartData)
    htonl                                    0x08004579   Thumb Code     4  inet.o(i.htonl)
    htons                                    0x0800457d   Thumb Code     4  inet.o(i.htons)
    icmp_dest_unreach                        0x08004581   Thumb Code     8  icmp.o(i.icmp_dest_unreach)
    icmp_input                               0x08004589   Thumb Code   276  icmp.o(i.icmp_input)
    icmp_time_exceeded                       0x08004703   Thumb Code     8  icmp.o(i.icmp_time_exceeded)
    if_time_more_than                        0x0800470b   Thumb Code    26  main.o(i.if_time_more_than)
    inet_chksum                              0x08004725   Thumb Code    12  inet_chksum.o(i.inet_chksum)
    inet_chksum_pbuf                         0x08004731   Thumb Code    72  inet_chksum.o(i.inet_chksum_pbuf)
    ip_addr_isbroadcast                      0x08004779   Thumb Code    48  ip_addr.o(i.ip_addr_isbroadcast)
    ip_frag                                  0x080047a9   Thumb Code   294  ip_frag.o(i.ip_frag)
    ip_input                                 0x080048d5   Thumb Code   386  ip.o(i.ip_input)
    ip_output                                0x08004a61   Thumb Code    52  ip.o(i.ip_output)
    ip_output_if                             0x08004a95   Thumb Code   200  ip.o(i.ip_output_if)
    ip_reass                                 0x08004b61   Thumb Code   406  ip_frag.o(i.ip_reass)
    ip_route                                 0x08004eed   Thumb Code    62  ip.o(i.ip_route)
    isCommand                                0x08004f35   Thumb Code    78  main.o(i.isCommand)
    main                                     0x08005119   Thumb Code   300  main.o(i.main)
    malloc                                   0x0800528d   Thumb Code    92  malloc.o(i.malloc)
    mem_free                                 0x080052f9   Thumb Code    40  mem.o(i.mem_free)
    mem_init                                 0x08005325   Thumb Code    44  mem.o(i.mem_init)
    mem_malloc                               0x08005359   Thumb Code   164  mem.o(i.mem_malloc)
    mem_realloc                              0x08005401   Thumb Code   190  mem.o(i.mem_realloc)
    memp_free                                0x080054c5   Thumb Code    18  memp.o(i.memp_free)
    memp_init                                0x080054dd   Thumb Code    78  memp.o(i.memp_init)
    memp_malloc                              0x08005535   Thumb Code    28  memp.o(i.memp_malloc)
    monthGetDate                             0x08005555   Thumb Code    40  main.o(i.monthGetDate)
    netif_add                                0x0800557d   Thumb Code    72  netif.o(i.netif_add)
    netif_is_up                              0x080055c9   Thumb Code    10  netif.o(i.netif_is_up)
    netif_set_addr                           0x080055d3   Thumb Code    32  netif.o(i.netif_set_addr)
    netif_set_default                        0x080055f5   Thumb Code     6  netif.o(i.netif_set_default)
    netif_set_down                           0x08005601   Thumb Code    18  netif.o(i.netif_set_down)
    netif_set_gw                             0x08005613   Thumb Code     8  netif.o(i.netif_set_gw)
    netif_set_ipaddr                         0x0800561d   Thumb Code    96  netif.o(i.netif_set_ipaddr)
    netif_set_netmask                        0x08005685   Thumb Code     8  netif.o(i.netif_set_netmask)
    netif_set_up                             0x0800568d   Thumb Code    28  netif.o(i.netif_set_up)
    ntohl                                    0x080056a9   Thumb Code     4  inet.o(i.ntohl)
    ntohs                                    0x080056ad   Thumb Code     4  inet.o(i.ntohs)
    pbuf_alloc                               0x080056b1   Thumb Code   272  pbuf.o(i.pbuf_alloc)
    pbuf_cat                                 0x080057c1   Thumb Code    40  pbuf.o(i.pbuf_cat)
    pbuf_chain                               0x080057e9   Thumb Code    18  pbuf.o(i.pbuf_chain)
    pbuf_clen                                0x080057fb   Thumb Code    18  pbuf.o(i.pbuf_clen)
    pbuf_copy                                0x0800580d   Thumb Code   144  pbuf.o(i.pbuf_copy)
    pbuf_copy_partial                        0x0800589d   Thumb Code   104  pbuf.o(i.pbuf_copy_partial)
    pbuf_free                                0x08005905   Thumb Code    68  pbuf.o(i.pbuf_free)
    pbuf_header                              0x08005949   Thumb Code    96  pbuf.o(i.pbuf_header)
    pbuf_realloc                             0x080059a9   Thumb Code    78  pbuf.o(i.pbuf_realloc)
    pbuf_ref                                 0x080059f7   Thumb Code    12  pbuf.o(i.pbuf_ref)
    raw_input                                0x08005a59   Thumb Code   100  raw.o(i.raw_input)
    runCommand                               0x08005ac1   Thumb Code   210  main.o(i.runCommand)
    setTime                                  0x08005be1   Thumb Code    40  main.o(i.setTime)
    tcp_abandon                              0x08005c0d   Thumb Code   144  tcp.o(i.tcp_abandon)
    tcp_accept                               0x08005ca1   Thumb Code     4  tcp.o(i.tcp_accept)
    tcp_alloc                                0x08005cad   Thumb Code   250  tcp.o(i.tcp_alloc)
    tcp_arg                                  0x08005db5   Thumb Code     4  tcp.o(i.tcp_arg)
    tcp_bind                                 0x08005db9   Thumb Code   182  tcp.o(i.tcp_bind)
    tcp_close                                0x08005e75   Thumb Code   152  tcp.o(i.tcp_close)
    tcp_echoserver_init                      0x08005fb9   Thumb Code    58  tcp_echoserver.o(i.tcp_echoserver_init)
    tcp_echoserver_send                      0x08006205   Thumb Code    76  tcp_echoserver.o(i.tcp_echoserver_send)
    tcp_eff_send_mss                         0x08006273   Thumb Code    32  tcp.o(i.tcp_eff_send_mss)
    tcp_enqueue                              0x08006295   Thumb Code   830  tcp_out.o(i.tcp_enqueue)
    tcp_err                                  0x080065d3   Thumb Code     6  tcp.o(i.tcp_err)
    tcp_fasttmr                              0x080065d9   Thumb Code    86  tcp.o(i.tcp_fasttmr)
    tcp_input                                0x08006635   Thumb Code   732  tcp_in.o(i.tcp_input)
    tcp_keepalive                            0x08006925   Thumb Code    70  tcp_out.o(i.tcp_keepalive)
    tcp_listen_with_backlog                  0x08006a55   Thumb Code   118  tcp.o(i.tcp_listen_with_backlog)
    tcp_new                                  0x08006ad5   Thumb Code     6  tcp.o(i.tcp_new)
    tcp_next_iss                             0x08006b3d   Thumb Code    12  tcp.o(i.tcp_next_iss)
    tcp_output                               0x08006b4d   Thumb Code   424  tcp_out.o(i.tcp_output)
    tcp_pcb_purge                            0x08006ea5   Thumb Code    48  tcp.o(i.tcp_pcb_purge)
    tcp_pcb_remove                           0x08006ed5   Thumb Code    86  tcp.o(i.tcp_pcb_remove)
    tcp_poll                                 0x08006f31   Thumb Code    10  tcp.o(i.tcp_poll)
    tcp_recv                                 0x080076b7   Thumb Code     6  tcp.o(i.tcp_recv)
    tcp_recv_null                            0x080076bd   Thumb Code    36  tcp.o(i.tcp_recv_null)
    tcp_recved                               0x080076e1   Thumb Code    60  tcp.o(i.tcp_recved)
    tcp_rexmit                               0x0800771d   Thumb Code    74  tcp_out.o(i.tcp_rexmit)
    tcp_rexmit_fast                          0x08007767   Thumb Code    92  tcp_out.o(i.tcp_rexmit_fast)
    tcp_rexmit_rto                           0x080077c3   Thumb Code    46  tcp_out.o(i.tcp_rexmit_rto)
    tcp_rst                                  0x080077f1   Thumb Code   156  tcp_out.o(i.tcp_rst)
    tcp_seg_free                             0x0800788d   Thumb Code    32  tcp.o(i.tcp_seg_free)
    tcp_segs_free                            0x080078ad   Thumb Code    26  tcp.o(i.tcp_segs_free)
    tcp_send_ctrl                            0x080078c7   Thumb Code    22  tcp_out.o(i.tcp_send_ctrl)
    tcp_send_empty_ack                       0x080078dd   Thumb Code    86  tcp_out.o(i.tcp_send_empty_ack)
    tcp_sent                                 0x08007933   Thumb Code     6  tcp.o(i.tcp_sent)
    tcp_setprio                              0x08007939   Thumb Code     4  tcp.o(i.tcp_setprio)
    tcp_slowtmr                              0x0800793d   Thumb Code   540  tcp.o(i.tcp_slowtmr)
    tcp_tmr                                  0x08007bd5   Thumb Code    28  tcp.o(i.tcp_tmr)
    tcp_update_rcv_ann_wnd                   0x08007bf5   Thumb Code    52  tcp.o(i.tcp_update_rcv_ann_wnd)
    tcp_write                                0x08007c29   Thumb Code    46  tcp_out.o(i.tcp_write)
    tcp_zero_window_probe                    0x08007c57   Thumb Code   144  tcp_out.o(i.tcp_zero_window_probe)
    time_add                                 0x08007ce9   Thumb Code   216  main.o(i.time_add)
    udp_bind                                 0x08007dc5   Thumb Code    86  udp.o(i.udp_bind)
    udp_input                                0x08007e21   Thumb Code   396  udp.o(i.udp_input)
    udp_sendto_if                            0x08007fb1   Thumb Code   176  udp.o(i.udp_sendto_if)
    ASCII16x24_Table                         0x08008108   Data        4560  stm324xg_eval_lcd.o(.constdata)
    ASCII12x12_Table                         0x080092d8   Data        2304  stm324xg_eval_lcd.o(.constdata)
    COM_TX_PIN                               0x08009bd8   Data           2  stm324xg_eval.o(.constdata)
    COM_RX_PIN                               0x08009bda   Data           2  stm324xg_eval.o(.constdata)
    COM_TX_PIN_SOURCE                        0x08009bdc   Data           2  stm324xg_eval.o(.constdata)
    COM_RX_PIN_SOURCE                        0x08009bde   Data           2  stm324xg_eval.o(.constdata)
    COM_TX_AF                                0x08009be0   Data           2  stm324xg_eval.o(.constdata)
    COM_RX_AF                                0x08009be2   Data           2  stm324xg_eval.o(.constdata)
    COM_USART_CLK                            0x08009be4   Data           4  stm324xg_eval.o(.constdata)
    COM_TX_PORT_CLK                          0x08009be8   Data           4  stm324xg_eval.o(.constdata)
    COM_RX_PORT_CLK                          0x08009bec   Data           4  stm324xg_eval.o(.constdata)
    BUTTON_PIN                               0x08009bf0   Data           6  stm324xg_eval.o(.constdata)
    BUTTON_EXTI_LINE                         0x08009bf6   Data           6  stm324xg_eval.o(.constdata)
    BUTTON_PORT_SOURCE                       0x08009bfc   Data           6  stm324xg_eval.o(.constdata)
    BUTTON_PIN_SOURCE                        0x08009c02   Data           6  stm324xg_eval.o(.constdata)
    BUTTON_IRQn                              0x08009c08   Data           6  stm324xg_eval.o(.constdata)
    GPIO_PIN                                 0x08009c0e   Data           8  stm324xg_eval.o(.constdata)
    GPIO_CLK                                 0x08009c18   Data          16  stm324xg_eval.o(.constdata)
    BUTTON_CLK                               0x08009c28   Data          12  stm324xg_eval.o(.constdata)
    tcp_persist_backoff                      0x08009c58   Data           7  tcp.o(.constdata)
    tcp_backoff                              0x08009c5f   Data          13  tcp.o(.constdata)
    ip_addr_any                              0x08009c6c   Data           4  ip_addr.o(.constdata)
    ip_addr_broadcast                        0x08009c70   Data           4  ip_addr.o(.constdata)
    ethbroadcast                             0x08009c74   Data           6  etharp.o(.constdata)
    ethzero                                  0x08009c7a   Data           6  etharp.o(.constdata)
    Region$$Table$$Base                      0x08009cf8   Number         0  anon$$obj.o(Region$$Table)
    Region$$Table$$Limit                     0x08009d18   Number         0  anon$$obj.o(Region$$Table)
    LCD_LINE_NUM                             0x20000000   Data           1  main.o(.data)
    BufferEmptyFlag                          0x20000001   Data           1  main.o(.data)
    overflow                                 0x20000002   Data           1  main.o(.data)
    welFlag                                  0x20000003   Data           1  main.o(.data)
    clockFlag                                0x20000004   Data           1  main.o(.data)
    LocalTime                                0x20000008   Data           4  main.o(.data)
    p                                        0x20000010   Data           4  main.o(.data)
    WCS_lineup_len                           0x20000014   Data           4  main.o(.data)
    WCS_first                                0x20000018   Data           4  main.o(.data)
    ch_return                                0x2000001c   Data         100  main.o(.data)
    TM_RTC_Status                            0x20000080   Data           4  tm_stm32f4_rtc.o(.data)
    RTC_TimeStruct                           0x20000084   Data           4  tm_stm32f4_rtc.o(.data)
    RTC_DateStruct                           0x20000088   Data           4  tm_stm32f4_rtc.o(.data)
    NVIC_InitStruct                          0x2000008c   Data           4  tm_stm32f4_rtc.o(.data)
    EXTI_InitStruct                          0x20000090   Data           8  tm_stm32f4_rtc.o(.data)
    TM_RTC_Months                            0x20000098   Data          24  tm_stm32f4_rtc.o(.data)
    TextColor                                0x200000b0   Data           2  stm324xg_eval_lcd.o(.data)
    BackColor                                0x200000b2   Data           2  stm324xg_eval_lcd.o(.data)
    Font16x24                                0x200000b8   Data           8  stm324xg_eval_lcd.o(.data)
    Font12x12                                0x200000c0   Data           8  stm324xg_eval_lcd.o(.data)
    linecoding                               0x200000cc   Data           8  usbd_cdc_vcp.o(.data)
    TCPTimer                                 0x200000d4   Data           4  netconf.o(.data)
    ARPTimer                                 0x200000d8   Data           4  netconf.o(.data)
    EthLinkStatus                            0x200000dc   Data           1  stm32f4x7_eth_bsp.o(.data)
    EthInitStatus                            0x200000e0   Data           4  stm32f4x7_eth_bsp.o(.data)
    COM_USART                                0x200000e4   Data           4  stm324xg_eval.o(.data)
    COM_TX_PORT                              0x200000e8   Data           4  stm324xg_eval.o(.data)
    COM_RX_PORT                              0x200000ec   Data           4  stm324xg_eval.o(.data)
    NVIC_InitStructure                       0x200000f0   Data           4  stm324xg_eval.o(.data)
    GPIO_PORT                                0x200000f4   Data          16  stm324xg_eval.o(.data)
    BUTTON_PORT                              0x20000104   Data          12  stm324xg_eval.o(.data)
    DMATxDescToSet                           0x20000120   Data           4  stm32f4x7_eth.o(.data)
    DMARxDescToGet                           0x20000124   Data           4  stm32f4x7_eth.o(.data)
    DMA_RX_FRAME_infos                       0x20000128   Data           4  stm32f4x7_eth.o(.data)
    USB_Tx_State                             0x2000012c   Data           1  usbd_cdc_core.o(.data)
    APP_Rx_ptr_in                            0x20000134   Data           4  usbd_cdc_core.o(.data)
    APP_Rx_ptr_out                           0x20000138   Data           4  usbd_cdc_core.o(.data)
    APP_Rx_length                            0x2000013c   Data           4  usbd_cdc_core.o(.data)
    CmdBuff                                  0x2000014c   Data           8  usbd_cdc_core.o(.data)
    usbd_cdc_CfgDesc                         0x20000154   Data          67  usbd_cdc_core.o(.data)
    usbd_cdc_OtherCfgDesc                    0x20000197   Data          67  usbd_cdc_core.o(.data)
    netif_list                               0x200001f4   Data           4  netif.o(.data)
    netif_default                            0x200001f8   Data           4  netif.o(.data)
    tcp_ticks                                0x20000208   Data           4  tcp.o(.data)
    tcp_bound_pcbs                           0x2000020c   Data           4  tcp.o(.data)
    tcp_listen_pcbs                          0x20000210   Data           4  tcp.o(.data)
    tcp_active_pcbs                          0x20000214   Data           4  tcp.o(.data)
    tcp_tw_pcbs                              0x20000218   Data           4  tcp.o(.data)
    tcp_tmp_pcb                              0x2000021c   Data           4  tcp.o(.data)
    tcp_state_str                            0x20000220   Data          44  tcp.o(.data)
    tcp_input_pcb                            0x20000264   Data           4  tcp_in.o(.data)
    udp_pcbs                                 0x20000268   Data           4  udp.o(.data)
    current_netif                            0x20000270   Data           4  ip.o(.data)
    current_header                           0x20000274   Data           4  ip.o(.data)
    __microlib_freelist                      0x20000284   Data           4  mvars.o(.data)
    __microlib_freelist_initialised          0x20000288   Data           4  mvars.o(.data)
    RxDataBuffer                             0x2000028c   Data         256  main.o(.bss)
    datatime                                 0x2000038c   Data          16  main.o(.bss)
    RTC_InitStruct                           0x2000039c   Data          12  tm_stm32f4_rtc.o(.bss)
    client_tpcb                              0x200003a8   Data         160  tcp_echoserver.o(.bss)
    mes                                      0x20000448   Data          12  tcp_echoserver.o(.bss)
    echo_payload                             0x20000454   Data         100  tcp_echoserver.o(.bss)
    netif                                    0x200004b8   Data          56  netconf.o(.bss)
    DMARxDscrTab                             0x200004f0   Data         160  stm32f4x7_eth.o(.bss)
    DMATxDscrTab                             0x20000590   Data         160  stm32f4x7_eth.o(.bss)
    Rx_Buff                                  0x20000630   Data        7620  stm32f4x7_eth.o(.bss)
    Tx_Buff                                  0x200023f4   Data        7620  stm32f4x7_eth.o(.bss)
    RX_Frame_Descriptor                      0x200041b8   Data          12  stm32f4x7_eth.o(.bss)
    USB_Rx_Buffer                            0x200041c4   Data         512  usbd_cdc_core.o(.bss)
    APP_Rx_Buffer                            0x200043c4   Data        2048  usbd_cdc_core.o(.bss)
    __heap_base                              0x2000c828   Data           0  startup_stm32f40xx.o(HEAP)
    __heap_limit                             0x2000ca28   Data           0  startup_stm32f40xx.o(HEAP)
    __initial_sp                             0x2000ce28   Data           0  startup_stm32f40xx.o(STACK)



==============================================================================

Memory Map of the image

  Image Entry point : 0x08000189

  Load Region LR_IROM1 (Base: 0x08000000, Size: 0x00009fa4, Max: 0x00100000, ABSOLUTE, COMPRESSED[0x00009dec])

    Execution Region ER_IROM1 (Base: 0x08000000, Size: 0x00009d18, Max: 0x00100000, ABSOLUTE)

    Base Addr    Size         Type   Attr      Idx    E Section Name        Object

    0x08000000   0x00000188   Data   RO         6791    RESET               startup_stm32f40xx.o
    0x08000188   0x00000000   Code   RO         8933  * .ARM.Collect$$$$00000000  mc_w.l(entry.o)
    0x08000188   0x00000004   Code   RO         9249    .ARM.Collect$$$$00000001  mc_w.l(entry2.o)
    0x0800018c   0x00000004   Code   RO         9252    .ARM.Collect$$$$00000004  mc_w.l(entry5.o)
    0x08000190   0x00000000   Code   RO         9254    .ARM.Collect$$$$00000008  mc_w.l(entry7b.o)
    0x08000190   0x00000000   Code   RO         9256    .ARM.Collect$$$$0000000A  mc_w.l(entry8b.o)
    0x08000190   0x00000008   Code   RO         9257    .ARM.Collect$$$$0000000B  mc_w.l(entry9a.o)
    0x08000198   0x00000000   Code   RO         9259    .ARM.Collect$$$$0000000D  mc_w.l(entry10a.o)
    0x08000198   0x00000000   Code   RO         9261    .ARM.Collect$$$$0000000F  mc_w.l(entry11a.o)
    0x08000198   0x00000004   Code   RO         9250    .ARM.Collect$$$$00002712  mc_w.l(entry2.o)
    0x0800019c   0x00000024   Code   RO         6792    .text               startup_stm32f40xx.o
    0x080001c0   0x00000024   Code   RO         8936    .text               mc_w.l(memcpya.o)
    0x080001e4   0x00000024   Code   RO         8938    .text               mc_w.l(memseta.o)
    0x08000208   0x00000018   Code   RO         8940    .text               mc_w.l(strcat.o)
    0x08000220   0x0000000e   Code   RO         8942    .text               mc_w.l(strlen.o)
    0x0800022e   0x0000001c   Code   RO         8944    .text               mc_w.l(strcmp.o)
    0x0800024a   0x0000001a   Code   RO         8946    .text               mc_w.l(memcmp.o)
    0x08000264   0x000000de   Code   RO         9239    .text               mf_w.l(ddiv.o)
    0x08000342   0x0000001a   Code   RO         9243    .text               mf_w.l(dfltui.o)
    0x0800035c   0x00000030   Code   RO         9247    .text               mf_w.l(cdrcmple.o)
    0x0800038c   0x0000002c   Code   RO         9264    .text               mc_w.l(uidiv.o)
    0x080003b8   0x00000062   Code   RO         9266    .text               mc_w.l(uldiv.o)
    0x0800041a   0x00000000   Code   RO         9270    .text               mc_w.l(iusefp.o)
    0x0800041a   0x000000ba   Code   RO         9271    .text               mf_w.l(depilogue.o)
    0x080004d4   0x0000014e   Code   RO         9273    .text               mf_w.l(dadd.o)
    0x08000622   0x000000e4   Code   RO         9275    .text               mf_w.l(dmul.o)
    0x08000706   0x00000030   Code   RO         9277    .text               mf_w.l(dfixul.o)
    0x08000736   0x00000002   PAD
    0x08000738   0x00000024   Code   RO         9279    .text               mc_w.l(init.o)
    0x0800075c   0x0000001e   Code   RO         9281    .text               mc_w.l(llshl.o)
    0x0800077a   0x00000020   Code   RO         9283    .text               mc_w.l(llushr.o)
    0x0800079a   0x00000024   Code   RO         9285    .text               mc_w.l(llsshr.o)
    0x080007be   0x00000056   Code   RO         9295    .text               mc_w.l(__dczerorl2.o)
    0x08000814   0x000000b0   Code   RO            4    i.BTinit            main.o
    0x080008c4   0x00000002   Code   RO          950    i.BusFault_Handler  stm32f4xx_it.o
    0x080008c6   0x00000002   PAD
    0x080008c8   0x00000044   Code   RO            5    i.Clockinit         main.o
    0x0800090c   0x00000002   Code   RO          951    i.DebugMon_Handler  stm32f4xx_it.o
    0x0800090e   0x00000002   PAD
    0x08000910   0x00000014   Code   RO            7    i.Delay             main.o
    0x08000924   0x00000098   Code   RO            8    i.DistanceSenser    main.o
    0x080009bc   0x00000048   Code   RO            9    i.DistanceSensorinit  main.o
    0x08000a04   0x00000078   Code   RO         1388    i.ETH_BSP_Config    stm32f4x7_eth_bsp.o
    0x08000a7c   0x00000064   Code   RO         6161    i.ETH_CheckFrameReceived  stm32f4x7_eth.o
    0x08000ae0   0x0000001c   Code   RO         6165    i.ETH_DMAReceptionCmd  stm32f4x7_eth.o
    0x08000afc   0x00000058   Code   RO         6166    i.ETH_DMARxDescChainInit  stm32f4x7_eth.o
    0x08000b54   0x0000001c   Code   RO         6168    i.ETH_DMATransmissionCmd  stm32f4x7_eth.o
    0x08000b70   0x00000048   Code   RO         6171    i.ETH_DMATxDescChainInit  stm32f4x7_eth.o
    0x08000bb8   0x00000008   Code   RO         6172    i.ETH_DMATxDescChecksumInsertionConfig  stm32f4x7_eth.o
    0x08000bc0   0x00000018   Code   RO         6177    i.ETH_DeInit        stm32f4x7_eth.o
    0x08000bd8   0x00000012   Code   RO         6178    i.ETH_Delay         stm32f4x7_eth.o
    0x08000bea   0x00000002   PAD
    0x08000bec   0x00000010   Code   RO         6180    i.ETH_FlushTransmitFIFO  stm32f4x7_eth.o
    0x08000bfc   0x00000160   Code   RO         1389    i.ETH_GPIO_Config   stm32f4x7_eth_bsp.o
    0x08000d5c   0x00000014   Code   RO         6206    i.ETH_GetSoftwareResetStatus  stm32f4x7_eth.o
    0x08000d70   0x00000030   Code   RO         6208    i.ETH_Get_Received_Frame  stm32f4x7_eth.o
    0x08000da0   0x00000240   Code   RO         6211    i.ETH_Init          stm32f4x7_eth.o
    0x08000fe0   0x0000001c   Code   RO         6213    i.ETH_MACAddressConfig  stm32f4x7_eth.o
    0x08000ffc   0x00000078   Code   RO         1390    i.ETH_MACDMA_Config  stm32f4x7_eth_bsp.o
    0x08001074   0x0000001c   Code   RO         6218    i.ETH_MACReceptionCmd  stm32f4x7_eth.o
    0x08001090   0x0000001c   Code   RO         6219    i.ETH_MACTransmissionCmd  stm32f4x7_eth.o
    0x080010ac   0x000000b0   Code   RO         6230    i.ETH_Prepare_Transmit_Descriptors  stm32f4x7_eth.o
    0x0800115c   0x00000058   Code   RO         6231    i.ETH_ReadPHYRegister  stm32f4x7_eth.o
    0x080011b4   0x00000010   Code   RO         6239    i.ETH_SoftwareReset  stm32f4x7_eth.o
    0x080011c4   0x00000022   Code   RO         6240    i.ETH_Start         stm32f4x7_eth.o
    0x080011e6   0x00000088   Code   RO         6241    i.ETH_StructInit    stm32f4x7_eth.o
    0x0800126e   0x00000002   PAD
    0x08001270   0x00000054   Code   RO         6243    i.ETH_WritePHYRegister  stm32f4x7_eth.o
    0x080012c4   0x00000036   Code   RO         1393    i.Eth_Link_PHYITConfig  stm32f4x7_eth_bsp.o
    0x080012fa   0x00000002   PAD
    0x080012fc   0x00000020   Code   RO         3364    i.FSMC_NORSRAMCmd   stm32f4xx_fsmc.o
    0x0800131c   0x000000c8   Code   RO         3366    i.FSMC_NORSRAMInit  stm32f4xx_fsmc.o
    0x080013e4   0x000000a2   Code   RO         3486    i.GPIO_Init         stm32f4xx_gpio.o
    0x08001486   0x00000020   Code   RO         3487    i.GPIO_PinAFConfig  stm32f4xx_gpio.o
    0x080014a6   0x0000000e   Code   RO         3490    i.GPIO_ReadInputDataBit  stm32f4xx_gpio.o
    0x080014b4   0x00000004   Code   RO         3493    i.GPIO_ResetBits    stm32f4xx_gpio.o
    0x080014b8   0x00000004   Code   RO         3494    i.GPIO_SetBits      stm32f4xx_gpio.o
    0x080014bc   0x00000002   Code   RO          952    i.HardFault_Handler  stm32f4xx_it.o
    0x080014be   0x00000026   Code   RO          587    i.LCD_Clear         stm324xg_eval_lcd.o
    0x080014e4   0x00000030   Code   RO          588    i.LCD_ClearLine     stm324xg_eval_lcd.o
    0x08001514   0x00000134   Code   RO          591    i.LCD_CtrlLinesConfig  stm324xg_eval_lcd.o
    0x08001648   0x00000020   Code   RO          593    i.LCD_DisplayChar   stm324xg_eval_lcd.o
    0x08001668   0x00000038   Code   RO          596    i.LCD_DisplayStringLine  stm324xg_eval_lcd.o
    0x080016a0   0x0000007c   Code   RO          597    i.LCD_DrawChar      stm324xg_eval_lcd.o
    0x0800171c   0x00000058   Code   RO          605    i.LCD_FSMCConfig    stm324xg_eval_lcd.o
    0x08001774   0x0000000c   Code   RO          608    i.LCD_GetFont       stm324xg_eval_lcd.o
    0x08001780   0x0000040c   Code   RO          609    i.LCD_Init          stm324xg_eval_lcd.o
    0x08001b8c   0x0000000a   Code   RO          615    i.LCD_ReadReg       stm324xg_eval_lcd.o
    0x08001b96   0x00000002   PAD
    0x08001b98   0x00000010   Code   RO          616    i.LCD_SetBackColor  stm324xg_eval_lcd.o
    0x08001ba8   0x00000018   Code   RO          618    i.LCD_SetCursor     stm324xg_eval_lcd.o
    0x08001bc0   0x0000000c   Code   RO          620    i.LCD_SetFont       stm324xg_eval_lcd.o
    0x08001bcc   0x00000010   Code   RO          621    i.LCD_SetTextColor  stm324xg_eval_lcd.o
    0x08001bdc   0x0000000a   Code   RO          626    i.LCD_WriteReg      stm324xg_eval_lcd.o
    0x08001be6   0x0000001e   Code   RO           13    i.LEDinit           main.o
    0x08001c04   0x000000c0   Code   RO         1325    i.LwIP_Init         netconf.o
    0x08001cc4   0x00000038   Code   RO         1326    i.LwIP_Periodic_Handle  netconf.o
    0x08001cfc   0x0000000c   Code   RO         1327    i.LwIP_Pkt_Handle   netconf.o
    0x08001d08   0x00000002   Code   RO          953    i.MemManage_Handler  stm32f4xx_it.o
    0x08001d0a   0x00000002   Code   RO          954    i.NMI_Handler       stm32f4xx_it.o
    0x08001d0c   0x0000000c   Code   RO         4055    i.PWR_BackupAccessCmd  stm32f4xx_pwr.o
    0x08001d18   0x00000002   Code   RO          955    i.PendSV_Handler    stm32f4xx_it.o
    0x08001d1a   0x00000002   PAD
    0x08001d1c   0x00000018   Code   RO         4169    i.RCC_AHB1PeriphClockCmd  stm32f4xx_rcc.o
    0x08001d34   0x00000018   Code   RO         4171    i.RCC_AHB1PeriphResetCmd  stm32f4xx_rcc.o
    0x08001d4c   0x00000018   Code   RO         4172    i.RCC_AHB2PeriphClockCmd  stm32f4xx_rcc.o
    0x08001d64   0x00000018   Code   RO         4175    i.RCC_AHB3PeriphClockCmd  stm32f4xx_rcc.o
    0x08001d7c   0x00000018   Code   RO         4178    i.RCC_APB1PeriphClockCmd  stm32f4xx_rcc.o
    0x08001d94   0x00000018   Code   RO         4180    i.RCC_APB1PeriphResetCmd  stm32f4xx_rcc.o
    0x08001dac   0x00000018   Code   RO         4181    i.RCC_APB2PeriphClockCmd  stm32f4xx_rcc.o
    0x08001dc4   0x00000018   Code   RO         4183    i.RCC_APB2PeriphResetCmd  stm32f4xx_rcc.o
    0x08001ddc   0x00000094   Code   RO         4190    i.RCC_GetClocksFreq  stm32f4xx_rcc.o
    0x08001e70   0x00000034   Code   RO         4191    i.RCC_GetFlagStatus  stm32f4xx_rcc.o
    0x08001ea4   0x0000001c   Code   RO         4199    i.RCC_LSEConfig     stm32f4xx_rcc.o
    0x08001ec0   0x0000000c   Code   RO         4200    i.RCC_LSICmd        stm32f4xx_rcc.o
    0x08001ecc   0x00000014   Code   RO         4202    i.RCC_MCO1Config    stm32f4xx_rcc.o
    0x08001ee0   0x0000000c   Code   RO         4212    i.RCC_RTCCLKCmd     stm32f4xx_rcc.o
    0x08001eec   0x00000030   Code   RO         4213    i.RCC_RTCCLKConfig  stm32f4xx_rcc.o
    0x08001f1c   0x0000001c   Code   RO         4503    i.RNG_Cmd           stm32f4xx_rng.o
    0x08001f38   0x0000003c   Code   RO          444    i.RTC_Alarm_IRQHandler  tm_stm32f4_rtc.o
    0x08001f74   0x00000012   Code   RO         4570    i.RTC_Bcd2ToByte    stm32f4xx_rtc.o
    0x08001f86   0x00000018   Code   RO         4572    i.RTC_ByteToBcd2    stm32f4xx_rtc.o
    0x08001f9e   0x00000002   PAD
    0x08001fa0   0x0000001c   Code   RO         4576    i.RTC_ClearITPendingBit  stm32f4xx_rtc.o
    0x08001fbc   0x0000003c   Code   RO         4582    i.RTC_EnterInitMode  stm32f4xx_rtc.o
    0x08001ff8   0x00000010   Code   RO         4583    i.RTC_ExitInitMode  stm32f4xx_rtc.o
    0x08002008   0x00000048   Code   RO         4586    i.RTC_GetDate       stm32f4xx_rtc.o
    0x08002050   0x00000038   Code   RO         4588    i.RTC_GetITStatus   stm32f4xx_rtc.o
    0x08002088   0x0000004c   Code   RO         4591    i.RTC_GetTime       stm32f4xx_rtc.o
    0x080020d4   0x00000050   Code   RO         4596    i.RTC_Init          stm32f4xx_rtc.o
    0x08002124   0x00000014   Code   RO         4599    i.RTC_ReadBackupRegister  stm32f4xx_rtc.o
    0x08002138   0x0000009c   Code   RO         4602    i.RTC_SetDate       stm32f4xx_rtc.o
    0x080021d4   0x000000a0   Code   RO         4603    i.RTC_SetTime       stm32f4xx_rtc.o
    0x08002274   0x00000028   Code   RO          445    i.RTC_WKUP_IRQHandler  tm_stm32f4_rtc.o
    0x0800229c   0x0000004c   Code   RO         4619    i.RTC_WaitForSynchro  stm32f4xx_rtc.o
    0x080022e8   0x00000014   Code   RO         4622    i.RTC_WriteBackupRegister  stm32f4xx_rtc.o
    0x080022fc   0x00000018   Code   RO         4623    i.RTC_WriteProtectionCmd  stm32f4xx_rtc.o
    0x08002314   0x00000048   Code   RO         1507    i.STM_EVAL_LEDInit  stm324xg_eval.o
    0x0800235c   0x00000018   Code   RO         1508    i.STM_EVAL_LEDOff   stm324xg_eval.o
    0x08002374   0x00000018   Code   RO         1509    i.STM_EVAL_LEDOn    stm324xg_eval.o
    0x0800238c   0x00000002   Code   RO          956    i.SVC_Handler       stm32f4xx_it.o
    0x0800238e   0x00000002   PAD
    0x08002390   0x0000000c   Code   RO         5293    i.SYSCFG_ETH_MediaInterfaceConfig  stm32f4xx_syscfg.o
    0x0800239c   0x000000b4   Code   RO         6685    i.SetSysClock       system_stm32f4xx.o
    0x08002450   0x0000000e   Code   RO          957    i.SysTick_Handler   stm32f4xx_it.o
    0x0800245e   0x00000002   PAD
    0x08002460   0x0000005c   Code   RO         6687    i.SystemInit        system_stm32f4xx.o
    0x080024bc   0x00000028   Code   RO           14    i.TIM2_IRQHandler   main.o
    0x080024e4   0x00000006   Code   RO         5360    i.TIM_ClearITPendingBit  stm32f4xx_tim.o
    0x080024ea   0x00000014   Code   RO         5365    i.TIM_Cmd           stm32f4xx_tim.o
    0x080024fe   0x00000002   PAD
    0x08002500   0x00000150   Code   RO         5370    i.TIM_DeInit        stm32f4xx_tim.o
    0x08002650   0x00000004   Code   RO         5384    i.TIM_GetCounter    stm32f4xx_tim.o
    0x08002654   0x00000018   Code   RO         5386    i.TIM_GetITStatus   stm32f4xx_tim.o
    0x0800266c   0x00000010   Code   RO         5390    i.TIM_ITConfig      stm32f4xx_tim.o
    0x0800267c   0x00000004   Code   RO         5431    i.TIM_SetCounter    stm32f4xx_tim.o
    0x08002680   0x0000007c   Code   RO         5437    i.TIM_TimeBaseInit  stm32f4xx_tim.o
    0x080026fc   0x00000002   Code   RO          446    i.TM_RTC_AlarmAHandler  tm_stm32f4_rtc.o
    0x080026fe   0x00000002   Code   RO          447    i.TM_RTC_AlarmBHandler  tm_stm32f4_rtc.o
    0x08002700   0x0000005c   Code   RO          448    i.TM_RTC_Config     tm_stm32f4_rtc.o
    0x0800275c   0x00000060   Code   RO          450    i.TM_RTC_GetDateTime  tm_stm32f4_rtc.o
    0x080027bc   0x000000d8   Code   RO          454    i.TM_RTC_GetUnixTimeStamp  tm_stm32f4_rtc.o
    0x08002894   0x000000b4   Code   RO          455    i.TM_RTC_Init       tm_stm32f4_rtc.o
    0x08002948   0x00000002   Code   RO          458    i.TM_RTC_RequestHandler  tm_stm32f4_rtc.o
    0x0800294a   0x00000002   PAD
    0x0800294c   0x000001e0   Code   RO          460    i.TM_RTC_SetDateTime  tm_stm32f4_rtc.o
    0x08002b2c   0x00000144   Code   RO          461    i.TM_RTC_SetDateTimeString  tm_stm32f4_rtc.o
    0x08002c70   0x00000010   Code   RO           15    i.Time_Update       main.o
    0x08002c80   0x00000014   Code   RO           16    i.TimingDelay_Decrement  main.o
    0x08002c94   0x0000004c   Code   RO           17    i.Timinit           main.o
    0x08002ce0   0x0000001c   Code   RO          958    i.USART1_IRQHandler  stm32f4xx_it.o
    0x08002cfc   0x00000004   Code   RO           18    i.USART2_IRQHandler  main.o
    0x08002d00   0x00000034   Code   RO         1120    i.USART3_IRQHandler  usbd_cdc_vcp.o
    0x08002d34   0x00000006   Code   RO         5902    i.USART_ClearFlag   stm32f4xx_usart.o
    0x08002d3a   0x00000014   Code   RO         5906    i.USART_Cmd         stm32f4xx_usart.o
    0x08002d4e   0x0000000e   Code   RO         5909    i.USART_GetFlagStatus  stm32f4xx_usart.o
    0x08002d5c   0x0000003e   Code   RO         5910    i.USART_GetITStatus  stm32f4xx_usart.o
    0x08002d9a   0x00000030   Code   RO         5912    i.USART_ITConfig    stm32f4xx_usart.o
    0x08002dca   0x00000002   PAD
    0x08002dcc   0x000000ac   Code   RO         5913    i.USART_Init        stm32f4xx_usart.o
    0x08002e78   0x00000008   Code   RO         5920    i.USART_ReceiveData  stm32f4xx_usart.o
    0x08002e80   0x00000008   Code   RO         5923    i.USART_SendData    stm32f4xx_usart.o
    0x08002e88   0x00000002   Code   RO          959    i.UsageFault_Handler  stm32f4xx_it.o
    0x08002e8a   0x00000002   PAD
    0x08002e8c   0x0000004c   Code   RO         1124    i.VCP_DataTx        usbd_cdc_vcp.o
    0x08002ed8   0x00000028   Code   RO           20    i.WCS_Exist         main.o
    0x08002f00   0x00000028   Code   RO           21    i.WCS_Finished      main.o
    0x08002f28   0x000000dc   Code   RO           22    i.WCS_Lineup_func   main.o
    0x08003004   0x00000068   Code   RO           23    i.WCS_Update_func   main.o
    0x0800306c   0x000000ec   Code   RO           24    i.WCS_auth          main.o
    0x08003158   0x00000028   Code   RO         9185    i.__0sprintf        mc_w.l(printfa.o)
    0x08003180   0x0000001a   Code   RO           25    i.__NVIC_EnableIRQ  main.o
    0x0800319a   0x0000000e   Code   RO         9289    i.__scatterload_copy  mc_w.l(handlers.o)
    0x080031a8   0x00000002   Code   RO         9290    i.__scatterload_null  mc_w.l(handlers.o)
    0x080031aa   0x0000000e   Code   RO         9291    i.__scatterload_zeroinit  mc_w.l(handlers.o)
    0x080031b8   0x00000164   Code   RO         9190    i._fp_digits        mc_w.l(printfa.o)
    0x0800331c   0x000006dc   Code   RO         9191    i._printf_core      mc_w.l(printfa.o)
    0x080039f8   0x00000024   Code   RO         9192    i._printf_post_padding  mc_w.l(printfa.o)
    0x08003a1c   0x0000002e   Code   RO         9193    i._printf_pre_padding  mc_w.l(printfa.o)
    0x08003a4a   0x0000000a   Code   RO         9195    i._sputc            mc_w.l(printfa.o)
    0x08003a54   0x00000028   Code   RO         8504    i.autoip_arp_announce  autoip.o
    0x08003a7c   0x0000009e   Code   RO         8505    i.autoip_arp_reply  autoip.o
    0x08003b1a   0x00000002   PAD
    0x08003b1c   0x00000098   Code   RO         8508    i.autoip_start      autoip.o
    0x08003bb4   0x00000044   Code   RO         8509    i.autoip_start_probing  autoip.o
    0x08003bf8   0x0000001c   Code   RO          628    i.delay             stm324xg_eval_lcd.o
    0x08003c14   0x0000001e   Code   RO         7562    i.dhcp_arp_reply    dhcp.o
    0x08003c32   0x00000002   PAD
    0x08003c34   0x00000104   Code   RO         7566    i.dhcp_create_request  dhcp.o
    0x08003d38   0x00000084   Code   RO         7567    i.dhcp_decline      dhcp.o
    0x08003dbc   0x0000001c   Code   RO         7568    i.dhcp_delete_request  dhcp.o
    0x08003dd8   0x00000020   Code   RO         7577    i.dhcp_option       dhcp.o
    0x08003df8   0x00000010   Code   RO         7578    i.dhcp_option_byte  dhcp.o
    0x08003e08   0x00000042   Code   RO         7579    i.dhcp_option_long  dhcp.o
    0x08003e4a   0x00000030   Code   RO         7581    i.dhcp_option_trailer  dhcp.o
    0x08003e7a   0x0000000e   Code   RO         7588    i.dhcp_set_state    dhcp.o
    0x08003e88   0x00000100   Code   RO         8785    i.etharp_arp_input  etharp.o
    0x08003f88   0x0000002c   Code   RO         8787    i.etharp_ip_input   etharp.o
    0x08003fb4   0x000000b8   Code   RO         8788    i.etharp_output     etharp.o
    0x0800406c   0x00000100   Code   RO         8789    i.etharp_query      etharp.o
    0x0800416c   0x000000b8   Code   RO         8790    i.etharp_raw        etharp.o
    0x08004224   0x00000024   Code   RO         8791    i.etharp_request    etharp.o
    0x08004248   0x00000036   Code   RO         8792    i.etharp_send_ip    etharp.o
    0x0800427e   0x00000002   PAD
    0x08004280   0x00000054   Code   RO         8793    i.etharp_tmr        etharp.o
    0x080042d4   0x00000054   Code   RO         8794    i.ethernet_input    etharp.o
    0x08004328   0x00000028   Code   RO         8890    i.ethernetif_init   ethernetif.o
    0x08004350   0x00000026   Code   RO         8891    i.ethernetif_input  ethernetif.o
    0x08004376   0x00000002   PAD
    0x08004378   0x00000150   Code   RO         8795    i.find_entry        etharp.o
    0x080044c8   0x00000050   Code   RO         9211    i.free              mc_w.l(malloc.o)
    0x08004518   0x0000001e   Code   RO         8796    i.free_etharp_q     etharp.o
    0x08004536   0x00000002   PAD
    0x08004538   0x00000040   Code   RO           26    i.getUartData       main.o
    0x08004578   0x00000004   Code   RO         8591    i.htonl             inet.o
    0x0800457c   0x00000004   Code   RO         8592    i.htons             inet.o
    0x08004580   0x00000008   Code   RO         8556    i.icmp_dest_unreach  icmp.o
    0x08004588   0x00000114   Code   RO         8557    i.icmp_input        icmp.o
    0x0800469c   0x00000066   Code   RO         8558    i.icmp_send_response  icmp.o
    0x08004702   0x00000008   Code   RO         8559    i.icmp_time_exceeded  icmp.o
    0x0800470a   0x0000001a   Code   RO           27    i.if_time_more_than  main.o
    0x08004724   0x0000000c   Code   RO         8640    i.inet_chksum       inet_chksum.o
    0x08004730   0x00000048   Code   RO         8641    i.inet_chksum_pbuf  inet_chksum.o
    0x08004778   0x00000030   Code   RO         8715    i.ip_addr_isbroadcast  ip_addr.o
    0x080047a8   0x0000012c   Code   RO         8738    i.ip_frag           ip_frag.o
    0x080048d4   0x0000018c   Code   RO         8676    i.ip_input          ip.o
    0x08004a60   0x00000034   Code   RO         8677    i.ip_output         ip.o
    0x08004a94   0x000000cc   Code   RO         8678    i.ip_output_if      ip.o
    0x08004b60   0x0000019c   Code   RO         8739    i.ip_reass          ip_frag.o
    0x08004cfc   0x000000f0   Code   RO         8740    i.ip_reass_chain_frag_into_datagram_and_validate  ip_frag.o
    0x08004dec   0x00000024   Code   RO         8741    i.ip_reass_dequeue_datagram  ip_frag.o
    0x08004e10   0x00000070   Code   RO         8742    i.ip_reass_free_complete_datagram  ip_frag.o
    0x08004e80   0x0000006c   Code   RO         8743    i.ip_reass_remove_oldest_datagram  ip_frag.o
    0x08004eec   0x00000048   Code   RO         8679    i.ip_route          ip.o
    0x08004f34   0x00000074   Code   RO           28    i.isCommand         main.o
    0x08004fa8   0x00000080   Code   RO         8892    i.low_level_init    ethernetif.o
    0x08005028   0x00000080   Code   RO         8893    i.low_level_input   ethernetif.o
    0x080050a8   0x00000030   Code   RO         8894    i.low_level_output  ethernetif.o
    0x080050d8   0x0000003e   Code   RO         8643    i.lwip_standard_chksum  inet_chksum.o
    0x08005116   0x00000002   PAD
    0x08005118   0x00000174   Code   RO           29    i.main              main.o
    0x0800528c   0x0000006c   Code   RO         9212    i.malloc            mc_w.l(malloc.o)
    0x080052f8   0x0000002c   Code   RO         7792    i.mem_free          mem.o
    0x08005324   0x00000034   Code   RO         7793    i.mem_init          mem.o
    0x08005358   0x000000a8   Code   RO         7794    i.mem_malloc        mem.o
    0x08005400   0x000000c4   Code   RO         7795    i.mem_realloc       mem.o
    0x080054c4   0x00000018   Code   RO         7835    i.memp_free         memp.o
    0x080054dc   0x00000058   Code   RO         7836    i.memp_init         memp.o
    0x08005534   0x00000020   Code   RO         7837    i.memp_malloc       memp.o
    0x08005554   0x00000028   Code   RO           30    i.monthGetDate      main.o
    0x0800557c   0x0000004c   Code   RO         7874    i.netif_add         netif.o
    0x080055c8   0x0000000a   Code   RO         7876    i.netif_is_up       netif.o
    0x080055d2   0x00000020   Code   RO         7878    i.netif_set_addr    netif.o
    0x080055f2   0x00000002   PAD
    0x080055f4   0x0000000c   Code   RO         7879    i.netif_set_default  netif.o
    0x08005600   0x00000012   Code   RO         7880    i.netif_set_down    netif.o
    0x08005612   0x00000008   Code   RO         7881    i.netif_set_gw      netif.o
    0x0800561a   0x00000002   PAD
    0x0800561c   0x00000068   Code   RO         7882    i.netif_set_ipaddr  netif.o
    0x08005684   0x00000008   Code   RO         7883    i.netif_set_netmask  netif.o
    0x0800568c   0x0000001c   Code   RO         7884    i.netif_set_up      netif.o
    0x080056a8   0x00000004   Code   RO         8596    i.ntohl             inet.o
    0x080056ac   0x00000004   Code   RO         8597    i.ntohs             inet.o
    0x080056b0   0x00000110   Code   RO         7953    i.pbuf_alloc        pbuf.o
    0x080057c0   0x00000028   Code   RO         7954    i.pbuf_cat          pbuf.o
    0x080057e8   0x00000012   Code   RO         7955    i.pbuf_chain        pbuf.o
    0x080057fa   0x00000012   Code   RO         7956    i.pbuf_clen         pbuf.o
    0x0800580c   0x00000090   Code   RO         7958    i.pbuf_copy         pbuf.o
    0x0800589c   0x00000068   Code   RO         7959    i.pbuf_copy_partial  pbuf.o
    0x08005904   0x00000044   Code   RO         7961    i.pbuf_free         pbuf.o
    0x08005948   0x00000060   Code   RO         7962    i.pbuf_header       pbuf.o
    0x080059a8   0x0000004e   Code   RO         7963    i.pbuf_realloc      pbuf.o
    0x080059f6   0x0000000c   Code   RO         7964    i.pbuf_ref          pbuf.o
    0x08005a02   0x00000002   PAD
    0x08005a04   0x00000054   Code   RO         7796    i.plug_holes        mem.o
    0x08005a58   0x00000068   Code   RO         8042    i.raw_input         raw.o
    0x08005ac0   0x00000120   Code   RO           32    i.runCommand        main.o
    0x08005be0   0x0000002c   Code   RO           33    i.setTime           main.o
    0x08005c0c   0x00000094   Code   RO         8108    i.tcp_abandon       tcp.o
    0x08005ca0   0x00000004   Code   RO         8109    i.tcp_accept        tcp.o
    0x08005ca4   0x00000006   Code   RO         8110    i.tcp_accept_null   tcp.o
    0x08005caa   0x00000002   PAD
    0x08005cac   0x00000108   Code   RO         8111    i.tcp_alloc         tcp.o
    0x08005db4   0x00000004   Code   RO         8112    i.tcp_arg           tcp.o
    0x08005db8   0x000000bc   Code   RO         8113    i.tcp_bind          tcp.o
    0x08005e74   0x0000009c   Code   RO         8114    i.tcp_close         tcp.o
    0x08005f10   0x0000005c   Code   RO          862    i.tcp_echoserver_accept  tcp_echoserver.o
    0x08005f6c   0x00000040   Code   RO          863    i.tcp_echoserver_connection_close  tcp_echoserver.o
    0x08005fac   0x0000000a   Code   RO          864    i.tcp_echoserver_error  tcp_echoserver.o
    0x08005fb6   0x00000002   PAD
    0x08005fb8   0x00000048   Code   RO          865    i.tcp_echoserver_init  tcp_echoserver.o
    0x08006000   0x00000032   Code   RO          866    i.tcp_echoserver_poll  tcp_echoserver.o
    0x08006032   0x00000002   PAD
    0x08006034   0x000001d0   Code   RO          867    i.tcp_echoserver_recv  tcp_echoserver.o
    0x08006204   0x0000004c   Code   RO          868    i.tcp_echoserver_send  tcp_echoserver.o
    0x08006250   0x00000022   Code   RO          869    i.tcp_echoserver_sent  tcp_echoserver.o
    0x08006272   0x00000020   Code   RO         8117    i.tcp_eff_send_mss  tcp.o
    0x08006292   0x00000002   PAD
    0x08006294   0x0000033e   Code   RO         8339    i.tcp_enqueue       tcp_out.o
    0x080065d2   0x00000006   Code   RO         8118    i.tcp_err           tcp.o
    0x080065d8   0x0000005c   Code   RO         8119    i.tcp_fasttmr       tcp.o
    0x08006634   0x000002f0   Code   RO         8291    i.tcp_input         tcp_in.o
    0x08006924   0x00000046   Code   RO         8340    i.tcp_keepalive     tcp_out.o
    0x0800696a   0x00000002   PAD
    0x0800696c   0x000000e8   Code   RO         8292    i.tcp_listen_input  tcp_in.o
    0x08006a54   0x00000080   Code   RO         8120    i.tcp_listen_with_backlog  tcp.o
    0x08006ad4   0x00000006   Code   RO         8121    i.tcp_new           tcp.o
    0x08006ada   0x00000002   PAD
    0x08006adc   0x00000060   Code   RO         8122    i.tcp_new_port      tcp.o
    0x08006b3c   0x00000010   Code   RO         8123    i.tcp_next_iss      tcp.o
    0x08006b4c   0x000001ac   Code   RO         8341    i.tcp_output        tcp_out.o
    0x08006cf8   0x000000b0   Code   RO         8342    i.tcp_output_segment  tcp_out.o
    0x08006da8   0x0000007c   Code   RO         8343    i.tcp_output_set_header  tcp_out.o
    0x08006e24   0x00000080   Code   RO         8293    i.tcp_parseopt      tcp_in.o
    0x08006ea4   0x00000030   Code   RO         8124    i.tcp_pcb_purge     tcp.o
    0x08006ed4   0x0000005c   Code   RO         8125    i.tcp_pcb_remove    tcp.o
    0x08006f30   0x0000000a   Code   RO         8126    i.tcp_poll          tcp.o
    0x08006f3a   0x00000002   PAD
    0x08006f3c   0x00000340   Code   RO         8294    i.tcp_process       tcp_in.o
    0x0800727c   0x0000043a   Code   RO         8295    i.tcp_receive       tcp_in.o
    0x080076b6   0x00000006   Code   RO         8127    i.tcp_recv          tcp.o
    0x080076bc   0x00000024   Code   RO         8128    i.tcp_recv_null     tcp.o
    0x080076e0   0x0000003c   Code   RO         8129    i.tcp_recved        tcp.o
    0x0800771c   0x0000004a   Code   RO         8344    i.tcp_rexmit        tcp_out.o
    0x08007766   0x0000005c   Code   RO         8345    i.tcp_rexmit_fast   tcp_out.o
    0x080077c2   0x0000002e   Code   RO         8346    i.tcp_rexmit_rto    tcp_out.o
    0x080077f0   0x0000009c   Code   RO         8347    i.tcp_rst           tcp_out.o
    0x0800788c   0x00000020   Code   RO         8130    i.tcp_seg_free      tcp.o
    0x080078ac   0x0000001a   Code   RO         8131    i.tcp_segs_free     tcp.o
    0x080078c6   0x00000016   Code   RO         8348    i.tcp_send_ctrl     tcp_out.o
    0x080078dc   0x00000056   Code   RO         8349    i.tcp_send_empty_ack  tcp_out.o
    0x08007932   0x00000006   Code   RO         8132    i.tcp_sent          tcp.o
    0x08007938   0x00000004   Code   RO         8133    i.tcp_setprio       tcp.o
    0x0800793c   0x0000022c   Code   RO         8134    i.tcp_slowtmr       tcp.o
    0x08007b68   0x0000006c   Code   RO         8296    i.tcp_timewait_input  tcp_in.o
    0x08007bd4   0x00000020   Code   RO         8135    i.tcp_tmr           tcp.o
    0x08007bf4   0x00000034   Code   RO         8136    i.tcp_update_rcv_ann_wnd  tcp.o
    0x08007c28   0x0000002e   Code   RO         8350    i.tcp_write         tcp_out.o
    0x08007c56   0x00000090   Code   RO         8351    i.tcp_zero_window_probe  tcp_out.o
    0x08007ce6   0x00000002   PAD
    0x08007ce8   0x000000dc   Code   RO           34    i.time_add          main.o
    0x08007dc4   0x0000005c   Code   RO         8421    i.udp_bind          udp.o
    0x08007e20   0x00000190   Code   RO         8424    i.udp_input         udp.o
    0x08007fb0   0x000000b0   Code   RO         8430    i.udp_sendto_if     udp.o
    0x08008060   0x000000a8   Code   RO         8797    i.update_arp_entry  etharp.o
    0x08008108   0x000011d0   Data   RO          629    .constdata          stm324xg_eval_lcd.o
    0x080092d8   0x00000900   Data   RO          630    .constdata          stm324xg_eval_lcd.o
    0x08009bd8   0x0000005c   Data   RO         1517    .constdata          stm324xg_eval.o
    0x08009c34   0x00000024   Data   RO         7839    .constdata          memp.o
    0x08009c58   0x00000014   Data   RO         8137    .constdata          tcp.o
    0x08009c6c   0x00000004   Data   RO         8716    .constdata          ip_addr.o
    0x08009c70   0x00000004   Data   RO         8717    .constdata          ip_addr.o
    0x08009c74   0x0000000c   Data   RO         8799    .constdata          etharp.o
    0x08009c80   0x00000075   Data   RO         8138    .conststring        tcp.o
    0x08009cf5   0x00000003   PAD
    0x08009cf8   0x00000020   Data   RO         9287    Region$$Table       anon$$obj.o


    Execution Region RW_IRAM1 (Base: 0x20000000, Size: 0x0000ce28, Max: 0x00020000, ABSOLUTE, COMPRESSED[0x000000d4])

    Base Addr    Size         Type   Attr      Idx    E Section Name        Object

    0x20000000   0x00000080   Data   RW           37    .data               main.o
    0x20000080   0x00000030   Data   RW          464    .data               tm_stm32f4_rtc.o
    0x200000b0   0x00000010   Data   RW          633    .data               stm324xg_eval_lcd.o
    0x200000c0   0x00000008   Data   RW          634    .data               stm324xg_eval_lcd.o
    0x200000c8   0x00000004   Data   RW          871    .data               tcp_echoserver.o
    0x200000cc   0x00000008   Data   RW         1128    .data               usbd_cdc_vcp.o
    0x200000d4   0x00000008   Data   RW         1329    .data               netconf.o
    0x200000dc   0x00000008   Data   RW         1394    .data               stm32f4x7_eth_bsp.o
    0x200000e4   0x0000002c   Data   RW         1518    .data               stm324xg_eval.o
    0x20000110   0x00000010   Data   RW         4221    .data               stm32f4xx_rcc.o
    0x20000120   0x0000000c   Data   RW         6249    .data               stm32f4x7_eth.o
    0x2000012c   0x000000ae   Data   RW         7052    .data               usbd_cdc_core.o
    0x200001da   0x00000002   PAD
    0x200001dc   0x00000004   Data   RW         7593    .data               dhcp.o
    0x200001e0   0x00000010   Data   RW         7798    .data               mem.o
    0x200001f0   0x0000000c   Data   RW         7885    .data               netif.o
    0x200001fc   0x00000004   Data   RW         8048    .data               raw.o
    0x20000200   0x0000004c   Data   RW         8139    .data               tcp.o
    0x2000024c   0x0000001c   Data   RW         8298    .data               tcp_in.o
    0x20000268   0x00000004   Data   RW         8431    .data               udp.o
    0x2000026c   0x0000000c   Data   RW         8680    .data               ip.o
    0x20000278   0x00000008   Data   RW         8746    .data               ip_frag.o
    0x20000280   0x00000001   Data   RW         8800    .data               etharp.o
    0x20000281   0x00000003   PAD
    0x20000284   0x00000004   Data   RW         9268    .data               mc_w.l(mvars.o)
    0x20000288   0x00000004   Data   RW         9269    .data               mc_w.l(mvars.o)
    0x2000028c   0x00000110   Zero   RW           35    .bss                main.o
    0x2000039c   0x0000000c   Zero   RW          463    .bss                tm_stm32f4_rtc.o
    0x200003a8   0x00000110   Zero   RW          870    .bss                tcp_echoserver.o
    0x200004b8   0x00000038   Zero   RW         1328    .bss                netconf.o
    0x200004f0   0x000000a0   Zero   RW         6244    .bss                stm32f4x7_eth.o
    0x20000590   0x000000a0   Zero   RW         6245    .bss                stm32f4x7_eth.o
    0x20000630   0x00001dc4   Zero   RW         6246    .bss                stm32f4x7_eth.o
    0x200023f4   0x00001dc4   Zero   RW         6247    .bss                stm32f4x7_eth.o
    0x200041b8   0x0000000c   Zero   RW         6248    .bss                stm32f4x7_eth.o
    0x200041c4   0x00000a00   Zero   RW         7051    .bss                usbd_cdc_core.o
    0x20004bc4   0x00002814   Zero   RW         7797    .bss                mem.o
    0x200073d8   0x00004d8f   Zero   RW         7838    .bss                memp.o
    0x2000c167   0x00000001   PAD
    0x2000c168   0x00000014   Zero   RW         8297    .bss                tcp_in.o
    0x2000c17c   0x000005e0   Zero   RW         8745    .bss                ip_frag.o
    0x2000c75c   0x000000c8   Zero   RW         8798    .bss                etharp.o
    0x2000c824   0x00000004   PAD
    0x2000c828   0x00000200   Zero   RW         6790    HEAP                startup_stm32f40xx.o
    0x2000ca28   0x00000400   Zero   RW         6789    STACK               startup_stm32f40xx.o


==============================================================================

Image component sizes


      Code (inc. data)   RO Data    RW Data    ZI Data      Debug   Object Name

       418         20          0          0          0       4822   autoip.o
       626         12          0          4          0      12667   dhcp.o
      1716         46         12          1        200      15189   etharp.o
       382         38          0          0          0       5338   ethernetif.o
       394          0          0          0          0       4030   icmp.o
        16          0          0          0          0       3412   inet.o
       146          0          0          0          0       6081   inet_chksum.o
         0          0          0          0          0       2091   init.o
       724         24          0         12          0       7896   ip.o
        48          0          8          0          0       5969   ip_addr.o
      1208         32          0          8       1504       8109   ip_frag.o
      2510        490          0        128        272     428511   main.o
       544         28          0         16      10260       5597   mem.o
       144         20         36          0      19855       4346   memp.o
       260         68          0          8         56      10354   netconf.o
       296         18          0         12          0       8826   netif.o
       850          0          0          0          0       9549   pbuf.o
       104          4          0          4          0       1912   raw.o
        36          8        392          0       1536        980   startup_stm32f40xx.o
       120         26         92         44          0       4062   stm324xg_eval.o
      1858         66       6864         24          0      14737   stm324xg_eval_lcd.o
      1644        158          0         12      15572      17198   stm32f4x7_eth.o
       646         74          0          8          0       3314   stm32f4x7_eth_bsp.o
       232          6          0          0          0       2241   stm32f4xx_fsmc.o
       216          0          0          0          0       4211   stm32f4xx_gpio.o
        58          4          0          0          0      23364   stm32f4xx_it.o
        12          6          0          0          0        638   stm32f4xx_pwr.o
       512        100          0         16          0      13021   stm32f4xx_rcc.o
        28          6          0          0          0        634   stm32f4xx_rng.o
       886         86          0          0          0      12357   stm32f4xx_rtc.o
        12          4          0          0          0        686   stm32f4xx_syscfg.o
       534         80          0          0          0       7716   stm32f4xx_tim.o
       338          8          0          0          0       7075   stm32f4xx_usart.o
       272         36          0          0          0       1693   system_stm32f4xx.o
      2106         86        137         76          0      29720   tcp.o
       862         84          0          4        272       7679   tcp_echoserver.o
      3134         84          0         28         20      15816   tcp_in.o
      2294         12          0          0          0      13482   tcp_out.o
      1494         48          0         48         12      11831   tm_stm32f4_rtc.o
       668         10          0          4          0      13301   udp.o
         0          0          0        174       2560       3468   usbd_cdc_core.o
       128         20          0          8          0       2516   usbd_cdc_vcp.o

    ----------------------------------------------------------------------
     28538       1812       7576        644      52124     756439   Object Totals
         0          0         32          0          0          0   (incl. Generated)
        62          0          3          5          5          0   (incl. Padding)

    ----------------------------------------------------------------------

      Code (inc. data)   RO Data    RW Data    ZI Data      Debug   Library Member Name

        86          0          0          0          0          0   __dczerorl2.o
         0          0          0          0          0          0   entry.o
         0          0          0          0          0          0   entry10a.o
         0          0          0          0          0          0   entry11a.o
         8          4          0          0          0          0   entry2.o
         4          0          0          0          0          0   entry5.o
         0          0          0          0          0          0   entry7b.o
         0          0          0          0          0          0   entry8b.o
         8          4          0          0          0          0   entry9a.o
        30          0          0          0          0          0   handlers.o
        36          8          0          0          0         68   init.o
         0          0          0          0          0          0   iusefp.o
        30          0          0          0          0         68   llshl.o
        36          0          0          0          0         68   llsshr.o
        32          0          0          0          0         68   llushr.o
       188         20          0          0          0        160   malloc.o
        26          0          0          0          0         80   memcmp.o
        36          0          0          0          0         68   memcpya.o
        36          0          0          0          0        108   memseta.o
         0          0          0          8          0          0   mvars.o
      2244         86          0          0          0        512   printfa.o
        24          0          0          0          0         68   strcat.o
        28          0          0          0          0         76   strcmp.o
        14          0          0          0          0         68   strlen.o
        44          0          0          0          0         80   uidiv.o
        98          0          0          0          0         92   uldiv.o
        48          0          0          0          0         68   cdrcmple.o
       334          0          0          0          0        148   dadd.o
       222          0          0          0          0        100   ddiv.o
       186          0          0          0          0        176   depilogue.o
        48          0          0          0          0         68   dfixul.o
        26          0          0          0          0         76   dfltui.o
       228          0          0          0          0         96   dmul.o

    ----------------------------------------------------------------------
      4102        122          0          8          0       2316   Library Totals
         2          0          0          0          0          0   (incl. Padding)

    ----------------------------------------------------------------------

      Code (inc. data)   RO Data    RW Data    ZI Data      Debug   Library Name

      3008        122          0          8          0       1584   mc_w.l
      1092          0          0          0          0        732   mf_w.l

    ----------------------------------------------------------------------
      4102        122          0          8          0       2316   Library Totals

    ----------------------------------------------------------------------

==============================================================================


      Code (inc. data)   RO Data    RW Data    ZI Data      Debug   

     32640       1934       7576        652      52124     729691   Grand Totals
     32640       1934       7576        212      52124     729691   ELF Image Totals (compressed)
     32640       1934       7576        212          0          0   ROM Totals

==============================================================================

    Total RO  Size (Code + RO Data)                40216 (  39.27kB)
    Total RW  Size (RW Data + ZI Data)             52776 (  51.54kB)
    Total ROM Size (Code + RO Data + RW Data)      40428 (  39.48kB)

==============================================================================

