<!doctype html public "-//w3c//dtd html 4.0 transitional//en">
<html><head>
<title>Static Call Graph - [.\STM32F4_EVB\SmartDorm_Main.axf]</title></head>
<body><HR>
<H1>Static Call Graph for image .\STM32F4_EVB\SmartDorm_Main.axf</H1><HR>
<BR><P>#&#060CALLGRAPH&#062# ARM Linker, 5060183: Last Updated: Tue Oct 18 11:40:25 2016
<BR><P>
<H3>Maximum Stack Usage =        596 bytes + Unknown(Cycles, Untraceable Function Pointers)</H3><H3>
Call chain for Maximum Stack Depth:</H3>
main &rArr; LwIP_Init &rArr; netif_add &rArr; netif_set_addr &rArr; netif_set_ipaddr &rArr; tcp_abandon &rArr; tcp_pcb_remove &rArr; tcp_output &rArr; tcp_output_segment &rArr; ip_output &rArr; ip_output_if &rArr; ip_frag &rArr; pbuf_alloc &rArr; pbuf_free &rArr; mem_free &rArr; plug_holes
<P>
<H3>
Mutually Recursive functions
</H3> <LI><a href="#[31]">ADC_IRQHandler</a>&nbsp;&nbsp;&nbsp;&rArr;&nbsp;&nbsp;&nbsp;<a href="#[31]">ADC_IRQHandler</a><BR>
 <LI><a href="#[121]">VCP_COMConfig</a>&nbsp;&nbsp;&nbsp;&rArr;&nbsp;&nbsp;&nbsp;<a href="#[121]">VCP_COMConfig</a><BR>
</UL>
<P>
<H3>
Function Pointers
</H3><UL>
 <LI><a href="#[31]">ADC_IRQHandler</a> from startup_stm32f40xx.o(.text) referenced from startup_stm32f40xx.o(RESET)
 <LI><a href="#[19]">BusFault_Handler</a> from stm32f4xx_it.o(i.BusFault_Handler) referenced from startup_stm32f40xx.o(RESET)
 <LI><a href="#[33]">CAN1_RX0_IRQHandler</a> from startup_stm32f40xx.o(.text) referenced from startup_stm32f40xx.o(RESET)
 <LI><a href="#[34]">CAN1_RX1_IRQHandler</a> from startup_stm32f40xx.o(.text) referenced from startup_stm32f40xx.o(RESET)
 <LI><a href="#[35]">CAN1_SCE_IRQHandler</a> from startup_stm32f40xx.o(.text) referenced from startup_stm32f40xx.o(RESET)
 <LI><a href="#[32]">CAN1_TX_IRQHandler</a> from startup_stm32f40xx.o(.text) referenced from startup_stm32f40xx.o(RESET)
 <LI><a href="#[5f]">CAN2_RX0_IRQHandler</a> from startup_stm32f40xx.o(.text) referenced from startup_stm32f40xx.o(RESET)
 <LI><a href="#[60]">CAN2_RX1_IRQHandler</a> from startup_stm32f40xx.o(.text) referenced from startup_stm32f40xx.o(RESET)
 <LI><a href="#[61]">CAN2_SCE_IRQHandler</a> from startup_stm32f40xx.o(.text) referenced from startup_stm32f40xx.o(RESET)
 <LI><a href="#[5e]">CAN2_TX_IRQHandler</a> from startup_stm32f40xx.o(.text) referenced from startup_stm32f40xx.o(RESET)
 <LI><a href="#[6e]">CRYP_IRQHandler</a> from startup_stm32f40xx.o(.text) referenced from startup_stm32f40xx.o(RESET)
 <LI><a href="#[6d]">DCMI_IRQHandler</a> from startup_stm32f40xx.o(.text) referenced from startup_stm32f40xx.o(RESET)
 <LI><a href="#[2a]">DMA1_Stream0_IRQHandler</a> from startup_stm32f40xx.o(.text) referenced from startup_stm32f40xx.o(RESET)
 <LI><a href="#[2b]">DMA1_Stream1_IRQHandler</a> from startup_stm32f40xx.o(.text) referenced from startup_stm32f40xx.o(RESET)
 <LI><a href="#[2c]">DMA1_Stream2_IRQHandler</a> from startup_stm32f40xx.o(.text) referenced from startup_stm32f40xx.o(RESET)
 <LI><a href="#[2d]">DMA1_Stream3_IRQHandler</a> from startup_stm32f40xx.o(.text) referenced from startup_stm32f40xx.o(RESET)
 <LI><a href="#[2e]">DMA1_Stream4_IRQHandler</a> from startup_stm32f40xx.o(.text) referenced from startup_stm32f40xx.o(RESET)
 <LI><a href="#[2f]">DMA1_Stream5_IRQHandler</a> from startup_stm32f40xx.o(.text) referenced from startup_stm32f40xx.o(RESET)
 <LI><a href="#[30]">DMA1_Stream6_IRQHandler</a> from startup_stm32f40xx.o(.text) referenced from startup_stm32f40xx.o(RESET)
 <LI><a href="#[4e]">DMA1_Stream7_IRQHandler</a> from startup_stm32f40xx.o(.text) referenced from startup_stm32f40xx.o(RESET)
 <LI><a href="#[57]">DMA2_Stream0_IRQHandler</a> from startup_stm32f40xx.o(.text) referenced from startup_stm32f40xx.o(RESET)
 <LI><a href="#[58]">DMA2_Stream1_IRQHandler</a> from startup_stm32f40xx.o(.text) referenced from startup_stm32f40xx.o(RESET)
 <LI><a href="#[59]">DMA2_Stream2_IRQHandler</a> from startup_stm32f40xx.o(.text) referenced from startup_stm32f40xx.o(RESET)
 <LI><a href="#[5a]">DMA2_Stream3_IRQHandler</a> from startup_stm32f40xx.o(.text) referenced from startup_stm32f40xx.o(RESET)
 <LI><a href="#[5b]">DMA2_Stream4_IRQHandler</a> from startup_stm32f40xx.o(.text) referenced from startup_stm32f40xx.o(RESET)
 <LI><a href="#[63]">DMA2_Stream5_IRQHandler</a> from startup_stm32f40xx.o(.text) referenced from startup_stm32f40xx.o(RESET)
 <LI><a href="#[64]">DMA2_Stream6_IRQHandler</a> from startup_stm32f40xx.o(.text) referenced from startup_stm32f40xx.o(RESET)
 <LI><a href="#[65]">DMA2_Stream7_IRQHandler</a> from startup_stm32f40xx.o(.text) referenced from startup_stm32f40xx.o(RESET)
 <LI><a href="#[1c]">DebugMon_Handler</a> from stm32f4xx_it.o(i.DebugMon_Handler) referenced from startup_stm32f40xx.o(RESET)
 <LI><a href="#[5c]">ETH_IRQHandler</a> from startup_stm32f40xx.o(.text) referenced from startup_stm32f40xx.o(RESET)
 <LI><a href="#[5d]">ETH_WKUP_IRQHandler</a> from startup_stm32f40xx.o(.text) referenced from startup_stm32f40xx.o(RESET)
 <LI><a href="#[25]">EXTI0_IRQHandler</a> from startup_stm32f40xx.o(.text) referenced from startup_stm32f40xx.o(RESET)
 <LI><a href="#[47]">EXTI15_10_IRQHandler</a> from startup_stm32f40xx.o(.text) referenced from startup_stm32f40xx.o(RESET)
 <LI><a href="#[26]">EXTI1_IRQHandler</a> from startup_stm32f40xx.o(.text) referenced from startup_stm32f40xx.o(RESET)
 <LI><a href="#[27]">EXTI2_IRQHandler</a> from startup_stm32f40xx.o(.text) referenced from startup_stm32f40xx.o(RESET)
 <LI><a href="#[28]">EXTI3_IRQHandler</a> from startup_stm32f40xx.o(.text) referenced from startup_stm32f40xx.o(RESET)
 <LI><a href="#[29]">EXTI4_IRQHandler</a> from startup_stm32f40xx.o(.text) referenced from startup_stm32f40xx.o(RESET)
 <LI><a href="#[36]">EXTI9_5_IRQHandler</a> from startup_stm32f40xx.o(.text) referenced from startup_stm32f40xx.o(RESET)
 <LI><a href="#[23]">FLASH_IRQHandler</a> from startup_stm32f40xx.o(.text) referenced from startup_stm32f40xx.o(RESET)
 <LI><a href="#[70]">FPU_IRQHandler</a> from startup_stm32f40xx.o(.text) referenced from startup_stm32f40xx.o(RESET)
 <LI><a href="#[4f]">FSMC_IRQHandler</a> from startup_stm32f40xx.o(.text) referenced from startup_stm32f40xx.o(RESET)
 <LI><a href="#[6f]">HASH_RNG_IRQHandler</a> from startup_stm32f40xx.o(.text) referenced from startup_stm32f40xx.o(RESET)
 <LI><a href="#[17]">HardFault_Handler</a> from stm32f4xx_it.o(i.HardFault_Handler) referenced from startup_stm32f40xx.o(RESET)
 <LI><a href="#[3f]">I2C1_ER_IRQHandler</a> from startup_stm32f40xx.o(.text) referenced from startup_stm32f40xx.o(RESET)
 <LI><a href="#[3e]">I2C1_EV_IRQHandler</a> from startup_stm32f40xx.o(.text) referenced from startup_stm32f40xx.o(RESET)
 <LI><a href="#[41]">I2C2_ER_IRQHandler</a> from startup_stm32f40xx.o(.text) referenced from startup_stm32f40xx.o(RESET)
 <LI><a href="#[40]">I2C2_EV_IRQHandler</a> from startup_stm32f40xx.o(.text) referenced from startup_stm32f40xx.o(RESET)
 <LI><a href="#[68]">I2C3_ER_IRQHandler</a> from startup_stm32f40xx.o(.text) referenced from startup_stm32f40xx.o(RESET)
 <LI><a href="#[67]">I2C3_EV_IRQHandler</a> from startup_stm32f40xx.o(.text) referenced from startup_stm32f40xx.o(RESET)
 <LI><a href="#[18]">MemManage_Handler</a> from stm32f4xx_it.o(i.MemManage_Handler) referenced from startup_stm32f40xx.o(RESET)
 <LI><a href="#[16]">NMI_Handler</a> from stm32f4xx_it.o(i.NMI_Handler) referenced from startup_stm32f40xx.o(RESET)
 <LI><a href="#[62]">OTG_FS_IRQHandler</a> from startup_stm32f40xx.o(.text) referenced from startup_stm32f40xx.o(RESET)
 <LI><a href="#[49]">OTG_FS_WKUP_IRQHandler</a> from startup_stm32f40xx.o(.text) referenced from startup_stm32f40xx.o(RESET)
 <LI><a href="#[6a]">OTG_HS_EP1_IN_IRQHandler</a> from startup_stm32f40xx.o(.text) referenced from startup_stm32f40xx.o(RESET)
 <LI><a href="#[69]">OTG_HS_EP1_OUT_IRQHandler</a> from startup_stm32f40xx.o(.text) referenced from startup_stm32f40xx.o(RESET)
 <LI><a href="#[6c]">OTG_HS_IRQHandler</a> from startup_stm32f40xx.o(.text) referenced from startup_stm32f40xx.o(RESET)
 <LI><a href="#[6b]">OTG_HS_WKUP_IRQHandler</a> from startup_stm32f40xx.o(.text) referenced from startup_stm32f40xx.o(RESET)
 <LI><a href="#[20]">PVD_IRQHandler</a> from startup_stm32f40xx.o(.text) referenced from startup_stm32f40xx.o(RESET)
 <LI><a href="#[1d]">PendSV_Handler</a> from stm32f4xx_it.o(i.PendSV_Handler) referenced from startup_stm32f40xx.o(RESET)
 <LI><a href="#[24]">RCC_IRQHandler</a> from startup_stm32f40xx.o(.text) referenced from startup_stm32f40xx.o(RESET)
 <LI><a href="#[48]">RTC_Alarm_IRQHandler</a> from tm_stm32f4_rtc.o(i.RTC_Alarm_IRQHandler) referenced from startup_stm32f40xx.o(RESET)
 <LI><a href="#[22]">RTC_WKUP_IRQHandler</a> from tm_stm32f4_rtc.o(i.RTC_WKUP_IRQHandler) referenced from startup_stm32f40xx.o(RESET)
 <LI><a href="#[15]">Reset_Handler</a> from startup_stm32f40xx.o(.text) referenced from startup_stm32f40xx.o(RESET)
 <LI><a href="#[50]">SDIO_IRQHandler</a> from startup_stm32f40xx.o(.text) referenced from startup_stm32f40xx.o(RESET)
 <LI><a href="#[42]">SPI1_IRQHandler</a> from startup_stm32f40xx.o(.text) referenced from startup_stm32f40xx.o(RESET)
 <LI><a href="#[43]">SPI2_IRQHandler</a> from startup_stm32f40xx.o(.text) referenced from startup_stm32f40xx.o(RESET)
 <LI><a href="#[52]">SPI3_IRQHandler</a> from startup_stm32f40xx.o(.text) referenced from startup_stm32f40xx.o(RESET)
 <LI><a href="#[1b]">SVC_Handler</a> from stm32f4xx_it.o(i.SVC_Handler) referenced from startup_stm32f40xx.o(RESET)
 <LI><a href="#[1e]">SysTick_Handler</a> from stm32f4xx_it.o(i.SysTick_Handler) referenced from startup_stm32f40xx.o(RESET)
 <LI><a href="#[72]">SystemInit</a> from system_stm32f4xx_1.o(i.SystemInit) referenced from startup_stm32f40xx.o(.text)
 <LI><a href="#[21]">TAMP_STAMP_IRQHandler</a> from startup_stm32f40xx.o(.text) referenced from startup_stm32f40xx.o(RESET)
 <LI><a href="#[37]">TIM1_BRK_TIM9_IRQHandler</a> from startup_stm32f40xx.o(.text) referenced from startup_stm32f40xx.o(RESET)
 <LI><a href="#[3a]">TIM1_CC_IRQHandler</a> from startup_stm32f40xx.o(.text) referenced from startup_stm32f40xx.o(RESET)
 <LI><a href="#[39]">TIM1_TRG_COM_TIM11_IRQHandler</a> from startup_stm32f40xx.o(.text) referenced from startup_stm32f40xx.o(RESET)
 <LI><a href="#[38]">TIM1_UP_TIM10_IRQHandler</a> from startup_stm32f40xx.o(.text) referenced from startup_stm32f40xx.o(RESET)
 <LI><a href="#[3b]">TIM2_IRQHandler</a> from main.o(i.TIM2_IRQHandler) referenced from startup_stm32f40xx.o(RESET)
 <LI><a href="#[3c]">TIM3_IRQHandler</a> from startup_stm32f40xx.o(.text) referenced from startup_stm32f40xx.o(RESET)
 <LI><a href="#[3d]">TIM4_IRQHandler</a> from startup_stm32f40xx.o(.text) referenced from startup_stm32f40xx.o(RESET)
 <LI><a href="#[51]">TIM5_IRQHandler</a> from startup_stm32f40xx.o(.text) referenced from startup_stm32f40xx.o(RESET)
 <LI><a href="#[55]">TIM6_DAC_IRQHandler</a> from startup_stm32f40xx.o(.text) referenced from startup_stm32f40xx.o(RESET)
 <LI><a href="#[56]">TIM7_IRQHandler</a> from startup_stm32f40xx.o(.text) referenced from startup_stm32f40xx.o(RESET)
 <LI><a href="#[4a]">TIM8_BRK_TIM12_IRQHandler</a> from startup_stm32f40xx.o(.text) referenced from startup_stm32f40xx.o(RESET)
 <LI><a href="#[4d]">TIM8_CC_IRQHandler</a> from startup_stm32f40xx.o(.text) referenced from startup_stm32f40xx.o(RESET)
 <LI><a href="#[4c]">TIM8_TRG_COM_TIM14_IRQHandler</a> from startup_stm32f40xx.o(.text) referenced from startup_stm32f40xx.o(RESET)
 <LI><a href="#[4b]">TIM8_UP_TIM13_IRQHandler</a> from startup_stm32f40xx.o(.text) referenced from startup_stm32f40xx.o(RESET)
 <LI><a href="#[53]">UART4_IRQHandler</a> from startup_stm32f40xx.o(.text) referenced from startup_stm32f40xx.o(RESET)
 <LI><a href="#[54]">UART5_IRQHandler</a> from startup_stm32f40xx.o(.text) referenced from startup_stm32f40xx.o(RESET)
 <LI><a href="#[44]">USART1_IRQHandler</a> from stm32f4xx_it.o(i.USART1_IRQHandler) referenced from startup_stm32f40xx.o(RESET)
 <LI><a href="#[45]">USART2_IRQHandler</a> from main.o(i.USART2_IRQHandler) referenced from startup_stm32f40xx.o(RESET)
 <LI><a href="#[46]">USART3_IRQHandler</a> from usbd_cdc_vcp.o(i.USART3_IRQHandler) referenced from startup_stm32f40xx.o(RESET)
 <LI><a href="#[66]">USART6_IRQHandler</a> from startup_stm32f40xx.o(.text) referenced from startup_stm32f40xx.o(RESET)
 <LI><a href="#[a]">USBD_USR_ConfigStrDescriptor</a> from usbd_desc.o(i.USBD_USR_ConfigStrDescriptor) referenced 2 times from usbd_desc.o(.data)
 <LI><a href="#[5]">USBD_USR_DeviceDescriptor</a> from usbd_desc.o(i.USBD_USR_DeviceDescriptor) referenced 2 times from usbd_desc.o(.data)
 <LI><a href="#[b]">USBD_USR_InterfaceStrDescriptor</a> from usbd_desc.o(i.USBD_USR_InterfaceStrDescriptor) referenced 2 times from usbd_desc.o(.data)
 <LI><a href="#[6]">USBD_USR_LangIDStrDescriptor</a> from usbd_desc.o(i.USBD_USR_LangIDStrDescriptor) referenced 2 times from usbd_desc.o(.data)
 <LI><a href="#[7]">USBD_USR_ManufacturerStrDescriptor</a> from usbd_desc.o(i.USBD_USR_ManufacturerStrDescriptor) referenced 2 times from usbd_desc.o(.data)
 <LI><a href="#[8]">USBD_USR_ProductStrDescriptor</a> from usbd_desc.o(i.USBD_USR_ProductStrDescriptor) referenced 2 times from usbd_desc.o(.data)
 <LI><a href="#[9]">USBD_USR_SerialStrDescriptor</a> from usbd_desc.o(i.USBD_USR_SerialStrDescriptor) referenced 2 times from usbd_desc.o(.data)
 <LI><a href="#[13]">USBD_cdc_GetCfgDesc</a> from usbd_cdc_core.o(i.USBD_cdc_GetCfgDesc) referenced 2 times from usbd_cdc_core.o(.data)
 <LI><a href="#[14]">USBD_cdc_GetOtherCfgDesc</a> from usbd_cdc_core.o(i.USBD_cdc_GetOtherCfgDesc) referenced 2 times from usbd_cdc_core.o(.data)
 <LI><a href="#[1a]">UsageFault_Handler</a> from stm32f4xx_it.o(i.UsageFault_Handler) referenced from startup_stm32f40xx.o(RESET)
 <LI><a href="#[2]">VCP_Ctrl</a> from usbd_cdc_vcp.o(i.VCP_Ctrl) referenced 2 times from usbd_cdc_vcp.o(.data)
 <LI><a href="#[4]">VCP_DataRx</a> from usbd_cdc_vcp.o(i.VCP_DataRx) referenced 2 times from usbd_cdc_vcp.o(.data)
 <LI><a href="#[3]">VCP_DataTx</a> from usbd_cdc_vcp.o(i.VCP_DataTx) referenced 2 times from usbd_cdc_vcp.o(.data)
 <LI><a href="#[1]">VCP_DeInit</a> from usbd_cdc_vcp.o(i.VCP_DeInit) referenced 2 times from usbd_cdc_vcp.o(.data)
 <LI><a href="#[0]">VCP_Init</a> from usbd_cdc_vcp.o(i.VCP_Init) referenced 2 times from usbd_cdc_vcp.o(.data)
 <LI><a href="#[1f]">WWDG_IRQHandler</a> from startup_stm32f40xx.o(.text) referenced from startup_stm32f40xx.o(RESET)
 <LI><a href="#[73]">__main</a> from entry.o(.ARM.Collect$$$$00000000) referenced from startup_stm32f40xx.o(.text)
 <LI><a href="#[76]">_sputc</a> from printfa.o(i._sputc) referenced from printfa.o(i.__0sprintf)
 <LI><a href="#[77]">etharp_output</a> from etharp.o(i.etharp_output) referenced from ethernetif.o(i.ethernetif_init)
 <LI><a href="#[74]">ethernet_input</a> from etharp.o(i.ethernet_input) referenced from netconf.o(i.LwIP_Init)
 <LI><a href="#[75]">ethernetif_init</a> from ethernetif.o(i.ethernetif_init) referenced from netconf.o(i.LwIP_Init)
 <LI><a href="#[78]">low_level_output</a> from ethernetif.o(i.low_level_output) referenced from ethernetif.o(i.ethernetif_init)
 <LI><a href="#[71]">main</a> from main.o(i.main) referenced from entry9a.o(.ARM.Collect$$$$0000000B)
 <LI><a href="#[7f]">tcp_accept_null</a> from tcp.o(i.tcp_accept_null) referenced from tcp.o(i.tcp_listen_with_backlog)
 <LI><a href="#[7d]">tcp_echoserver_accept</a> from tcp_echoserver.o(i.tcp_echoserver_accept) referenced from tcp_echoserver.o(i.tcp_echoserver_init)
 <LI><a href="#[7b]">tcp_echoserver_error</a> from tcp_echoserver.o(i.tcp_echoserver_error) referenced from tcp_echoserver.o(i.tcp_echoserver_accept)
 <LI><a href="#[7c]">tcp_echoserver_poll</a> from tcp_echoserver.o(i.tcp_echoserver_poll) referenced from tcp_echoserver.o(i.tcp_echoserver_accept)
 <LI><a href="#[7a]">tcp_echoserver_recv</a> from tcp_echoserver.o(i.tcp_echoserver_recv) referenced from tcp_echoserver.o(i.tcp_echoserver_accept)
 <LI><a href="#[7e]">tcp_echoserver_sent</a> from tcp_echoserver.o(i.tcp_echoserver_sent) referenced from tcp_echoserver.o(i.tcp_echoserver_recv)
 <LI><a href="#[79]">tcp_recv_null</a> from tcp.o(i.tcp_recv_null) referenced from tcp.o(i.tcp_alloc)
 <LI><a href="#[10]">usbd_cdc_DataIn</a> from usbd_cdc_core.o(i.usbd_cdc_DataIn) referenced 2 times from usbd_cdc_core.o(.data)
 <LI><a href="#[11]">usbd_cdc_DataOut</a> from usbd_cdc_core.o(i.usbd_cdc_DataOut) referenced 2 times from usbd_cdc_core.o(.data)
 <LI><a href="#[d]">usbd_cdc_DeInit</a> from usbd_cdc_core.o(i.usbd_cdc_DeInit) referenced 2 times from usbd_cdc_core.o(.data)
 <LI><a href="#[f]">usbd_cdc_EP0_RxReady</a> from usbd_cdc_core.o(i.usbd_cdc_EP0_RxReady) referenced 2 times from usbd_cdc_core.o(.data)
 <LI><a href="#[c]">usbd_cdc_Init</a> from usbd_cdc_core.o(i.usbd_cdc_Init) referenced 2 times from usbd_cdc_core.o(.data)
 <LI><a href="#[12]">usbd_cdc_SOF</a> from usbd_cdc_core.o(i.usbd_cdc_SOF) referenced 2 times from usbd_cdc_core.o(.data)
 <LI><a href="#[e]">usbd_cdc_Setup</a> from usbd_cdc_core.o(i.usbd_cdc_Setup) referenced 2 times from usbd_cdc_core.o(.data)
</UL>
<P>
<H3>
Global Symbols
</H3>
<P><STRONG><a name="[73]"></a>__main</STRONG> (Thumb, 0 bytes, Stack size unknown bytes, entry.o(.ARM.Collect$$$$00000000))
<BR>[Address Reference Count : 1]<UL><LI> startup_stm32f40xx.o(.text)
</UL>
<P><STRONG><a name="[1ba]"></a>_main_stk</STRONG> (Thumb, 0 bytes, Stack size unknown bytes, entry2.o(.ARM.Collect$$$$00000001))

<P><STRONG><a name="[80]"></a>_main_scatterload</STRONG> (Thumb, 0 bytes, Stack size unknown bytes, entry5.o(.ARM.Collect$$$$00000004))
<BR><BR>[Calls]<UL><LI><a href="#[81]">&gt;&gt;</a>&nbsp;&nbsp;&nbsp;__scatterload
</UL>

<P><STRONG><a name="[92]"></a>__main_after_scatterload</STRONG> (Thumb, 0 bytes, Stack size unknown bytes, entry5.o(.ARM.Collect$$$$00000004))
<BR><BR>[Called By]<UL><LI><a href="#[81]">&gt;&gt;</a>&nbsp;&nbsp;&nbsp;__scatterload
</UL>

<P><STRONG><a name="[1bb]"></a>_main_clock</STRONG> (Thumb, 0 bytes, Stack size unknown bytes, entry7b.o(.ARM.Collect$$$$00000008))

<P><STRONG><a name="[1bc]"></a>_main_cpp_init</STRONG> (Thumb, 0 bytes, Stack size unknown bytes, entry8b.o(.ARM.Collect$$$$0000000A))

<P><STRONG><a name="[1bd]"></a>_main_init</STRONG> (Thumb, 0 bytes, Stack size unknown bytes, entry9a.o(.ARM.Collect$$$$0000000B))

<P><STRONG><a name="[1be]"></a>__rt_final_cpp</STRONG> (Thumb, 0 bytes, Stack size unknown bytes, entry10a.o(.ARM.Collect$$$$0000000D))

<P><STRONG><a name="[1bf]"></a>__rt_final_exit</STRONG> (Thumb, 0 bytes, Stack size unknown bytes, entry11a.o(.ARM.Collect$$$$0000000F))

<P><STRONG><a name="[15]"></a>Reset_Handler</STRONG> (Thumb, 8 bytes, Stack size 0 bytes, startup_stm32f40xx.o(.text))
<BR>[Address Reference Count : 1]<UL><LI> startup_stm32f40xx.o(RESET)
</UL>
<P><STRONG><a name="[31]"></a>ADC_IRQHandler</STRONG> (Thumb, 0 bytes, Stack size 0 bytes, startup_stm32f40xx.o(.text))
<BR><BR>[Calls]<UL><LI><a href="#[31]">&gt;&gt;</a>&nbsp;&nbsp;&nbsp;ADC_IRQHandler
</UL>
<BR>[Called By]<UL><LI><a href="#[31]">&gt;&gt;</a>&nbsp;&nbsp;&nbsp;ADC_IRQHandler
</UL>
<BR>[Address Reference Count : 1]<UL><LI> startup_stm32f40xx.o(RESET)
</UL>
<P><STRONG><a name="[33]"></a>CAN1_RX0_IRQHandler</STRONG> (Thumb, 0 bytes, Stack size 0 bytes, startup_stm32f40xx.o(.text))
<BR>[Address Reference Count : 1]<UL><LI> startup_stm32f40xx.o(RESET)
</UL>
<P><STRONG><a name="[34]"></a>CAN1_RX1_IRQHandler</STRONG> (Thumb, 0 bytes, Stack size 0 bytes, startup_stm32f40xx.o(.text))
<BR>[Address Reference Count : 1]<UL><LI> startup_stm32f40xx.o(RESET)
</UL>
<P><STRONG><a name="[35]"></a>CAN1_SCE_IRQHandler</STRONG> (Thumb, 0 bytes, Stack size 0 bytes, startup_stm32f40xx.o(.text))
<BR>[Address Reference Count : 1]<UL><LI> startup_stm32f40xx.o(RESET)
</UL>
<P><STRONG><a name="[32]"></a>CAN1_TX_IRQHandler</STRONG> (Thumb, 0 bytes, Stack size 0 bytes, startup_stm32f40xx.o(.text))
<BR>[Address Reference Count : 1]<UL><LI> startup_stm32f40xx.o(RESET)
</UL>
<P><STRONG><a name="[5f]"></a>CAN2_RX0_IRQHandler</STRONG> (Thumb, 0 bytes, Stack size 0 bytes, startup_stm32f40xx.o(.text))
<BR>[Address Reference Count : 1]<UL><LI> startup_stm32f40xx.o(RESET)
</UL>
<P><STRONG><a name="[60]"></a>CAN2_RX1_IRQHandler</STRONG> (Thumb, 0 bytes, Stack size 0 bytes, startup_stm32f40xx.o(.text))
<BR>[Address Reference Count : 1]<UL><LI> startup_stm32f40xx.o(RESET)
</UL>
<P><STRONG><a name="[61]"></a>CAN2_SCE_IRQHandler</STRONG> (Thumb, 0 bytes, Stack size 0 bytes, startup_stm32f40xx.o(.text))
<BR>[Address Reference Count : 1]<UL><LI> startup_stm32f40xx.o(RESET)
</UL>
<P><STRONG><a name="[5e]"></a>CAN2_TX_IRQHandler</STRONG> (Thumb, 0 bytes, Stack size 0 bytes, startup_stm32f40xx.o(.text))
<BR>[Address Reference Count : 1]<UL><LI> startup_stm32f40xx.o(RESET)
</UL>
<P><STRONG><a name="[6e]"></a>CRYP_IRQHandler</STRONG> (Thumb, 0 bytes, Stack size 0 bytes, startup_stm32f40xx.o(.text))
<BR>[Address Reference Count : 1]<UL><LI> startup_stm32f40xx.o(RESET)
</UL>
<P><STRONG><a name="[6d]"></a>DCMI_IRQHandler</STRONG> (Thumb, 0 bytes, Stack size 0 bytes, startup_stm32f40xx.o(.text))
<BR>[Address Reference Count : 1]<UL><LI> startup_stm32f40xx.o(RESET)
</UL>
<P><STRONG><a name="[2a]"></a>DMA1_Stream0_IRQHandler</STRONG> (Thumb, 0 bytes, Stack size 0 bytes, startup_stm32f40xx.o(.text))
<BR>[Address Reference Count : 1]<UL><LI> startup_stm32f40xx.o(RESET)
</UL>
<P><STRONG><a name="[2b]"></a>DMA1_Stream1_IRQHandler</STRONG> (Thumb, 0 bytes, Stack size 0 bytes, startup_stm32f40xx.o(.text))
<BR>[Address Reference Count : 1]<UL><LI> startup_stm32f40xx.o(RESET)
</UL>
<P><STRONG><a name="[2c]"></a>DMA1_Stream2_IRQHandler</STRONG> (Thumb, 0 bytes, Stack size 0 bytes, startup_stm32f40xx.o(.text))
<BR>[Address Reference Count : 1]<UL><LI> startup_stm32f40xx.o(RESET)
</UL>
<P><STRONG><a name="[2d]"></a>DMA1_Stream3_IRQHandler</STRONG> (Thumb, 0 bytes, Stack size 0 bytes, startup_stm32f40xx.o(.text))
<BR>[Address Reference Count : 1]<UL><LI> startup_stm32f40xx.o(RESET)
</UL>
<P><STRONG><a name="[2e]"></a>DMA1_Stream4_IRQHandler</STRONG> (Thumb, 0 bytes, Stack size 0 bytes, startup_stm32f40xx.o(.text))
<BR>[Address Reference Count : 1]<UL><LI> startup_stm32f40xx.o(RESET)
</UL>
<P><STRONG><a name="[2f]"></a>DMA1_Stream5_IRQHandler</STRONG> (Thumb, 0 bytes, Stack size 0 bytes, startup_stm32f40xx.o(.text))
<BR>[Address Reference Count : 1]<UL><LI> startup_stm32f40xx.o(RESET)
</UL>
<P><STRONG><a name="[30]"></a>DMA1_Stream6_IRQHandler</STRONG> (Thumb, 0 bytes, Stack size 0 bytes, startup_stm32f40xx.o(.text))
<BR>[Address Reference Count : 1]<UL><LI> startup_stm32f40xx.o(RESET)
</UL>
<P><STRONG><a name="[4e]"></a>DMA1_Stream7_IRQHandler</STRONG> (Thumb, 0 bytes, Stack size 0 bytes, startup_stm32f40xx.o(.text))
<BR>[Address Reference Count : 1]<UL><LI> startup_stm32f40xx.o(RESET)
</UL>
<P><STRONG><a name="[57]"></a>DMA2_Stream0_IRQHandler</STRONG> (Thumb, 0 bytes, Stack size 0 bytes, startup_stm32f40xx.o(.text))
<BR>[Address Reference Count : 1]<UL><LI> startup_stm32f40xx.o(RESET)
</UL>
<P><STRONG><a name="[58]"></a>DMA2_Stream1_IRQHandler</STRONG> (Thumb, 0 bytes, Stack size 0 bytes, startup_stm32f40xx.o(.text))
<BR>[Address Reference Count : 1]<UL><LI> startup_stm32f40xx.o(RESET)
</UL>
<P><STRONG><a name="[59]"></a>DMA2_Stream2_IRQHandler</STRONG> (Thumb, 0 bytes, Stack size 0 bytes, startup_stm32f40xx.o(.text))
<BR>[Address Reference Count : 1]<UL><LI> startup_stm32f40xx.o(RESET)
</UL>
<P><STRONG><a name="[5a]"></a>DMA2_Stream3_IRQHandler</STRONG> (Thumb, 0 bytes, Stack size 0 bytes, startup_stm32f40xx.o(.text))
<BR>[Address Reference Count : 1]<UL><LI> startup_stm32f40xx.o(RESET)
</UL>
<P><STRONG><a name="[5b]"></a>DMA2_Stream4_IRQHandler</STRONG> (Thumb, 0 bytes, Stack size 0 bytes, startup_stm32f40xx.o(.text))
<BR>[Address Reference Count : 1]<UL><LI> startup_stm32f40xx.o(RESET)
</UL>
<P><STRONG><a name="[63]"></a>DMA2_Stream5_IRQHandler</STRONG> (Thumb, 0 bytes, Stack size 0 bytes, startup_stm32f40xx.o(.text))
<BR>[Address Reference Count : 1]<UL><LI> startup_stm32f40xx.o(RESET)
</UL>
<P><STRONG><a name="[64]"></a>DMA2_Stream6_IRQHandler</STRONG> (Thumb, 0 bytes, Stack size 0 bytes, startup_stm32f40xx.o(.text))
<BR>[Address Reference Count : 1]<UL><LI> startup_stm32f40xx.o(RESET)
</UL>
<P><STRONG><a name="[65]"></a>DMA2_Stream7_IRQHandler</STRONG> (Thumb, 0 bytes, Stack size 0 bytes, startup_stm32f40xx.o(.text))
<BR>[Address Reference Count : 1]<UL><LI> startup_stm32f40xx.o(RESET)
</UL>
<P><STRONG><a name="[5c]"></a>ETH_IRQHandler</STRONG> (Thumb, 0 bytes, Stack size 0 bytes, startup_stm32f40xx.o(.text))
<BR>[Address Reference Count : 1]<UL><LI> startup_stm32f40xx.o(RESET)
</UL>
<P><STRONG><a name="[5d]"></a>ETH_WKUP_IRQHandler</STRONG> (Thumb, 0 bytes, Stack size 0 bytes, startup_stm32f40xx.o(.text))
<BR>[Address Reference Count : 1]<UL><LI> startup_stm32f40xx.o(RESET)
</UL>
<P><STRONG><a name="[25]"></a>EXTI0_IRQHandler</STRONG> (Thumb, 0 bytes, Stack size 0 bytes, startup_stm32f40xx.o(.text))
<BR>[Address Reference Count : 1]<UL><LI> startup_stm32f40xx.o(RESET)
</UL>
<P><STRONG><a name="[47]"></a>EXTI15_10_IRQHandler</STRONG> (Thumb, 0 bytes, Stack size 0 bytes, startup_stm32f40xx.o(.text))
<BR>[Address Reference Count : 1]<UL><LI> startup_stm32f40xx.o(RESET)
</UL>
<P><STRONG><a name="[26]"></a>EXTI1_IRQHandler</STRONG> (Thumb, 0 bytes, Stack size 0 bytes, startup_stm32f40xx.o(.text))
<BR>[Address Reference Count : 1]<UL><LI> startup_stm32f40xx.o(RESET)
</UL>
<P><STRONG><a name="[27]"></a>EXTI2_IRQHandler</STRONG> (Thumb, 0 bytes, Stack size 0 bytes, startup_stm32f40xx.o(.text))
<BR>[Address Reference Count : 1]<UL><LI> startup_stm32f40xx.o(RESET)
</UL>
<P><STRONG><a name="[28]"></a>EXTI3_IRQHandler</STRONG> (Thumb, 0 bytes, Stack size 0 bytes, startup_stm32f40xx.o(.text))
<BR>[Address Reference Count : 1]<UL><LI> startup_stm32f40xx.o(RESET)
</UL>
<P><STRONG><a name="[29]"></a>EXTI4_IRQHandler</STRONG> (Thumb, 0 bytes, Stack size 0 bytes, startup_stm32f40xx.o(.text))
<BR>[Address Reference Count : 1]<UL><LI> startup_stm32f40xx.o(RESET)
</UL>
<P><STRONG><a name="[36]"></a>EXTI9_5_IRQHandler</STRONG> (Thumb, 0 bytes, Stack size 0 bytes, startup_stm32f40xx.o(.text))
<BR>[Address Reference Count : 1]<UL><LI> startup_stm32f40xx.o(RESET)
</UL>
<P><STRONG><a name="[23]"></a>FLASH_IRQHandler</STRONG> (Thumb, 0 bytes, Stack size 0 bytes, startup_stm32f40xx.o(.text))
<BR>[Address Reference Count : 1]<UL><LI> startup_stm32f40xx.o(RESET)
</UL>
<P><STRONG><a name="[70]"></a>FPU_IRQHandler</STRONG> (Thumb, 0 bytes, Stack size 0 bytes, startup_stm32f40xx.o(.text))
<BR>[Address Reference Count : 1]<UL><LI> startup_stm32f40xx.o(RESET)
</UL>
<P><STRONG><a name="[4f]"></a>FSMC_IRQHandler</STRONG> (Thumb, 0 bytes, Stack size 0 bytes, startup_stm32f40xx.o(.text))
<BR>[Address Reference Count : 1]<UL><LI> startup_stm32f40xx.o(RESET)
</UL>
<P><STRONG><a name="[6f]"></a>HASH_RNG_IRQHandler</STRONG> (Thumb, 0 bytes, Stack size 0 bytes, startup_stm32f40xx.o(.text))
<BR>[Address Reference Count : 1]<UL><LI> startup_stm32f40xx.o(RESET)
</UL>
<P><STRONG><a name="[3f]"></a>I2C1_ER_IRQHandler</STRONG> (Thumb, 0 bytes, Stack size 0 bytes, startup_stm32f40xx.o(.text))
<BR>[Address Reference Count : 1]<UL><LI> startup_stm32f40xx.o(RESET)
</UL>
<P><STRONG><a name="[3e]"></a>I2C1_EV_IRQHandler</STRONG> (Thumb, 0 bytes, Stack size 0 bytes, startup_stm32f40xx.o(.text))
<BR>[Address Reference Count : 1]<UL><LI> startup_stm32f40xx.o(RESET)
</UL>
<P><STRONG><a name="[41]"></a>I2C2_ER_IRQHandler</STRONG> (Thumb, 0 bytes, Stack size 0 bytes, startup_stm32f40xx.o(.text))
<BR>[Address Reference Count : 1]<UL><LI> startup_stm32f40xx.o(RESET)
</UL>
<P><STRONG><a name="[40]"></a>I2C2_EV_IRQHandler</STRONG> (Thumb, 0 bytes, Stack size 0 bytes, startup_stm32f40xx.o(.text))
<BR>[Address Reference Count : 1]<UL><LI> startup_stm32f40xx.o(RESET)
</UL>
<P><STRONG><a name="[68]"></a>I2C3_ER_IRQHandler</STRONG> (Thumb, 0 bytes, Stack size 0 bytes, startup_stm32f40xx.o(.text))
<BR>[Address Reference Count : 1]<UL><LI> startup_stm32f40xx.o(RESET)
</UL>
<P><STRONG><a name="[67]"></a>I2C3_EV_IRQHandler</STRONG> (Thumb, 0 bytes, Stack size 0 bytes, startup_stm32f40xx.o(.text))
<BR>[Address Reference Count : 1]<UL><LI> startup_stm32f40xx.o(RESET)
</UL>
<P><STRONG><a name="[62]"></a>OTG_FS_IRQHandler</STRONG> (Thumb, 0 bytes, Stack size 0 bytes, startup_stm32f40xx.o(.text))
<BR>[Address Reference Count : 1]<UL><LI> startup_stm32f40xx.o(RESET)
</UL>
<P><STRONG><a name="[49]"></a>OTG_FS_WKUP_IRQHandler</STRONG> (Thumb, 0 bytes, Stack size 0 bytes, startup_stm32f40xx.o(.text))
<BR>[Address Reference Count : 1]<UL><LI> startup_stm32f40xx.o(RESET)
</UL>
<P><STRONG><a name="[6a]"></a>OTG_HS_EP1_IN_IRQHandler</STRONG> (Thumb, 0 bytes, Stack size 0 bytes, startup_stm32f40xx.o(.text))
<BR>[Address Reference Count : 1]<UL><LI> startup_stm32f40xx.o(RESET)
</UL>
<P><STRONG><a name="[69]"></a>OTG_HS_EP1_OUT_IRQHandler</STRONG> (Thumb, 0 bytes, Stack size 0 bytes, startup_stm32f40xx.o(.text))
<BR>[Address Reference Count : 1]<UL><LI> startup_stm32f40xx.o(RESET)
</UL>
<P><STRONG><a name="[6c]"></a>OTG_HS_IRQHandler</STRONG> (Thumb, 0 bytes, Stack size 0 bytes, startup_stm32f40xx.o(.text))
<BR>[Address Reference Count : 1]<UL><LI> startup_stm32f40xx.o(RESET)
</UL>
<P><STRONG><a name="[6b]"></a>OTG_HS_WKUP_IRQHandler</STRONG> (Thumb, 0 bytes, Stack size 0 bytes, startup_stm32f40xx.o(.text))
<BR>[Address Reference Count : 1]<UL><LI> startup_stm32f40xx.o(RESET)
</UL>
<P><STRONG><a name="[20]"></a>PVD_IRQHandler</STRONG> (Thumb, 0 bytes, Stack size 0 bytes, startup_stm32f40xx.o(.text))
<BR>[Address Reference Count : 1]<UL><LI> startup_stm32f40xx.o(RESET)
</UL>
<P><STRONG><a name="[24]"></a>RCC_IRQHandler</STRONG> (Thumb, 0 bytes, Stack size 0 bytes, startup_stm32f40xx.o(.text))
<BR>[Address Reference Count : 1]<UL><LI> startup_stm32f40xx.o(RESET)
</UL>
<P><STRONG><a name="[50]"></a>SDIO_IRQHandler</STRONG> (Thumb, 0 bytes, Stack size 0 bytes, startup_stm32f40xx.o(.text))
<BR>[Address Reference Count : 1]<UL><LI> startup_stm32f40xx.o(RESET)
</UL>
<P><STRONG><a name="[42]"></a>SPI1_IRQHandler</STRONG> (Thumb, 0 bytes, Stack size 0 bytes, startup_stm32f40xx.o(.text))
<BR>[Address Reference Count : 1]<UL><LI> startup_stm32f40xx.o(RESET)
</UL>
<P><STRONG><a name="[43]"></a>SPI2_IRQHandler</STRONG> (Thumb, 0 bytes, Stack size 0 bytes, startup_stm32f40xx.o(.text))
<BR>[Address Reference Count : 1]<UL><LI> startup_stm32f40xx.o(RESET)
</UL>
<P><STRONG><a name="[52]"></a>SPI3_IRQHandler</STRONG> (Thumb, 0 bytes, Stack size 0 bytes, startup_stm32f40xx.o(.text))
<BR>[Address Reference Count : 1]<UL><LI> startup_stm32f40xx.o(RESET)
</UL>
<P><STRONG><a name="[21]"></a>TAMP_STAMP_IRQHandler</STRONG> (Thumb, 0 bytes, Stack size 0 bytes, startup_stm32f40xx.o(.text))
<BR>[Address Reference Count : 1]<UL><LI> startup_stm32f40xx.o(RESET)
</UL>
<P><STRONG><a name="[37]"></a>TIM1_BRK_TIM9_IRQHandler</STRONG> (Thumb, 0 bytes, Stack size 0 bytes, startup_stm32f40xx.o(.text))
<BR>[Address Reference Count : 1]<UL><LI> startup_stm32f40xx.o(RESET)
</UL>
<P><STRONG><a name="[3a]"></a>TIM1_CC_IRQHandler</STRONG> (Thumb, 0 bytes, Stack size 0 bytes, startup_stm32f40xx.o(.text))
<BR>[Address Reference Count : 1]<UL><LI> startup_stm32f40xx.o(RESET)
</UL>
<P><STRONG><a name="[39]"></a>TIM1_TRG_COM_TIM11_IRQHandler</STRONG> (Thumb, 0 bytes, Stack size 0 bytes, startup_stm32f40xx.o(.text))
<BR>[Address Reference Count : 1]<UL><LI> startup_stm32f40xx.o(RESET)
</UL>
<P><STRONG><a name="[38]"></a>TIM1_UP_TIM10_IRQHandler</STRONG> (Thumb, 0 bytes, Stack size 0 bytes, startup_stm32f40xx.o(.text))
<BR>[Address Reference Count : 1]<UL><LI> startup_stm32f40xx.o(RESET)
</UL>
<P><STRONG><a name="[3c]"></a>TIM3_IRQHandler</STRONG> (Thumb, 0 bytes, Stack size 0 bytes, startup_stm32f40xx.o(.text))
<BR>[Address Reference Count : 1]<UL><LI> startup_stm32f40xx.o(RESET)
</UL>
<P><STRONG><a name="[3d]"></a>TIM4_IRQHandler</STRONG> (Thumb, 0 bytes, Stack size 0 bytes, startup_stm32f40xx.o(.text))
<BR>[Address Reference Count : 1]<UL><LI> startup_stm32f40xx.o(RESET)
</UL>
<P><STRONG><a name="[51]"></a>TIM5_IRQHandler</STRONG> (Thumb, 0 bytes, Stack size 0 bytes, startup_stm32f40xx.o(.text))
<BR>[Address Reference Count : 1]<UL><LI> startup_stm32f40xx.o(RESET)
</UL>
<P><STRONG><a name="[55]"></a>TIM6_DAC_IRQHandler</STRONG> (Thumb, 0 bytes, Stack size 0 bytes, startup_stm32f40xx.o(.text))
<BR>[Address Reference Count : 1]<UL><LI> startup_stm32f40xx.o(RESET)
</UL>
<P><STRONG><a name="[56]"></a>TIM7_IRQHandler</STRONG> (Thumb, 0 bytes, Stack size 0 bytes, startup_stm32f40xx.o(.text))
<BR>[Address Reference Count : 1]<UL><LI> startup_stm32f40xx.o(RESET)
</UL>
<P><STRONG><a name="[4a]"></a>TIM8_BRK_TIM12_IRQHandler</STRONG> (Thumb, 0 bytes, Stack size 0 bytes, startup_stm32f40xx.o(.text))
<BR>[Address Reference Count : 1]<UL><LI> startup_stm32f40xx.o(RESET)
</UL>
<P><STRONG><a name="[4d]"></a>TIM8_CC_IRQHandler</STRONG> (Thumb, 0 bytes, Stack size 0 bytes, startup_stm32f40xx.o(.text))
<BR>[Address Reference Count : 1]<UL><LI> startup_stm32f40xx.o(RESET)
</UL>
<P><STRONG><a name="[4c]"></a>TIM8_TRG_COM_TIM14_IRQHandler</STRONG> (Thumb, 0 bytes, Stack size 0 bytes, startup_stm32f40xx.o(.text))
<BR>[Address Reference Count : 1]<UL><LI> startup_stm32f40xx.o(RESET)
</UL>
<P><STRONG><a name="[4b]"></a>TIM8_UP_TIM13_IRQHandler</STRONG> (Thumb, 0 bytes, Stack size 0 bytes, startup_stm32f40xx.o(.text))
<BR>[Address Reference Count : 1]<UL><LI> startup_stm32f40xx.o(RESET)
</UL>
<P><STRONG><a name="[53]"></a>UART4_IRQHandler</STRONG> (Thumb, 0 bytes, Stack size 0 bytes, startup_stm32f40xx.o(.text))
<BR>[Address Reference Count : 1]<UL><LI> startup_stm32f40xx.o(RESET)
</UL>
<P><STRONG><a name="[54]"></a>UART5_IRQHandler</STRONG> (Thumb, 0 bytes, Stack size 0 bytes, startup_stm32f40xx.o(.text))
<BR>[Address Reference Count : 1]<UL><LI> startup_stm32f40xx.o(RESET)
</UL>
<P><STRONG><a name="[66]"></a>USART6_IRQHandler</STRONG> (Thumb, 0 bytes, Stack size 0 bytes, startup_stm32f40xx.o(.text))
<BR>[Address Reference Count : 1]<UL><LI> startup_stm32f40xx.o(RESET)
</UL>
<P><STRONG><a name="[1f]"></a>WWDG_IRQHandler</STRONG> (Thumb, 0 bytes, Stack size 0 bytes, startup_stm32f40xx.o(.text))
<BR>[Address Reference Count : 1]<UL><LI> startup_stm32f40xx.o(RESET)
</UL>
<P><STRONG><a name="[163]"></a>__aeabi_memcpy</STRONG> (Thumb, 36 bytes, Stack size 0 bytes, memcpya.o(.text))
<BR><BR>[Called By]<UL><LI><a href="#[156]">&gt;&gt;</a>&nbsp;&nbsp;&nbsp;pbuf_copy
<LI><a href="#[169]">&gt;&gt;</a>&nbsp;&nbsp;&nbsp;pbuf_copy_partial
<LI><a href="#[78]">&gt;&gt;</a>&nbsp;&nbsp;&nbsp;low_level_output
<LI><a href="#[177]">&gt;&gt;</a>&nbsp;&nbsp;&nbsp;ip_reass_free_complete_datagram
<LI><a href="#[172]">&gt;&gt;</a>&nbsp;&nbsp;&nbsp;ip_reass_enqueue_new_datagram
<LI><a href="#[16b]">&gt;&gt;</a>&nbsp;&nbsp;&nbsp;ip_reass
<LI><a href="#[168]">&gt;&gt;</a>&nbsp;&nbsp;&nbsp;ip_frag
<LI><a href="#[15e]">&gt;&gt;</a>&nbsp;&nbsp;&nbsp;icmp_send_response
<LI><a href="#[1aa]">&gt;&gt;</a>&nbsp;&nbsp;&nbsp;tcp_enqueue
</UL>

<P><STRONG><a name="[1a6]"></a>__aeabi_memcpy4</STRONG> (Thumb, 0 bytes, Stack size 0 bytes, memcpya.o(.text))
<BR><BR>[Called By]<UL><LI><a href="#[7a]">&gt;&gt;</a>&nbsp;&nbsp;&nbsp;tcp_echoserver_recv
</UL>

<P><STRONG><a name="[1c0]"></a>__aeabi_memcpy8</STRONG> (Thumb, 0 bytes, Stack size 0 bytes, memcpya.o(.text), UNUSED)

<P><STRONG><a name="[83]"></a>__aeabi_memset</STRONG> (Thumb, 14 bytes, Stack size 0 bytes, memseta.o(.text))
<BR><BR>[Called By]<UL><LI><a href="#[84]">&gt;&gt;</a>&nbsp;&nbsp;&nbsp;_memset$wrapper
<LI><a href="#[82]">&gt;&gt;</a>&nbsp;&nbsp;&nbsp;__aeabi_memclr
</UL>

<P><STRONG><a name="[1c1]"></a>__aeabi_memset4</STRONG> (Thumb, 0 bytes, Stack size 0 bytes, memseta.o(.text), UNUSED)

<P><STRONG><a name="[1c2]"></a>__aeabi_memset8</STRONG> (Thumb, 0 bytes, Stack size 0 bytes, memseta.o(.text), UNUSED)

<P><STRONG><a name="[82]"></a>__aeabi_memclr</STRONG> (Thumb, 4 bytes, Stack size 0 bytes, memseta.o(.text))
<BR><BR>[Calls]<UL><LI><a href="#[83]">&gt;&gt;</a>&nbsp;&nbsp;&nbsp;__aeabi_memset
</UL>
<BR>[Called By]<UL><LI><a href="#[7a]">&gt;&gt;</a>&nbsp;&nbsp;&nbsp;tcp_echoserver_recv
</UL>

<P><STRONG><a name="[176]"></a>__aeabi_memclr4</STRONG> (Thumb, 0 bytes, Stack size 0 bytes, memseta.o(.text))
<BR><BR>[Called By]<UL><LI><a href="#[172]">&gt;&gt;</a>&nbsp;&nbsp;&nbsp;ip_reass_enqueue_new_datagram
<LI><a href="#[193]">&gt;&gt;</a>&nbsp;&nbsp;&nbsp;tcp_alloc
</UL>

<P><STRONG><a name="[1c3]"></a>__aeabi_memclr8</STRONG> (Thumb, 0 bytes, Stack size 0 bytes, memseta.o(.text), UNUSED)

<P><STRONG><a name="[84]"></a>_memset$wrapper</STRONG> (Thumb, 18 bytes, Stack size 8 bytes, memseta.o(.text), UNUSED)
<BR><BR>[Calls]<UL><LI><a href="#[83]">&gt;&gt;</a>&nbsp;&nbsp;&nbsp;__aeabi_memset
</UL>

<P><STRONG><a name="[129]"></a>strcat</STRONG> (Thumb, 24 bytes, Stack size 0 bytes, strcat.o(.text))
<BR><BR>[Called By]<UL><LI><a href="#[179]">&gt;&gt;</a>&nbsp;&nbsp;&nbsp;runCommand
<LI><a href="#[178]">&gt;&gt;</a>&nbsp;&nbsp;&nbsp;isCommand
<LI><a href="#[127]">&gt;&gt;</a>&nbsp;&nbsp;&nbsp;WCS_Lineup_func
</UL>

<P><STRONG><a name="[12b]"></a>strlen</STRONG> (Thumb, 14 bytes, Stack size 0 bytes, strlen.o(.text))
<BR><BR>[Called By]<UL><LI><a href="#[12a]">&gt;&gt;</a>&nbsp;&nbsp;&nbsp;WCS_Update_func
<LI><a href="#[7a]">&gt;&gt;</a>&nbsp;&nbsp;&nbsp;tcp_echoserver_recv
</UL>

<P><STRONG><a name="[124]"></a>strcmp</STRONG> (Thumb, 28 bytes, Stack size 8 bytes, strcmp.o(.text))
<BR><BR>[Stack]<UL><LI>Max Depth = 8<LI>Call Chain = strcmp
</UL>
<BR>[Called By]<UL><LI><a href="#[123]">&gt;&gt;</a>&nbsp;&nbsp;&nbsp;WCS_Exist
</UL>

<P><STRONG><a name="[138]"></a>memcmp</STRONG> (Thumb, 26 bytes, Stack size 12 bytes, memcmp.o(.text))
<BR><BR>[Stack]<UL><LI>Max Depth = 12<LI>Call Chain = memcmp
</UL>
<BR>[Called By]<UL><LI><a href="#[137]">&gt;&gt;</a>&nbsp;&nbsp;&nbsp;autoip_arp_reply
</UL>

<P><STRONG><a name="[85]"></a>__aeabi_ddiv</STRONG> (Thumb, 222 bytes, Stack size 32 bytes, ddiv.o(.text))
<BR><BR>[Stack]<UL><LI>Max Depth = 40<LI>Call Chain = __aeabi_ddiv &rArr; _double_round
</UL>
<BR>[Calls]<UL><LI><a href="#[86]">&gt;&gt;</a>&nbsp;&nbsp;&nbsp;_double_round
</UL>
<BR>[Called By]<UL><LI><a href="#[ac]">&gt;&gt;</a>&nbsp;&nbsp;&nbsp;DistanceSenser
<LI><a href="#[130]">&gt;&gt;</a>&nbsp;&nbsp;&nbsp;_fp_digits
</UL>

<P><STRONG><a name="[87]"></a>__aeabi_ui2d</STRONG> (Thumb, 26 bytes, Stack size 16 bytes, dfltui.o(.text))
<BR><BR>[Stack]<UL><LI>Max Depth = 56<LI>Call Chain = __aeabi_ui2d &rArr; _double_epilogue &rArr; _double_round
</UL>
<BR>[Calls]<UL><LI><a href="#[88]">&gt;&gt;</a>&nbsp;&nbsp;&nbsp;_double_epilogue
</UL>
<BR>[Called By]<UL><LI><a href="#[ac]">&gt;&gt;</a>&nbsp;&nbsp;&nbsp;DistanceSenser
</UL>

<P><STRONG><a name="[131]"></a>__aeabi_cdrcmple</STRONG> (Thumb, 48 bytes, Stack size 0 bytes, cdrcmple.o(.text), UNUSED)
<BR><BR>[Called By]<UL><LI><a href="#[130]">&gt;&gt;</a>&nbsp;&nbsp;&nbsp;_fp_digits
</UL>

<P><STRONG><a name="[1c4]"></a>__aeabi_uidiv</STRONG> (Thumb, 0 bytes, Stack size 12 bytes, uidiv.o(.text), UNUSED)

<P><STRONG><a name="[134]"></a>__aeabi_uidivmod</STRONG> (Thumb, 44 bytes, Stack size 12 bytes, uidiv.o(.text), UNUSED)
<BR><BR>[Called By]<UL><LI><a href="#[12f]">&gt;&gt;</a>&nbsp;&nbsp;&nbsp;_printf_core
</UL>

<P><STRONG><a name="[89]"></a>__aeabi_uldivmod</STRONG> (Thumb, 98 bytes, Stack size 40 bytes, uldiv.o(.text), UNUSED)
<BR><BR>[Calls]<UL><LI><a href="#[8a]">&gt;&gt;</a>&nbsp;&nbsp;&nbsp;__aeabi_llsr
<LI><a href="#[8b]">&gt;&gt;</a>&nbsp;&nbsp;&nbsp;__aeabi_llsl
</UL>
<BR>[Called By]<UL><LI><a href="#[12f]">&gt;&gt;</a>&nbsp;&nbsp;&nbsp;_printf_core
<LI><a href="#[130]">&gt;&gt;</a>&nbsp;&nbsp;&nbsp;_fp_digits
</UL>

<P><STRONG><a name="[1c5]"></a>__I$use$fp</STRONG> (Thumb, 0 bytes, Stack size 8 bytes, iusefp.o(.text), UNUSED)

<P><STRONG><a name="[86]"></a>_double_round</STRONG> (Thumb, 30 bytes, Stack size 8 bytes, depilogue.o(.text))
<BR><BR>[Stack]<UL><LI>Max Depth = 8<LI>Call Chain = _double_round
</UL>
<BR>[Called By]<UL><LI><a href="#[85]">&gt;&gt;</a>&nbsp;&nbsp;&nbsp;__aeabi_ddiv
<LI><a href="#[88]">&gt;&gt;</a>&nbsp;&nbsp;&nbsp;_double_epilogue
<LI><a href="#[8c]">&gt;&gt;</a>&nbsp;&nbsp;&nbsp;__aeabi_dadd
</UL>

<P><STRONG><a name="[88]"></a>_double_epilogue</STRONG> (Thumb, 156 bytes, Stack size 32 bytes, depilogue.o(.text))
<BR><BR>[Stack]<UL><LI>Max Depth = 40<LI>Call Chain = _double_epilogue &rArr; _double_round
</UL>
<BR>[Calls]<UL><LI><a href="#[8a]">&gt;&gt;</a>&nbsp;&nbsp;&nbsp;__aeabi_llsr
<LI><a href="#[8b]">&gt;&gt;</a>&nbsp;&nbsp;&nbsp;__aeabi_llsl
<LI><a href="#[86]">&gt;&gt;</a>&nbsp;&nbsp;&nbsp;_double_round
</UL>
<BR>[Called By]<UL><LI><a href="#[87]">&gt;&gt;</a>&nbsp;&nbsp;&nbsp;__aeabi_ui2d
<LI><a href="#[90]">&gt;&gt;</a>&nbsp;&nbsp;&nbsp;__aeabi_dmul
<LI><a href="#[8c]">&gt;&gt;</a>&nbsp;&nbsp;&nbsp;__aeabi_dadd
</UL>

<P><STRONG><a name="[8c]"></a>__aeabi_dadd</STRONG> (Thumb, 322 bytes, Stack size 48 bytes, dadd.o(.text), UNUSED)
<BR><BR>[Calls]<UL><LI><a href="#[8d]">&gt;&gt;</a>&nbsp;&nbsp;&nbsp;__aeabi_lasr
<LI><a href="#[8b]">&gt;&gt;</a>&nbsp;&nbsp;&nbsp;__aeabi_llsl
<LI><a href="#[88]">&gt;&gt;</a>&nbsp;&nbsp;&nbsp;_double_epilogue
<LI><a href="#[86]">&gt;&gt;</a>&nbsp;&nbsp;&nbsp;_double_round
</UL>
<BR>[Called By]<UL><LI><a href="#[8f]">&gt;&gt;</a>&nbsp;&nbsp;&nbsp;__aeabi_drsub
<LI><a href="#[8e]">&gt;&gt;</a>&nbsp;&nbsp;&nbsp;__aeabi_dsub
<LI><a href="#[130]">&gt;&gt;</a>&nbsp;&nbsp;&nbsp;_fp_digits
</UL>

<P><STRONG><a name="[8e]"></a>__aeabi_dsub</STRONG> (Thumb, 6 bytes, Stack size 0 bytes, dadd.o(.text), UNUSED)
<BR><BR>[Calls]<UL><LI><a href="#[8c]">&gt;&gt;</a>&nbsp;&nbsp;&nbsp;__aeabi_dadd
</UL>

<P><STRONG><a name="[8f]"></a>__aeabi_drsub</STRONG> (Thumb, 6 bytes, Stack size 0 bytes, dadd.o(.text), UNUSED)
<BR><BR>[Calls]<UL><LI><a href="#[8c]">&gt;&gt;</a>&nbsp;&nbsp;&nbsp;__aeabi_dadd
</UL>

<P><STRONG><a name="[90]"></a>__aeabi_dmul</STRONG> (Thumb, 228 bytes, Stack size 48 bytes, dmul.o(.text), UNUSED)
<BR><BR>[Calls]<UL><LI><a href="#[88]">&gt;&gt;</a>&nbsp;&nbsp;&nbsp;_double_epilogue
</UL>
<BR>[Called By]<UL><LI><a href="#[130]">&gt;&gt;</a>&nbsp;&nbsp;&nbsp;_fp_digits
</UL>

<P><STRONG><a name="[91]"></a>__aeabi_d2ulz</STRONG> (Thumb, 48 bytes, Stack size 0 bytes, dfixul.o(.text), UNUSED)
<BR><BR>[Calls]<UL><LI><a href="#[8a]">&gt;&gt;</a>&nbsp;&nbsp;&nbsp;__aeabi_llsr
<LI><a href="#[8b]">&gt;&gt;</a>&nbsp;&nbsp;&nbsp;__aeabi_llsl
</UL>
<BR>[Called By]<UL><LI><a href="#[130]">&gt;&gt;</a>&nbsp;&nbsp;&nbsp;_fp_digits
</UL>

<P><STRONG><a name="[81]"></a>__scatterload</STRONG> (Thumb, 28 bytes, Stack size 0 bytes, init.o(.text))
<BR><BR>[Calls]<UL><LI><a href="#[92]">&gt;&gt;</a>&nbsp;&nbsp;&nbsp;__main_after_scatterload
</UL>
<BR>[Called By]<UL><LI><a href="#[80]">&gt;&gt;</a>&nbsp;&nbsp;&nbsp;_main_scatterload
</UL>

<P><STRONG><a name="[1c6]"></a>__scatterload_rt2</STRONG> (Thumb, 0 bytes, Stack size 0 bytes, init.o(.text), UNUSED)

<P><STRONG><a name="[8b]"></a>__aeabi_llsl</STRONG> (Thumb, 30 bytes, Stack size 0 bytes, llshl.o(.text))
<BR><BR>[Called By]<UL><LI><a href="#[89]">&gt;&gt;</a>&nbsp;&nbsp;&nbsp;__aeabi_uldivmod
<LI><a href="#[88]">&gt;&gt;</a>&nbsp;&nbsp;&nbsp;_double_epilogue
<LI><a href="#[8c]">&gt;&gt;</a>&nbsp;&nbsp;&nbsp;__aeabi_dadd
<LI><a href="#[91]">&gt;&gt;</a>&nbsp;&nbsp;&nbsp;__aeabi_d2ulz
</UL>

<P><STRONG><a name="[1c7]"></a>_ll_shift_l</STRONG> (Thumb, 0 bytes, Stack size 0 bytes, llshl.o(.text), UNUSED)

<P><STRONG><a name="[8a]"></a>__aeabi_llsr</STRONG> (Thumb, 32 bytes, Stack size 0 bytes, llushr.o(.text))
<BR><BR>[Called By]<UL><LI><a href="#[89]">&gt;&gt;</a>&nbsp;&nbsp;&nbsp;__aeabi_uldivmod
<LI><a href="#[88]">&gt;&gt;</a>&nbsp;&nbsp;&nbsp;_double_epilogue
<LI><a href="#[91]">&gt;&gt;</a>&nbsp;&nbsp;&nbsp;__aeabi_d2ulz
</UL>

<P><STRONG><a name="[1c8]"></a>_ll_ushift_r</STRONG> (Thumb, 0 bytes, Stack size 0 bytes, llushr.o(.text), UNUSED)

<P><STRONG><a name="[8d]"></a>__aeabi_lasr</STRONG> (Thumb, 36 bytes, Stack size 0 bytes, llsshr.o(.text), UNUSED)
<BR><BR>[Called By]<UL><LI><a href="#[8c]">&gt;&gt;</a>&nbsp;&nbsp;&nbsp;__aeabi_dadd
</UL>

<P><STRONG><a name="[1c9]"></a>_ll_sshift_r</STRONG> (Thumb, 0 bytes, Stack size 0 bytes, llsshr.o(.text), UNUSED)

<P><STRONG><a name="[1ca]"></a>__decompress</STRONG> (Thumb, 0 bytes, Stack size unknown bytes, __dczerorl2.o(.text), UNUSED)

<P><STRONG><a name="[1cb]"></a>__decompress1</STRONG> (Thumb, 86 bytes, Stack size unknown bytes, __dczerorl2.o(.text), UNUSED)

<P><STRONG><a name="[93]"></a>BTinit</STRONG> (Thumb, 170 bytes, Stack size 32 bytes, main.o(i.BTinit))
<BR><BR>[Stack]<UL><LI>Max Depth = 100<LI>Call Chain = BTinit &rArr; USART_Init &rArr; RCC_GetClocksFreq
</UL>
<BR>[Calls]<UL><LI><a href="#[98]">&gt;&gt;</a>&nbsp;&nbsp;&nbsp;USART_Init
<LI><a href="#[9a]">&gt;&gt;</a>&nbsp;&nbsp;&nbsp;USART_ITConfig
<LI><a href="#[99]">&gt;&gt;</a>&nbsp;&nbsp;&nbsp;USART_Cmd
<LI><a href="#[9c]">&gt;&gt;</a>&nbsp;&nbsp;&nbsp;USART_ClearFlag
<LI><a href="#[94]">&gt;&gt;</a>&nbsp;&nbsp;&nbsp;RCC_APB1PeriphClockCmd
<LI><a href="#[95]">&gt;&gt;</a>&nbsp;&nbsp;&nbsp;RCC_AHB1PeriphClockCmd
<LI><a href="#[96]">&gt;&gt;</a>&nbsp;&nbsp;&nbsp;GPIO_PinAFConfig
<LI><a href="#[97]">&gt;&gt;</a>&nbsp;&nbsp;&nbsp;GPIO_Init
<LI><a href="#[9b]">&gt;&gt;</a>&nbsp;&nbsp;&nbsp;__NVIC_EnableIRQ
</UL>
<BR>[Called By]<UL><LI><a href="#[71]">&gt;&gt;</a>&nbsp;&nbsp;&nbsp;main
</UL>

<P><STRONG><a name="[19]"></a>BusFault_Handler</STRONG> (Thumb, 4 bytes, Stack size 0 bytes, stm32f4xx_it.o(i.BusFault_Handler))
<BR>[Address Reference Count : 1]<UL><LI> startup_stm32f40xx.o(RESET)
</UL>
<P><STRONG><a name="[9d]"></a>Clockinit</STRONG> (Thumb, 54 bytes, Stack size 8 bytes, main.o(i.Clockinit))
<BR><BR>[Stack]<UL><LI>Max Depth = 364<LI>Call Chain = Clockinit &rArr; tcp_echoserver_send &rArr; tcp_recved &rArr; tcp_output &rArr; tcp_output_segment &rArr; ip_output &rArr; ip_output_if &rArr; ip_frag &rArr; pbuf_alloc &rArr; pbuf_free &rArr; mem_free &rArr; plug_holes
</UL>
<BR>[Calls]<UL><LI><a href="#[a0]">&gt;&gt;</a>&nbsp;&nbsp;&nbsp;tcp_echoserver_send
<LI><a href="#[a1]">&gt;&gt;</a>&nbsp;&nbsp;&nbsp;pbuf_free
<LI><a href="#[9e]">&gt;&gt;</a>&nbsp;&nbsp;&nbsp;pbuf_alloc
<LI><a href="#[9f]">&gt;&gt;</a>&nbsp;&nbsp;&nbsp;__2sprintf
</UL>
<BR>[Called By]<UL><LI><a href="#[71]">&gt;&gt;</a>&nbsp;&nbsp;&nbsp;main
</UL>

<P><STRONG><a name="[a2]"></a>DCD_EP_Close</STRONG> (Thumb, 74 bytes, Stack size 16 bytes, usb_dcd.o(i.DCD_EP_Close))
<BR><BR>[Stack]<UL><LI>Max Depth = 36<LI>Call Chain = DCD_EP_Close &rArr; USB_OTG_EPDeactivate
</UL>
<BR>[Calls]<UL><LI><a href="#[a3]">&gt;&gt;</a>&nbsp;&nbsp;&nbsp;USB_OTG_EPDeactivate
</UL>
<BR>[Called By]<UL><LI><a href="#[d]">&gt;&gt;</a>&nbsp;&nbsp;&nbsp;usbd_cdc_DeInit
</UL>

<P><STRONG><a name="[a4]"></a>DCD_EP_Open</STRONG> (Thumb, 104 bytes, Stack size 24 bytes, usb_dcd.o(i.DCD_EP_Open))
<BR><BR>[Stack]<UL><LI>Max Depth = 44<LI>Call Chain = DCD_EP_Open &rArr; USB_OTG_EPActivate
</UL>
<BR>[Calls]<UL><LI><a href="#[a5]">&gt;&gt;</a>&nbsp;&nbsp;&nbsp;USB_OTG_EPActivate
</UL>
<BR>[Called By]<UL><LI><a href="#[c]">&gt;&gt;</a>&nbsp;&nbsp;&nbsp;usbd_cdc_Init
</UL>

<P><STRONG><a name="[a6]"></a>DCD_EP_PrepareRx</STRONG> (Thumb, 82 bytes, Stack size 24 bytes, usb_dcd.o(i.DCD_EP_PrepareRx))
<BR><BR>[Stack]<UL><LI>Max Depth = 80<LI>Call Chain = DCD_EP_PrepareRx &rArr; USB_OTG_EPStartXfer &rArr; USB_OTG_WritePacket
</UL>
<BR>[Calls]<UL><LI><a href="#[a8]">&gt;&gt;</a>&nbsp;&nbsp;&nbsp;USB_OTG_EPStartXfer
<LI><a href="#[a7]">&gt;&gt;</a>&nbsp;&nbsp;&nbsp;USB_OTG_EP0StartXfer
</UL>
<BR>[Called By]<UL><LI><a href="#[c]">&gt;&gt;</a>&nbsp;&nbsp;&nbsp;usbd_cdc_Init
<LI><a href="#[11]">&gt;&gt;</a>&nbsp;&nbsp;&nbsp;usbd_cdc_DataOut
<LI><a href="#[11c]">&gt;&gt;</a>&nbsp;&nbsp;&nbsp;USBD_CtlPrepareRx
</UL>

<P><STRONG><a name="[a9]"></a>DCD_EP_Stall</STRONG> (Thumb, 72 bytes, Stack size 16 bytes, usb_dcd.o(i.DCD_EP_Stall))
<BR><BR>[Stack]<UL><LI>Max Depth = 32<LI>Call Chain = DCD_EP_Stall &rArr; USB_OTG_EPSetStall
</UL>
<BR>[Calls]<UL><LI><a href="#[aa]">&gt;&gt;</a>&nbsp;&nbsp;&nbsp;USB_OTG_EPSetStall
</UL>
<BR>[Called By]<UL><LI><a href="#[11a]">&gt;&gt;</a>&nbsp;&nbsp;&nbsp;USBD_CtlError
</UL>

<P><STRONG><a name="[ab]"></a>DCD_EP_Tx</STRONG> (Thumb, 78 bytes, Stack size 24 bytes, usb_dcd.o(i.DCD_EP_Tx))
<BR><BR>[Stack]<UL><LI>Max Depth = 80<LI>Call Chain = DCD_EP_Tx &rArr; USB_OTG_EPStartXfer &rArr; USB_OTG_WritePacket
</UL>
<BR>[Calls]<UL><LI><a href="#[a8]">&gt;&gt;</a>&nbsp;&nbsp;&nbsp;USB_OTG_EPStartXfer
<LI><a href="#[a7]">&gt;&gt;</a>&nbsp;&nbsp;&nbsp;USB_OTG_EP0StartXfer
</UL>
<BR>[Called By]<UL><LI><a href="#[10]">&gt;&gt;</a>&nbsp;&nbsp;&nbsp;usbd_cdc_DataIn
<LI><a href="#[cf]">&gt;&gt;</a>&nbsp;&nbsp;&nbsp;Handle_USBAsynchXfer
<LI><a href="#[11d]">&gt;&gt;</a>&nbsp;&nbsp;&nbsp;USBD_CtlSendData
</UL>

<P><STRONG><a name="[1c]"></a>DebugMon_Handler</STRONG> (Thumb, 2 bytes, Stack size 0 bytes, stm32f4xx_it.o(i.DebugMon_Handler))
<BR>[Address Reference Count : 1]<UL><LI> startup_stm32f40xx.o(RESET)
</UL>
<P><STRONG><a name="[af]"></a>Delay</STRONG> (Thumb, 20 bytes, Stack size 8 bytes, main.o(i.Delay))
<BR><BR>[Stack]<UL><LI>Max Depth = 8<LI>Call Chain = Delay
</UL>
<BR>[Called By]<UL><LI><a href="#[ac]">&gt;&gt;</a>&nbsp;&nbsp;&nbsp;DistanceSenser
</UL>

<P><STRONG><a name="[ac]"></a>DistanceSenser</STRONG> (Thumb, 154 bytes, Stack size 16 bytes, main.o(i.DistanceSenser))
<BR><BR>[Stack]<UL><LI>Max Depth = 72<LI>Call Chain = DistanceSenser &rArr; __aeabi_ui2d &rArr; _double_epilogue &rArr; _double_round
</UL>
<BR>[Calls]<UL><LI><a href="#[87]">&gt;&gt;</a>&nbsp;&nbsp;&nbsp;__aeabi_ui2d
<LI><a href="#[85]">&gt;&gt;</a>&nbsp;&nbsp;&nbsp;__aeabi_ddiv
<LI><a href="#[b0]">&gt;&gt;</a>&nbsp;&nbsp;&nbsp;TIM_SetCounter
<LI><a href="#[b3]">&gt;&gt;</a>&nbsp;&nbsp;&nbsp;TIM_GetCounter
<LI><a href="#[b2]">&gt;&gt;</a>&nbsp;&nbsp;&nbsp;TIM_Cmd
<LI><a href="#[ae]">&gt;&gt;</a>&nbsp;&nbsp;&nbsp;GPIO_SetBits
<LI><a href="#[ad]">&gt;&gt;</a>&nbsp;&nbsp;&nbsp;GPIO_ResetBits
<LI><a href="#[b1]">&gt;&gt;</a>&nbsp;&nbsp;&nbsp;GPIO_ReadInputDataBit
<LI><a href="#[af]">&gt;&gt;</a>&nbsp;&nbsp;&nbsp;Delay
</UL>
<BR>[Called By]<UL><LI><a href="#[179]">&gt;&gt;</a>&nbsp;&nbsp;&nbsp;runCommand
</UL>

<P><STRONG><a name="[b4]"></a>DistanceSensorinit</STRONG> (Thumb, 66 bytes, Stack size 16 bytes, main.o(i.DistanceSensorinit))
<BR><BR>[Stack]<UL><LI>Max Depth = 36<LI>Call Chain = DistanceSensorinit &rArr; GPIO_Init
</UL>
<BR>[Calls]<UL><LI><a href="#[95]">&gt;&gt;</a>&nbsp;&nbsp;&nbsp;RCC_AHB1PeriphClockCmd
<LI><a href="#[97]">&gt;&gt;</a>&nbsp;&nbsp;&nbsp;GPIO_Init
</UL>
<BR>[Called By]<UL><LI><a href="#[71]">&gt;&gt;</a>&nbsp;&nbsp;&nbsp;main
</UL>

<P><STRONG><a name="[b5]"></a>ETH_BSP_Config</STRONG> (Thumb, 74 bytes, Stack size 8 bytes, stm32f4x7_eth_bsp.o(i.ETH_BSP_Config))
<BR><BR>[Stack]<UL><LI>Max Depth = 268<LI>Call Chain = ETH_BSP_Config &rArr; ETH_MACDMA_Config &rArr; ETH_Init &rArr; RCC_GetClocksFreq
</UL>
<BR>[Calls]<UL><LI><a href="#[b8]">&gt;&gt;</a>&nbsp;&nbsp;&nbsp;LCD_SetTextColor
<LI><a href="#[b9]">&gt;&gt;</a>&nbsp;&nbsp;&nbsp;LCD_GetFont
<LI><a href="#[ba]">&gt;&gt;</a>&nbsp;&nbsp;&nbsp;LCD_DisplayStringLine
<LI><a href="#[bb]">&gt;&gt;</a>&nbsp;&nbsp;&nbsp;Eth_Link_PHYITConfig
<LI><a href="#[b7]">&gt;&gt;</a>&nbsp;&nbsp;&nbsp;ETH_MACDMA_Config
<LI><a href="#[b6]">&gt;&gt;</a>&nbsp;&nbsp;&nbsp;ETH_GPIO_Config
</UL>
<BR>[Called By]<UL><LI><a href="#[71]">&gt;&gt;</a>&nbsp;&nbsp;&nbsp;main
</UL>

<P><STRONG><a name="[ce]"></a>ETH_DMAReceptionCmd</STRONG> (Thumb, 30 bytes, Stack size 0 bytes, stm32f4x7_eth.o(i.ETH_DMAReceptionCmd))
<BR><BR>[Called By]<UL><LI><a href="#[c9]">&gt;&gt;</a>&nbsp;&nbsp;&nbsp;ETH_Start
</UL>

<P><STRONG><a name="[17c]"></a>ETH_DMARxDescChainInit</STRONG> (Thumb, 82 bytes, Stack size 16 bytes, stm32f4x7_eth.o(i.ETH_DMARxDescChainInit))
<BR><BR>[Stack]<UL><LI>Max Depth = 16<LI>Call Chain = ETH_DMARxDescChainInit
</UL>
<BR>[Called By]<UL><LI><a href="#[15a]">&gt;&gt;</a>&nbsp;&nbsp;&nbsp;low_level_init
</UL>

<P><STRONG><a name="[cd]"></a>ETH_DMATransmissionCmd</STRONG> (Thumb, 30 bytes, Stack size 0 bytes, stm32f4x7_eth.o(i.ETH_DMATransmissionCmd))
<BR><BR>[Called By]<UL><LI><a href="#[c9]">&gt;&gt;</a>&nbsp;&nbsp;&nbsp;ETH_Start
</UL>

<P><STRONG><a name="[17b]"></a>ETH_DMATxDescChainInit</STRONG> (Thumb, 70 bytes, Stack size 12 bytes, stm32f4x7_eth.o(i.ETH_DMATxDescChainInit))
<BR><BR>[Stack]<UL><LI>Max Depth = 12<LI>Call Chain = ETH_DMATxDescChainInit
</UL>
<BR>[Called By]<UL><LI><a href="#[15a]">&gt;&gt;</a>&nbsp;&nbsp;&nbsp;low_level_init
</UL>

<P><STRONG><a name="[17d]"></a>ETH_DMATxDescChecksumInsertionConfig</STRONG> (Thumb, 8 bytes, Stack size 0 bytes, stm32f4x7_eth.o(i.ETH_DMATxDescChecksumInsertionConfig))
<BR><BR>[Called By]<UL><LI><a href="#[15a]">&gt;&gt;</a>&nbsp;&nbsp;&nbsp;low_level_init
</UL>

<P><STRONG><a name="[bc]"></a>ETH_DeInit</STRONG> (Thumb, 22 bytes, Stack size 8 bytes, stm32f4x7_eth.o(i.ETH_DeInit))
<BR><BR>[Stack]<UL><LI>Max Depth = 8<LI>Call Chain = ETH_DeInit
</UL>
<BR>[Calls]<UL><LI><a href="#[bd]">&gt;&gt;</a>&nbsp;&nbsp;&nbsp;RCC_AHB1PeriphResetCmd
</UL>
<BR>[Called By]<UL><LI><a href="#[b7]">&gt;&gt;</a>&nbsp;&nbsp;&nbsp;ETH_MACDMA_Config
</UL>

<P><STRONG><a name="[cb]"></a>ETH_FlushTransmitFIFO</STRONG> (Thumb, 14 bytes, Stack size 0 bytes, stm32f4x7_eth.o(i.ETH_FlushTransmitFIFO))
<BR><BR>[Called By]<UL><LI><a href="#[c9]">&gt;&gt;</a>&nbsp;&nbsp;&nbsp;ETH_Start
</UL>

<P><STRONG><a name="[c7]"></a>ETH_GetSoftwareResetStatus</STRONG> (Thumb, 20 bytes, Stack size 0 bytes, stm32f4x7_eth.o(i.ETH_GetSoftwareResetStatus))
<BR><BR>[Called By]<UL><LI><a href="#[b7]">&gt;&gt;</a>&nbsp;&nbsp;&nbsp;ETH_MACDMA_Config
</UL>

<P><STRONG><a name="[c1]"></a>ETH_Init</STRONG> (Thumb, 620 bytes, Stack size 48 bytes, stm32f4x7_eth.o(i.ETH_Init))
<BR><BR>[Stack]<UL><LI>Max Depth = 68<LI>Call Chain = ETH_Init &rArr; RCC_GetClocksFreq
</UL>
<BR>[Calls]<UL><LI><a href="#[c2]">&gt;&gt;</a>&nbsp;&nbsp;&nbsp;RCC_GetClocksFreq
<LI><a href="#[c3]">&gt;&gt;</a>&nbsp;&nbsp;&nbsp;ETH_WritePHYRegister
<LI><a href="#[c5]">&gt;&gt;</a>&nbsp;&nbsp;&nbsp;ETH_ReadPHYRegister
<LI><a href="#[c4]">&gt;&gt;</a>&nbsp;&nbsp;&nbsp;ETH_Delay
</UL>
<BR>[Called By]<UL><LI><a href="#[b7]">&gt;&gt;</a>&nbsp;&nbsp;&nbsp;ETH_MACDMA_Config
</UL>

<P><STRONG><a name="[17a]"></a>ETH_MACAddressConfig</STRONG> (Thumb, 46 bytes, Stack size 8 bytes, stm32f4x7_eth.o(i.ETH_MACAddressConfig))
<BR><BR>[Stack]<UL><LI>Max Depth = 8<LI>Call Chain = ETH_MACAddressConfig
</UL>
<BR>[Called By]<UL><LI><a href="#[15a]">&gt;&gt;</a>&nbsp;&nbsp;&nbsp;low_level_init
</UL>

<P><STRONG><a name="[cc]"></a>ETH_MACReceptionCmd</STRONG> (Thumb, 30 bytes, Stack size 0 bytes, stm32f4x7_eth.o(i.ETH_MACReceptionCmd))
<BR><BR>[Called By]<UL><LI><a href="#[c9]">&gt;&gt;</a>&nbsp;&nbsp;&nbsp;ETH_Start
</UL>

<P><STRONG><a name="[ca]"></a>ETH_MACTransmissionCmd</STRONG> (Thumb, 30 bytes, Stack size 0 bytes, stm32f4x7_eth.o(i.ETH_MACTransmissionCmd))
<BR><BR>[Called By]<UL><LI><a href="#[c9]">&gt;&gt;</a>&nbsp;&nbsp;&nbsp;ETH_Start
</UL>

<P><STRONG><a name="[17e]"></a>ETH_Prepare_Transmit_Descriptors</STRONG> (Thumb, 222 bytes, Stack size 16 bytes, stm32f4x7_eth.o(i.ETH_Prepare_Transmit_Descriptors))
<BR><BR>[Stack]<UL><LI>Max Depth = 16<LI>Call Chain = ETH_Prepare_Transmit_Descriptors
</UL>
<BR>[Called By]<UL><LI><a href="#[78]">&gt;&gt;</a>&nbsp;&nbsp;&nbsp;low_level_output
</UL>

<P><STRONG><a name="[c5]"></a>ETH_ReadPHYRegister</STRONG> (Thumb, 98 bytes, Stack size 12 bytes, stm32f4x7_eth.o(i.ETH_ReadPHYRegister))
<BR><BR>[Stack]<UL><LI>Max Depth = 12<LI>Call Chain = ETH_ReadPHYRegister
</UL>
<BR>[Called By]<UL><LI><a href="#[c1]">&gt;&gt;</a>&nbsp;&nbsp;&nbsp;ETH_Init
<LI><a href="#[bb]">&gt;&gt;</a>&nbsp;&nbsp;&nbsp;Eth_Link_PHYITConfig
</UL>

<P><STRONG><a name="[c6]"></a>ETH_SoftwareReset</STRONG> (Thumb, 14 bytes, Stack size 0 bytes, stm32f4x7_eth.o(i.ETH_SoftwareReset))
<BR><BR>[Called By]<UL><LI><a href="#[b7]">&gt;&gt;</a>&nbsp;&nbsp;&nbsp;ETH_MACDMA_Config
</UL>

<P><STRONG><a name="[c9]"></a>ETH_Start</STRONG> (Thumb, 32 bytes, Stack size 4 bytes, stm32f4x7_eth.o(i.ETH_Start))
<BR><BR>[Stack]<UL><LI>Max Depth = 4<LI>Call Chain = ETH_Start
</UL>
<BR>[Calls]<UL><LI><a href="#[ca]">&gt;&gt;</a>&nbsp;&nbsp;&nbsp;ETH_MACTransmissionCmd
<LI><a href="#[cc]">&gt;&gt;</a>&nbsp;&nbsp;&nbsp;ETH_MACReceptionCmd
<LI><a href="#[cb]">&gt;&gt;</a>&nbsp;&nbsp;&nbsp;ETH_FlushTransmitFIFO
<LI><a href="#[cd]">&gt;&gt;</a>&nbsp;&nbsp;&nbsp;ETH_DMATransmissionCmd
<LI><a href="#[ce]">&gt;&gt;</a>&nbsp;&nbsp;&nbsp;ETH_DMAReceptionCmd
</UL>
<BR>[Called By]<UL><LI><a href="#[15a]">&gt;&gt;</a>&nbsp;&nbsp;&nbsp;low_level_init
</UL>

<P><STRONG><a name="[c8]"></a>ETH_StructInit</STRONG> (Thumb, 178 bytes, Stack size 0 bytes, stm32f4x7_eth.o(i.ETH_StructInit))
<BR><BR>[Called By]<UL><LI><a href="#[b7]">&gt;&gt;</a>&nbsp;&nbsp;&nbsp;ETH_MACDMA_Config
</UL>

<P><STRONG><a name="[c3]"></a>ETH_WritePHYRegister</STRONG> (Thumb, 96 bytes, Stack size 16 bytes, stm32f4x7_eth.o(i.ETH_WritePHYRegister))
<BR><BR>[Stack]<UL><LI>Max Depth = 16<LI>Call Chain = ETH_WritePHYRegister
</UL>
<BR>[Called By]<UL><LI><a href="#[c1]">&gt;&gt;</a>&nbsp;&nbsp;&nbsp;ETH_Init
<LI><a href="#[bb]">&gt;&gt;</a>&nbsp;&nbsp;&nbsp;Eth_Link_PHYITConfig
</UL>

<P><STRONG><a name="[bb]"></a>Eth_Link_PHYITConfig</STRONG> (Thumb, 70 bytes, Stack size 16 bytes, stm32f4x7_eth_bsp.o(i.Eth_Link_PHYITConfig))
<BR><BR>[Stack]<UL><LI>Max Depth = 32<LI>Call Chain = Eth_Link_PHYITConfig &rArr; ETH_WritePHYRegister
</UL>
<BR>[Calls]<UL><LI><a href="#[c3]">&gt;&gt;</a>&nbsp;&nbsp;&nbsp;ETH_WritePHYRegister
<LI><a href="#[c5]">&gt;&gt;</a>&nbsp;&nbsp;&nbsp;ETH_ReadPHYRegister
</UL>
<BR>[Called By]<UL><LI><a href="#[b5]">&gt;&gt;</a>&nbsp;&nbsp;&nbsp;ETH_BSP_Config
</UL>

<P><STRONG><a name="[db]"></a>FSMC_NORSRAMCmd</STRONG> (Thumb, 46 bytes, Stack size 0 bytes, stm32f4xx_fsmc.o(i.FSMC_NORSRAMCmd))
<BR><BR>[Called By]<UL><LI><a href="#[d8]">&gt;&gt;</a>&nbsp;&nbsp;&nbsp;LCD_FSMCConfig
</UL>

<P><STRONG><a name="[da]"></a>FSMC_NORSRAMInit</STRONG> (Thumb, 230 bytes, Stack size 0 bytes, stm32f4xx_fsmc.o(i.FSMC_NORSRAMInit))
<BR><BR>[Called By]<UL><LI><a href="#[d8]">&gt;&gt;</a>&nbsp;&nbsp;&nbsp;LCD_FSMCConfig
</UL>

<P><STRONG><a name="[97]"></a>GPIO_Init</STRONG> (Thumb, 144 bytes, Stack size 20 bytes, stm32f4xx_gpio.o(i.GPIO_Init))
<BR><BR>[Stack]<UL><LI>Max Depth = 20<LI>Call Chain = GPIO_Init
</UL>
<BR>[Called By]<UL><LI><a href="#[de]">&gt;&gt;</a>&nbsp;&nbsp;&nbsp;STM_EVAL_LEDInit
<LI><a href="#[b4]">&gt;&gt;</a>&nbsp;&nbsp;&nbsp;DistanceSensorinit
<LI><a href="#[93]">&gt;&gt;</a>&nbsp;&nbsp;&nbsp;BTinit
<LI><a href="#[b6]">&gt;&gt;</a>&nbsp;&nbsp;&nbsp;ETH_GPIO_Config
<LI><a href="#[f9]">&gt;&gt;</a>&nbsp;&nbsp;&nbsp;STM_EVAL_COMInit
<LI><a href="#[d5]">&gt;&gt;</a>&nbsp;&nbsp;&nbsp;LCD_CtrlLinesConfig
</UL>

<P><STRONG><a name="[96]"></a>GPIO_PinAFConfig</STRONG> (Thumb, 70 bytes, Stack size 20 bytes, stm32f4xx_gpio.o(i.GPIO_PinAFConfig))
<BR><BR>[Stack]<UL><LI>Max Depth = 20<LI>Call Chain = GPIO_PinAFConfig
</UL>
<BR>[Called By]<UL><LI><a href="#[93]">&gt;&gt;</a>&nbsp;&nbsp;&nbsp;BTinit
<LI><a href="#[b6]">&gt;&gt;</a>&nbsp;&nbsp;&nbsp;ETH_GPIO_Config
<LI><a href="#[f9]">&gt;&gt;</a>&nbsp;&nbsp;&nbsp;STM_EVAL_COMInit
<LI><a href="#[d5]">&gt;&gt;</a>&nbsp;&nbsp;&nbsp;LCD_CtrlLinesConfig
</UL>

<P><STRONG><a name="[b1]"></a>GPIO_ReadInputDataBit</STRONG> (Thumb, 18 bytes, Stack size 0 bytes, stm32f4xx_gpio.o(i.GPIO_ReadInputDataBit))
<BR><BR>[Called By]<UL><LI><a href="#[ac]">&gt;&gt;</a>&nbsp;&nbsp;&nbsp;DistanceSenser
</UL>

<P><STRONG><a name="[ad]"></a>GPIO_ResetBits</STRONG> (Thumb, 4 bytes, Stack size 0 bytes, stm32f4xx_gpio.o(i.GPIO_ResetBits))
<BR><BR>[Called By]<UL><LI><a href="#[ac]">&gt;&gt;</a>&nbsp;&nbsp;&nbsp;DistanceSenser
</UL>

<P><STRONG><a name="[ae]"></a>GPIO_SetBits</STRONG> (Thumb, 4 bytes, Stack size 0 bytes, stm32f4xx_gpio.o(i.GPIO_SetBits))
<BR><BR>[Called By]<UL><LI><a href="#[ac]">&gt;&gt;</a>&nbsp;&nbsp;&nbsp;DistanceSenser
</UL>

<P><STRONG><a name="[17]"></a>HardFault_Handler</STRONG> (Thumb, 4 bytes, Stack size 0 bytes, stm32f4xx_it.o(i.HardFault_Handler))
<BR>[Address Reference Count : 1]<UL><LI> startup_stm32f40xx.o(RESET)
</UL>
<P><STRONG><a name="[d0]"></a>LCD_Clear</STRONG> (Thumb, 40 bytes, Stack size 12 bytes, stm324xg_eval_lcd.o(i.LCD_Clear))
<BR><BR>[Stack]<UL><LI>Max Depth = 20<LI>Call Chain = LCD_Clear &rArr; LCD_SetCursor
</UL>
<BR>[Calls]<UL><LI><a href="#[d2]">&gt;&gt;</a>&nbsp;&nbsp;&nbsp;LCD_WriteRAM_Prepare
<LI><a href="#[d1]">&gt;&gt;</a>&nbsp;&nbsp;&nbsp;LCD_SetCursor
</UL>
<BR>[Called By]<UL><LI><a href="#[71]">&gt;&gt;</a>&nbsp;&nbsp;&nbsp;main
</UL>

<P><STRONG><a name="[d3]"></a>LCD_ClearLine</STRONG> (Thumb, 46 bytes, Stack size 12 bytes, stm324xg_eval_lcd.o(i.LCD_ClearLine))
<BR><BR>[Stack]<UL><LI>Max Depth = 64<LI>Call Chain = LCD_ClearLine &rArr; LCD_DisplayChar &rArr; LCD_DrawChar &rArr; LCD_SetCursor
</UL>
<BR>[Calls]<UL><LI><a href="#[d4]">&gt;&gt;</a>&nbsp;&nbsp;&nbsp;LCD_DisplayChar
</UL>
<BR>[Called By]<UL><LI><a href="#[184]">&gt;&gt;</a>&nbsp;&nbsp;&nbsp;printUartData
<LI><a href="#[7a]">&gt;&gt;</a>&nbsp;&nbsp;&nbsp;tcp_echoserver_recv
</UL>

<P><STRONG><a name="[d5]"></a>LCD_CtrlLinesConfig</STRONG> (Thumb, 286 bytes, Stack size 16 bytes, stm324xg_eval_lcd.o(i.LCD_CtrlLinesConfig))
<BR><BR>[Stack]<UL><LI>Max Depth = 36<LI>Call Chain = LCD_CtrlLinesConfig &rArr; GPIO_PinAFConfig
</UL>
<BR>[Calls]<UL><LI><a href="#[95]">&gt;&gt;</a>&nbsp;&nbsp;&nbsp;RCC_AHB1PeriphClockCmd
<LI><a href="#[96]">&gt;&gt;</a>&nbsp;&nbsp;&nbsp;GPIO_PinAFConfig
<LI><a href="#[97]">&gt;&gt;</a>&nbsp;&nbsp;&nbsp;GPIO_Init
</UL>
<BR>[Called By]<UL><LI><a href="#[f5]">&gt;&gt;</a>&nbsp;&nbsp;&nbsp;STM324xG_LCD_Init
</UL>

<P><STRONG><a name="[d4]"></a>LCD_DisplayChar</STRONG> (Thumb, 42 bytes, Stack size 16 bytes, stm324xg_eval_lcd.o(i.LCD_DisplayChar))
<BR><BR>[Stack]<UL><LI>Max Depth = 52<LI>Call Chain = LCD_DisplayChar &rArr; LCD_DrawChar &rArr; LCD_SetCursor
</UL>
<BR>[Calls]<UL><LI><a href="#[d6]">&gt;&gt;</a>&nbsp;&nbsp;&nbsp;LCD_DrawChar
</UL>
<BR>[Called By]<UL><LI><a href="#[ba]">&gt;&gt;</a>&nbsp;&nbsp;&nbsp;LCD_DisplayStringLine
<LI><a href="#[d3]">&gt;&gt;</a>&nbsp;&nbsp;&nbsp;LCD_ClearLine
</UL>

<P><STRONG><a name="[ba]"></a>LCD_DisplayStringLine</STRONG> (Thumb, 72 bytes, Stack size 16 bytes, stm324xg_eval_lcd.o(i.LCD_DisplayStringLine))
<BR><BR>[Stack]<UL><LI>Max Depth = 68<LI>Call Chain = LCD_DisplayStringLine &rArr; LCD_DisplayChar &rArr; LCD_DrawChar &rArr; LCD_SetCursor
</UL>
<BR>[Calls]<UL><LI><a href="#[d4]">&gt;&gt;</a>&nbsp;&nbsp;&nbsp;LCD_DisplayChar
</UL>
<BR>[Called By]<UL><LI><a href="#[df]">&gt;&gt;</a>&nbsp;&nbsp;&nbsp;LwIP_Init
<LI><a href="#[b5]">&gt;&gt;</a>&nbsp;&nbsp;&nbsp;ETH_BSP_Config
<LI><a href="#[184]">&gt;&gt;</a>&nbsp;&nbsp;&nbsp;printUartData
<LI><a href="#[71]">&gt;&gt;</a>&nbsp;&nbsp;&nbsp;main
<LI><a href="#[7a]">&gt;&gt;</a>&nbsp;&nbsp;&nbsp;tcp_echoserver_recv
</UL>

<P><STRONG><a name="[d6]"></a>LCD_DrawChar</STRONG> (Thumb, 160 bytes, Stack size 28 bytes, stm324xg_eval_lcd.o(i.LCD_DrawChar))
<BR><BR>[Stack]<UL><LI>Max Depth = 36<LI>Call Chain = LCD_DrawChar &rArr; LCD_SetCursor
</UL>
<BR>[Calls]<UL><LI><a href="#[d2]">&gt;&gt;</a>&nbsp;&nbsp;&nbsp;LCD_WriteRAM_Prepare
<LI><a href="#[d7]">&gt;&gt;</a>&nbsp;&nbsp;&nbsp;LCD_WriteRAM
<LI><a href="#[d1]">&gt;&gt;</a>&nbsp;&nbsp;&nbsp;LCD_SetCursor
</UL>
<BR>[Called By]<UL><LI><a href="#[d4]">&gt;&gt;</a>&nbsp;&nbsp;&nbsp;LCD_DisplayChar
</UL>

<P><STRONG><a name="[d8]"></a>LCD_FSMCConfig</STRONG> (Thumb, 98 bytes, Stack size 96 bytes, stm324xg_eval_lcd.o(i.LCD_FSMCConfig))
<BR><BR>[Stack]<UL><LI>Max Depth = 96<LI>Call Chain = LCD_FSMCConfig
</UL>
<BR>[Calls]<UL><LI><a href="#[d9]">&gt;&gt;</a>&nbsp;&nbsp;&nbsp;RCC_AHB3PeriphClockCmd
<LI><a href="#[da]">&gt;&gt;</a>&nbsp;&nbsp;&nbsp;FSMC_NORSRAMInit
<LI><a href="#[db]">&gt;&gt;</a>&nbsp;&nbsp;&nbsp;FSMC_NORSRAMCmd
</UL>
<BR>[Called By]<UL><LI><a href="#[f5]">&gt;&gt;</a>&nbsp;&nbsp;&nbsp;STM324xG_LCD_Init
</UL>

<P><STRONG><a name="[b9]"></a>LCD_GetFont</STRONG> (Thumb, 6 bytes, Stack size 0 bytes, stm324xg_eval_lcd.o(i.LCD_GetFont))
<BR><BR>[Called By]<UL><LI><a href="#[df]">&gt;&gt;</a>&nbsp;&nbsp;&nbsp;LwIP_Init
<LI><a href="#[b5]">&gt;&gt;</a>&nbsp;&nbsp;&nbsp;ETH_BSP_Config
<LI><a href="#[184]">&gt;&gt;</a>&nbsp;&nbsp;&nbsp;printUartData
<LI><a href="#[71]">&gt;&gt;</a>&nbsp;&nbsp;&nbsp;main
<LI><a href="#[7a]">&gt;&gt;</a>&nbsp;&nbsp;&nbsp;tcp_echoserver_recv
</UL>

<P><STRONG><a name="[f7]"></a>LCD_ReadReg</STRONG> (Thumb, 12 bytes, Stack size 0 bytes, stm324xg_eval_lcd.o(i.LCD_ReadReg))
<BR><BR>[Called By]<UL><LI><a href="#[f5]">&gt;&gt;</a>&nbsp;&nbsp;&nbsp;STM324xG_LCD_Init
</UL>

<P><STRONG><a name="[181]"></a>LCD_SetBackColor</STRONG> (Thumb, 12 bytes, Stack size 8 bytes, stm324xg_eval_lcd.o(i.LCD_SetBackColor))
<BR><BR>[Stack]<UL><LI>Max Depth = 8<LI>Call Chain = LCD_SetBackColor
</UL>
<BR>[Called By]<UL><LI><a href="#[71]">&gt;&gt;</a>&nbsp;&nbsp;&nbsp;main
</UL>

<P><STRONG><a name="[d1]"></a>LCD_SetCursor</STRONG> (Thumb, 24 bytes, Stack size 8 bytes, stm324xg_eval_lcd.o(i.LCD_SetCursor))
<BR><BR>[Stack]<UL><LI>Max Depth = 8<LI>Call Chain = LCD_SetCursor
</UL>
<BR>[Calls]<UL><LI><a href="#[dc]">&gt;&gt;</a>&nbsp;&nbsp;&nbsp;LCD_WriteReg
</UL>
<BR>[Called By]<UL><LI><a href="#[d0]">&gt;&gt;</a>&nbsp;&nbsp;&nbsp;LCD_Clear
<LI><a href="#[d6]">&gt;&gt;</a>&nbsp;&nbsp;&nbsp;LCD_DrawChar
</UL>

<P><STRONG><a name="[f8]"></a>LCD_SetFont</STRONG> (Thumb, 6 bytes, Stack size 0 bytes, stm324xg_eval_lcd.o(i.LCD_SetFont))
<BR><BR>[Called By]<UL><LI><a href="#[f5]">&gt;&gt;</a>&nbsp;&nbsp;&nbsp;STM324xG_LCD_Init
<LI><a href="#[71]">&gt;&gt;</a>&nbsp;&nbsp;&nbsp;main
<LI><a href="#[7a]">&gt;&gt;</a>&nbsp;&nbsp;&nbsp;tcp_echoserver_recv
</UL>

<P><STRONG><a name="[b8]"></a>LCD_SetTextColor</STRONG> (Thumb, 12 bytes, Stack size 8 bytes, stm324xg_eval_lcd.o(i.LCD_SetTextColor))
<BR><BR>[Stack]<UL><LI>Max Depth = 8<LI>Call Chain = LCD_SetTextColor
</UL>
<BR>[Called By]<UL><LI><a href="#[b5]">&gt;&gt;</a>&nbsp;&nbsp;&nbsp;ETH_BSP_Config
<LI><a href="#[71]">&gt;&gt;</a>&nbsp;&nbsp;&nbsp;main
</UL>

<P><STRONG><a name="[d7]"></a>LCD_WriteRAM</STRONG> (Thumb, 8 bytes, Stack size 0 bytes, stm324xg_eval_lcd.o(i.LCD_WriteRAM))
<BR><BR>[Called By]<UL><LI><a href="#[d6]">&gt;&gt;</a>&nbsp;&nbsp;&nbsp;LCD_DrawChar
</UL>

<P><STRONG><a name="[d2]"></a>LCD_WriteRAM_Prepare</STRONG> (Thumb, 10 bytes, Stack size 0 bytes, stm324xg_eval_lcd.o(i.LCD_WriteRAM_Prepare))
<BR><BR>[Called By]<UL><LI><a href="#[d0]">&gt;&gt;</a>&nbsp;&nbsp;&nbsp;LCD_Clear
<LI><a href="#[d6]">&gt;&gt;</a>&nbsp;&nbsp;&nbsp;LCD_DrawChar
</UL>

<P><STRONG><a name="[dc]"></a>LCD_WriteReg</STRONG> (Thumb, 10 bytes, Stack size 0 bytes, stm324xg_eval_lcd.o(i.LCD_WriteReg))
<BR><BR>[Called By]<UL><LI><a href="#[f5]">&gt;&gt;</a>&nbsp;&nbsp;&nbsp;STM324xG_LCD_Init
<LI><a href="#[d1]">&gt;&gt;</a>&nbsp;&nbsp;&nbsp;LCD_SetCursor
</UL>

<P><STRONG><a name="[dd]"></a>LEDinit</STRONG> (Thumb, 28 bytes, Stack size 8 bytes, main.o(i.LEDinit))
<BR><BR>[Stack]<UL><LI>Max Depth = 44<LI>Call Chain = LEDinit &rArr; STM_EVAL_LEDInit &rArr; GPIO_Init
</UL>
<BR>[Calls]<UL><LI><a href="#[de]">&gt;&gt;</a>&nbsp;&nbsp;&nbsp;STM_EVAL_LEDInit
</UL>
<BR>[Called By]<UL><LI><a href="#[71]">&gt;&gt;</a>&nbsp;&nbsp;&nbsp;main
</UL>

<P><STRONG><a name="[df]"></a>LwIP_Init</STRONG> (Thumb, 170 bytes, Stack size 56 bytes, netconf.o(i.LwIP_Init))
<BR><BR>[Stack]<UL><LI>Max Depth = 524<LI>Call Chain = LwIP_Init &rArr; netif_add &rArr; netif_set_addr &rArr; netif_set_ipaddr &rArr; tcp_abandon &rArr; tcp_pcb_remove &rArr; tcp_output &rArr; tcp_output_segment &rArr; ip_output &rArr; ip_output_if &rArr; ip_frag &rArr; pbuf_alloc &rArr; pbuf_free &rArr; mem_free &rArr; plug_holes
</UL>
<BR>[Calls]<UL><LI><a href="#[b9]">&gt;&gt;</a>&nbsp;&nbsp;&nbsp;LCD_GetFont
<LI><a href="#[ba]">&gt;&gt;</a>&nbsp;&nbsp;&nbsp;LCD_DisplayStringLine
<LI><a href="#[e5]">&gt;&gt;</a>&nbsp;&nbsp;&nbsp;netif_set_up
<LI><a href="#[e4]">&gt;&gt;</a>&nbsp;&nbsp;&nbsp;netif_set_default
<LI><a href="#[e3]">&gt;&gt;</a>&nbsp;&nbsp;&nbsp;netif_add
<LI><a href="#[e1]">&gt;&gt;</a>&nbsp;&nbsp;&nbsp;memp_init
<LI><a href="#[e0]">&gt;&gt;</a>&nbsp;&nbsp;&nbsp;mem_init
<LI><a href="#[e2]">&gt;&gt;</a>&nbsp;&nbsp;&nbsp;htonl
<LI><a href="#[9f]">&gt;&gt;</a>&nbsp;&nbsp;&nbsp;__2sprintf
</UL>
<BR>[Called By]<UL><LI><a href="#[71]">&gt;&gt;</a>&nbsp;&nbsp;&nbsp;main
</UL>

<P><STRONG><a name="[18]"></a>MemManage_Handler</STRONG> (Thumb, 4 bytes, Stack size 0 bytes, stm32f4xx_it.o(i.MemManage_Handler))
<BR>[Address Reference Count : 1]<UL><LI> startup_stm32f40xx.o(RESET)
</UL>
<P><STRONG><a name="[16]"></a>NMI_Handler</STRONG> (Thumb, 2 bytes, Stack size 0 bytes, stm32f4xx_it.o(i.NMI_Handler))
<BR>[Address Reference Count : 1]<UL><LI> startup_stm32f40xx.o(RESET)
</UL>
<P><STRONG><a name="[122]"></a>NVIC_Init</STRONG> (Thumb, 106 bytes, Stack size 16 bytes, misc.o(i.NVIC_Init))
<BR><BR>[Stack]<UL><LI>Max Depth = 16<LI>Call Chain = NVIC_Init
</UL>
<BR>[Called By]<UL><LI><a href="#[0]">&gt;&gt;</a>&nbsp;&nbsp;&nbsp;VCP_Init
</UL>

<P><STRONG><a name="[10d]"></a>PWR_BackupAccessCmd</STRONG> (Thumb, 6 bytes, Stack size 0 bytes, stm32f4xx_pwr.o(i.PWR_BackupAccessCmd))
<BR><BR>[Called By]<UL><LI><a href="#[10c]">&gt;&gt;</a>&nbsp;&nbsp;&nbsp;TM_RTC_Init
</UL>

<P><STRONG><a name="[1d]"></a>PendSV_Handler</STRONG> (Thumb, 2 bytes, Stack size 0 bytes, stm32f4xx_it.o(i.PendSV_Handler))
<BR>[Address Reference Count : 1]<UL><LI> startup_stm32f40xx.o(RESET)
</UL>
<P><STRONG><a name="[95]"></a>RCC_AHB1PeriphClockCmd</STRONG> (Thumb, 26 bytes, Stack size 0 bytes, stm32f4xx_rcc.o(i.RCC_AHB1PeriphClockCmd))
<BR><BR>[Called By]<UL><LI><a href="#[de]">&gt;&gt;</a>&nbsp;&nbsp;&nbsp;STM_EVAL_LEDInit
<LI><a href="#[b4]">&gt;&gt;</a>&nbsp;&nbsp;&nbsp;DistanceSensorinit
<LI><a href="#[93]">&gt;&gt;</a>&nbsp;&nbsp;&nbsp;BTinit
<LI><a href="#[b7]">&gt;&gt;</a>&nbsp;&nbsp;&nbsp;ETH_MACDMA_Config
<LI><a href="#[b6]">&gt;&gt;</a>&nbsp;&nbsp;&nbsp;ETH_GPIO_Config
<LI><a href="#[f9]">&gt;&gt;</a>&nbsp;&nbsp;&nbsp;STM_EVAL_COMInit
<LI><a href="#[d5]">&gt;&gt;</a>&nbsp;&nbsp;&nbsp;LCD_CtrlLinesConfig
</UL>

<P><STRONG><a name="[bd]"></a>RCC_AHB1PeriphResetCmd</STRONG> (Thumb, 26 bytes, Stack size 0 bytes, stm32f4xx_rcc.o(i.RCC_AHB1PeriphResetCmd))
<BR><BR>[Called By]<UL><LI><a href="#[bc]">&gt;&gt;</a>&nbsp;&nbsp;&nbsp;ETH_DeInit
</UL>

<P><STRONG><a name="[17f]"></a>RCC_AHB2PeriphClockCmd</STRONG> (Thumb, 26 bytes, Stack size 0 bytes, stm32f4xx_rcc.o(i.RCC_AHB2PeriphClockCmd))
<BR><BR>[Called By]<UL><LI><a href="#[71]">&gt;&gt;</a>&nbsp;&nbsp;&nbsp;main
</UL>

<P><STRONG><a name="[d9]"></a>RCC_AHB3PeriphClockCmd</STRONG> (Thumb, 26 bytes, Stack size 0 bytes, stm32f4xx_rcc.o(i.RCC_AHB3PeriphClockCmd))
<BR><BR>[Called By]<UL><LI><a href="#[d8]">&gt;&gt;</a>&nbsp;&nbsp;&nbsp;LCD_FSMCConfig
</UL>

<P><STRONG><a name="[94]"></a>RCC_APB1PeriphClockCmd</STRONG> (Thumb, 26 bytes, Stack size 0 bytes, stm32f4xx_rcc.o(i.RCC_APB1PeriphClockCmd))
<BR><BR>[Called By]<UL><LI><a href="#[10c]">&gt;&gt;</a>&nbsp;&nbsp;&nbsp;TM_RTC_Init
<LI><a href="#[111]">&gt;&gt;</a>&nbsp;&nbsp;&nbsp;Timinit
<LI><a href="#[93]">&gt;&gt;</a>&nbsp;&nbsp;&nbsp;BTinit
<LI><a href="#[f9]">&gt;&gt;</a>&nbsp;&nbsp;&nbsp;STM_EVAL_COMInit
</UL>

<P><STRONG><a name="[101]"></a>RCC_APB1PeriphResetCmd</STRONG> (Thumb, 26 bytes, Stack size 0 bytes, stm32f4xx_rcc.o(i.RCC_APB1PeriphResetCmd))
<BR><BR>[Called By]<UL><LI><a href="#[ff]">&gt;&gt;</a>&nbsp;&nbsp;&nbsp;TIM_DeInit
</UL>

<P><STRONG><a name="[be]"></a>RCC_APB2PeriphClockCmd</STRONG> (Thumb, 26 bytes, Stack size 0 bytes, stm32f4xx_rcc.o(i.RCC_APB2PeriphClockCmd))
<BR><BR>[Called By]<UL><LI><a href="#[b6]">&gt;&gt;</a>&nbsp;&nbsp;&nbsp;ETH_GPIO_Config
</UL>

<P><STRONG><a name="[100]"></a>RCC_APB2PeriphResetCmd</STRONG> (Thumb, 26 bytes, Stack size 0 bytes, stm32f4xx_rcc.o(i.RCC_APB2PeriphResetCmd))
<BR><BR>[Called By]<UL><LI><a href="#[ff]">&gt;&gt;</a>&nbsp;&nbsp;&nbsp;TIM_DeInit
</UL>

<P><STRONG><a name="[c2]"></a>RCC_GetClocksFreq</STRONG> (Thumb, 214 bytes, Stack size 20 bytes, stm32f4xx_rcc.o(i.RCC_GetClocksFreq))
<BR><BR>[Stack]<UL><LI>Max Depth = 20<LI>Call Chain = RCC_GetClocksFreq
</UL>
<BR>[Called By]<UL><LI><a href="#[98]">&gt;&gt;</a>&nbsp;&nbsp;&nbsp;USART_Init
<LI><a href="#[71]">&gt;&gt;</a>&nbsp;&nbsp;&nbsp;main
<LI><a href="#[c1]">&gt;&gt;</a>&nbsp;&nbsp;&nbsp;ETH_Init
</UL>

<P><STRONG><a name="[104]"></a>RCC_GetFlagStatus</STRONG> (Thumb, 60 bytes, Stack size 8 bytes, stm32f4xx_rcc.o(i.RCC_GetFlagStatus))
<BR><BR>[Stack]<UL><LI>Max Depth = 8<LI>Call Chain = RCC_GetFlagStatus
</UL>
<BR>[Called By]<UL><LI><a href="#[102]">&gt;&gt;</a>&nbsp;&nbsp;&nbsp;TM_RTC_Config
</UL>

<P><STRONG><a name="[106]"></a>RCC_LSEConfig</STRONG> (Thumb, 40 bytes, Stack size 0 bytes, stm32f4xx_rcc.o(i.RCC_LSEConfig))
<BR><BR>[Called By]<UL><LI><a href="#[102]">&gt;&gt;</a>&nbsp;&nbsp;&nbsp;TM_RTC_Config
</UL>

<P><STRONG><a name="[103]"></a>RCC_LSICmd</STRONG> (Thumb, 6 bytes, Stack size 0 bytes, stm32f4xx_rcc.o(i.RCC_LSICmd))
<BR><BR>[Called By]<UL><LI><a href="#[102]">&gt;&gt;</a>&nbsp;&nbsp;&nbsp;TM_RTC_Config
</UL>

<P><STRONG><a name="[bf]"></a>RCC_MCO1Config</STRONG> (Thumb, 24 bytes, Stack size 0 bytes, stm32f4xx_rcc.o(i.RCC_MCO1Config))
<BR><BR>[Called By]<UL><LI><a href="#[b6]">&gt;&gt;</a>&nbsp;&nbsp;&nbsp;ETH_GPIO_Config
</UL>

<P><STRONG><a name="[107]"></a>RCC_RTCCLKCmd</STRONG> (Thumb, 6 bytes, Stack size 0 bytes, stm32f4xx_rcc.o(i.RCC_RTCCLKCmd))
<BR><BR>[Called By]<UL><LI><a href="#[102]">&gt;&gt;</a>&nbsp;&nbsp;&nbsp;TM_RTC_Config
</UL>

<P><STRONG><a name="[105]"></a>RCC_RTCCLKConfig</STRONG> (Thumb, 50 bytes, Stack size 0 bytes, stm32f4xx_rcc.o(i.RCC_RTCCLKConfig))
<BR><BR>[Called By]<UL><LI><a href="#[102]">&gt;&gt;</a>&nbsp;&nbsp;&nbsp;TM_RTC_Config
</UL>

<P><STRONG><a name="[180]"></a>RNG_Cmd</STRONG> (Thumb, 30 bytes, Stack size 0 bytes, stm32f4xx_rng.o(i.RNG_Cmd))
<BR><BR>[Called By]<UL><LI><a href="#[71]">&gt;&gt;</a>&nbsp;&nbsp;&nbsp;main
</UL>

<P><STRONG><a name="[48]"></a>RTC_Alarm_IRQHandler</STRONG> (Thumb, 56 bytes, Stack size 8 bytes, tm_stm32f4_rtc.o(i.RTC_Alarm_IRQHandler))
<BR><BR>[Stack]<UL><LI>Max Depth = 20<LI>Call Chain = RTC_Alarm_IRQHandler &rArr; RTC_GetITStatus
</UL>
<BR>[Calls]<UL><LI><a href="#[e9]">&gt;&gt;</a>&nbsp;&nbsp;&nbsp;TM_RTC_AlarmBHandler
<LI><a href="#[e8]">&gt;&gt;</a>&nbsp;&nbsp;&nbsp;TM_RTC_AlarmAHandler
<LI><a href="#[e6]">&gt;&gt;</a>&nbsp;&nbsp;&nbsp;RTC_GetITStatus
<LI><a href="#[e7]">&gt;&gt;</a>&nbsp;&nbsp;&nbsp;RTC_ClearITPendingBit
</UL>
<BR>[Address Reference Count : 1]<UL><LI> startup_stm32f40xx.o(RESET)
</UL>
<P><STRONG><a name="[e7]"></a>RTC_ClearITPendingBit</STRONG> (Thumb, 28 bytes, Stack size 0 bytes, stm32f4xx_rtc.o(i.RTC_ClearITPendingBit))
<BR><BR>[Called By]<UL><LI><a href="#[22]">&gt;&gt;</a>&nbsp;&nbsp;&nbsp;RTC_WKUP_IRQHandler
<LI><a href="#[48]">&gt;&gt;</a>&nbsp;&nbsp;&nbsp;RTC_Alarm_IRQHandler
<LI><a href="#[10c]">&gt;&gt;</a>&nbsp;&nbsp;&nbsp;TM_RTC_Init
</UL>

<P><STRONG><a name="[ee]"></a>RTC_EnterInitMode</STRONG> (Thumb, 76 bytes, Stack size 8 bytes, stm32f4xx_rtc.o(i.RTC_EnterInitMode))
<BR><BR>[Stack]<UL><LI>Max Depth = 8<LI>Call Chain = RTC_EnterInitMode
</UL>
<BR>[Called By]<UL><LI><a href="#[f3]">&gt;&gt;</a>&nbsp;&nbsp;&nbsp;RTC_SetTime
<LI><a href="#[f0]">&gt;&gt;</a>&nbsp;&nbsp;&nbsp;RTC_SetDate
<LI><a href="#[ed]">&gt;&gt;</a>&nbsp;&nbsp;&nbsp;RTC_Init
</UL>

<P><STRONG><a name="[ef]"></a>RTC_ExitInitMode</STRONG> (Thumb, 14 bytes, Stack size 0 bytes, stm32f4xx_rtc.o(i.RTC_ExitInitMode))
<BR><BR>[Called By]<UL><LI><a href="#[f3]">&gt;&gt;</a>&nbsp;&nbsp;&nbsp;RTC_SetTime
<LI><a href="#[f0]">&gt;&gt;</a>&nbsp;&nbsp;&nbsp;RTC_SetDate
<LI><a href="#[ed]">&gt;&gt;</a>&nbsp;&nbsp;&nbsp;RTC_Init
</UL>

<P><STRONG><a name="[ea]"></a>RTC_GetDate</STRONG> (Thumb, 68 bytes, Stack size 16 bytes, stm32f4xx_rtc.o(i.RTC_GetDate))
<BR><BR>[Stack]<UL><LI>Max Depth = 16<LI>Call Chain = RTC_GetDate
</UL>
<BR>[Calls]<UL><LI><a href="#[eb]">&gt;&gt;</a>&nbsp;&nbsp;&nbsp;RTC_Bcd2ToByte
</UL>
<BR>[Called By]<UL><LI><a href="#[10a]">&gt;&gt;</a>&nbsp;&nbsp;&nbsp;TM_RTC_GetDateTime
</UL>

<P><STRONG><a name="[e6]"></a>RTC_GetITStatus</STRONG> (Thumb, 58 bytes, Stack size 12 bytes, stm32f4xx_rtc.o(i.RTC_GetITStatus))
<BR><BR>[Stack]<UL><LI>Max Depth = 12<LI>Call Chain = RTC_GetITStatus
</UL>
<BR>[Called By]<UL><LI><a href="#[22]">&gt;&gt;</a>&nbsp;&nbsp;&nbsp;RTC_WKUP_IRQHandler
<LI><a href="#[48]">&gt;&gt;</a>&nbsp;&nbsp;&nbsp;RTC_Alarm_IRQHandler
</UL>

<P><STRONG><a name="[ec]"></a>RTC_GetTime</STRONG> (Thumb, 72 bytes, Stack size 16 bytes, stm32f4xx_rtc.o(i.RTC_GetTime))
<BR><BR>[Stack]<UL><LI>Max Depth = 16<LI>Call Chain = RTC_GetTime
</UL>
<BR>[Calls]<UL><LI><a href="#[eb]">&gt;&gt;</a>&nbsp;&nbsp;&nbsp;RTC_Bcd2ToByte
</UL>
<BR>[Called By]<UL><LI><a href="#[10a]">&gt;&gt;</a>&nbsp;&nbsp;&nbsp;TM_RTC_GetDateTime
</UL>

<P><STRONG><a name="[ed]"></a>RTC_Init</STRONG> (Thumb, 94 bytes, Stack size 12 bytes, stm32f4xx_rtc.o(i.RTC_Init))
<BR><BR>[Stack]<UL><LI>Max Depth = 20<LI>Call Chain = RTC_Init &rArr; RTC_EnterInitMode
</UL>
<BR>[Calls]<UL><LI><a href="#[ef]">&gt;&gt;</a>&nbsp;&nbsp;&nbsp;RTC_ExitInitMode
<LI><a href="#[ee]">&gt;&gt;</a>&nbsp;&nbsp;&nbsp;RTC_EnterInitMode
</UL>
<BR>[Called By]<UL><LI><a href="#[10f]">&gt;&gt;</a>&nbsp;&nbsp;&nbsp;TM_RTC_SetDateTime
</UL>

<P><STRONG><a name="[10e]"></a>RTC_ReadBackupRegister</STRONG> (Thumb, 26 bytes, Stack size 8 bytes, stm32f4xx_rtc.o(i.RTC_ReadBackupRegister))
<BR><BR>[Stack]<UL><LI>Max Depth = 8<LI>Call Chain = RTC_ReadBackupRegister
</UL>
<BR>[Called By]<UL><LI><a href="#[10c]">&gt;&gt;</a>&nbsp;&nbsp;&nbsp;TM_RTC_Init
</UL>

<P><STRONG><a name="[f0]"></a>RTC_SetDate</STRONG> (Thumb, 190 bytes, Stack size 24 bytes, stm32f4xx_rtc.o(i.RTC_SetDate))
<BR><BR>[Stack]<UL><LI>Max Depth = 32<LI>Call Chain = RTC_SetDate &rArr; RTC_WaitForSynchro
</UL>
<BR>[Calls]<UL><LI><a href="#[f2]">&gt;&gt;</a>&nbsp;&nbsp;&nbsp;RTC_WaitForSynchro
<LI><a href="#[ef]">&gt;&gt;</a>&nbsp;&nbsp;&nbsp;RTC_ExitInitMode
<LI><a href="#[ee]">&gt;&gt;</a>&nbsp;&nbsp;&nbsp;RTC_EnterInitMode
<LI><a href="#[f1]">&gt;&gt;</a>&nbsp;&nbsp;&nbsp;RTC_ByteToBcd2
<LI><a href="#[eb]">&gt;&gt;</a>&nbsp;&nbsp;&nbsp;RTC_Bcd2ToByte
</UL>
<BR>[Called By]<UL><LI><a href="#[10f]">&gt;&gt;</a>&nbsp;&nbsp;&nbsp;TM_RTC_SetDateTime
</UL>

<P><STRONG><a name="[f3]"></a>RTC_SetTime</STRONG> (Thumb, 198 bytes, Stack size 24 bytes, stm32f4xx_rtc.o(i.RTC_SetTime))
<BR><BR>[Stack]<UL><LI>Max Depth = 32<LI>Call Chain = RTC_SetTime &rArr; RTC_WaitForSynchro
</UL>
<BR>[Calls]<UL><LI><a href="#[f2]">&gt;&gt;</a>&nbsp;&nbsp;&nbsp;RTC_WaitForSynchro
<LI><a href="#[ef]">&gt;&gt;</a>&nbsp;&nbsp;&nbsp;RTC_ExitInitMode
<LI><a href="#[ee]">&gt;&gt;</a>&nbsp;&nbsp;&nbsp;RTC_EnterInitMode
<LI><a href="#[f1]">&gt;&gt;</a>&nbsp;&nbsp;&nbsp;RTC_ByteToBcd2
<LI><a href="#[eb]">&gt;&gt;</a>&nbsp;&nbsp;&nbsp;RTC_Bcd2ToByte
</UL>
<BR>[Called By]<UL><LI><a href="#[10f]">&gt;&gt;</a>&nbsp;&nbsp;&nbsp;TM_RTC_SetDateTime
</UL>

<P><STRONG><a name="[22]"></a>RTC_WKUP_IRQHandler</STRONG> (Thumb, 34 bytes, Stack size 8 bytes, tm_stm32f4_rtc.o(i.RTC_WKUP_IRQHandler))
<BR><BR>[Stack]<UL><LI>Max Depth = 20<LI>Call Chain = RTC_WKUP_IRQHandler &rArr; RTC_GetITStatus
</UL>
<BR>[Calls]<UL><LI><a href="#[f4]">&gt;&gt;</a>&nbsp;&nbsp;&nbsp;TM_RTC_RequestHandler
<LI><a href="#[e6]">&gt;&gt;</a>&nbsp;&nbsp;&nbsp;RTC_GetITStatus
<LI><a href="#[e7]">&gt;&gt;</a>&nbsp;&nbsp;&nbsp;RTC_ClearITPendingBit
</UL>
<BR>[Address Reference Count : 1]<UL><LI> startup_stm32f40xx.o(RESET)
</UL>
<P><STRONG><a name="[f2]"></a>RTC_WaitForSynchro</STRONG> (Thumb, 92 bytes, Stack size 8 bytes, stm32f4xx_rtc.o(i.RTC_WaitForSynchro))
<BR><BR>[Stack]<UL><LI>Max Depth = 8<LI>Call Chain = RTC_WaitForSynchro
</UL>
<BR>[Called By]<UL><LI><a href="#[f3]">&gt;&gt;</a>&nbsp;&nbsp;&nbsp;RTC_SetTime
<LI><a href="#[f0]">&gt;&gt;</a>&nbsp;&nbsp;&nbsp;RTC_SetDate
<LI><a href="#[102]">&gt;&gt;</a>&nbsp;&nbsp;&nbsp;TM_RTC_Config
<LI><a href="#[10c]">&gt;&gt;</a>&nbsp;&nbsp;&nbsp;TM_RTC_Init
</UL>

[...]
<BR><BR>[Called By]<UL><LI><a href="#[142]">&gt;&gt;</a>&nbsp;&nbsp;&nbsp;dhcp_decline
</UL>

<P><STRONG><a name="[144]"></a>dhcp_set_state</STRONG> (Thumb, 14 bytes, Stack size 0 bytes, dhcp.o(i.dhcp_set_state))
<BR><BR>[Called By]<UL><LI><a href="#[142]">&gt;&gt;</a>&nbsp;&nbsp;&nbsp;dhcp_decline
</UL>

<P><STRONG><a name="[186]"></a>plug_holes</STRONG> (Thumb, 124 bytes, Stack size 12 bytes, mem.o(i.plug_holes))
<BR><BR>[Stack]<UL><LI>Max Depth = 12<LI>Call Chain = plug_holes
</UL>
<BR>[Called By]<UL><LI><a href="#[185]">&gt;&gt;</a>&nbsp;&nbsp;&nbsp;mem_free
</UL>

<P><STRONG><a name="[7f]"></a>tcp_accept_null</STRONG> (Thumb, 8 bytes, Stack size 0 bytes, tcp.o(i.tcp_accept_null))
<BR>[Address Reference Count : 1]<UL><LI> tcp.o(i.tcp_listen_with_backlog)
</UL>
<P><STRONG><a name="[195]"></a>tcp_kill_prio</STRONG> (Thumb, 78 bytes, Stack size 24 bytes, tcp.o(i.tcp_kill_prio))
<BR><BR>[Stack]<UL><LI>Max Depth = 412<LI>Call Chain = tcp_kill_prio &rArr; tcp_abandon &rArr; tcp_pcb_remove &rArr; tcp_output &rArr; tcp_output_segment &rArr; ip_output &rArr; ip_output_if &rArr; ip_frag &rArr; pbuf_alloc &rArr; pbuf_free &rArr; mem_free &rArr; plug_holes
</UL>
<BR>[Calls]<UL><LI><a href="#[18b]">&gt;&gt;</a>&nbsp;&nbsp;&nbsp;tcp_abandon
</UL>
<BR>[Called By]<UL><LI><a href="#[193]">&gt;&gt;</a>&nbsp;&nbsp;&nbsp;tcp_alloc
</UL>

<P><STRONG><a name="[194]"></a>tcp_kill_timewait</STRONG> (Thumb, 52 bytes, Stack size 16 bytes, tcp.o(i.tcp_kill_timewait))
<BR><BR>[Stack]<UL><LI>Max Depth = 404<LI>Call Chain = tcp_kill_timewait &rArr; tcp_abandon &rArr; tcp_pcb_remove &rArr; tcp_output &rArr; tcp_output_segment &rArr; ip_output &rArr; ip_output_if &rArr; ip_frag &rArr; pbuf_alloc &rArr; pbuf_free &rArr; mem_free &rArr; plug_holes
</UL>
<BR>[Calls]<UL><LI><a href="#[18b]">&gt;&gt;</a>&nbsp;&nbsp;&nbsp;tcp_abandon
</UL>
<BR>[Called By]<UL><LI><a href="#[193]">&gt;&gt;</a>&nbsp;&nbsp;&nbsp;tcp_alloc
</UL>

<P><STRONG><a name="[198]"></a>tcp_new_port</STRONG> (Thumb, 104 bytes, Stack size 0 bytes, tcp.o(i.tcp_new_port))
<BR><BR>[Called By]<UL><LI><a href="#[197]">&gt;&gt;</a>&nbsp;&nbsp;&nbsp;tcp_bind
</UL>

<P><STRONG><a name="[1ac]"></a>tcp_listen_input</STRONG> (Thumb, 278 bytes, Stack size 24 bytes, tcp_in.o(i.tcp_listen_input))
<BR><BR>[Stack]<UL><LI>Max Depth = 452<LI>Call Chain = tcp_listen_input &rArr; tcp_alloc &rArr; tcp_kill_prio &rArr; tcp_abandon &rArr; tcp_pcb_remove &rArr; tcp_output &rArr; tcp_output_segment &rArr; ip_output &rArr; ip_output_if &rArr; ip_frag &rArr; pbuf_alloc &rArr; pbuf_free &rArr; mem_free &rArr; plug_holes
</UL>
<BR>[Calls]<UL><LI><a href="#[18b]">&gt;&gt;</a>&nbsp;&nbsp;&nbsp;tcp_abandon
<LI><a href="#[1ae]">&gt;&gt;</a>&nbsp;&nbsp;&nbsp;tcp_parseopt
<LI><a href="#[192]">&gt;&gt;</a>&nbsp;&nbsp;&nbsp;tcp_rst
<LI><a href="#[19b]">&gt;&gt;</a>&nbsp;&nbsp;&nbsp;tcp_output
<LI><a href="#[1aa]">&gt;&gt;</a>&nbsp;&nbsp;&nbsp;tcp_enqueue
<LI><a href="#[1a9]">&gt;&gt;</a>&nbsp;&nbsp;&nbsp;tcp_eff_send_mss
<LI><a href="#[193]">&gt;&gt;</a>&nbsp;&nbsp;&nbsp;tcp_alloc
</UL>
<BR>[Called By]<UL><LI><a href="#[16e]">&gt;&gt;</a>&nbsp;&nbsp;&nbsp;tcp_input
</UL>

<P><STRONG><a name="[1ae]"></a>tcp_parseopt</STRONG> (Thumb, 178 bytes, Stack size 32 bytes, tcp_in.o(i.tcp_parseopt))
<BR><BR>[Stack]<UL><LI>Max Depth = 36<LI>Call Chain = tcp_parseopt &rArr; ntohs
</UL>
<BR>[Calls]<UL><LI><a href="#[160]">&gt;&gt;</a>&nbsp;&nbsp;&nbsp;ntohs
</UL>
<BR>[Called By]<UL><LI><a href="#[1ad]">&gt;&gt;</a>&nbsp;&nbsp;&nbsp;tcp_process
<LI><a href="#[1ac]">&gt;&gt;</a>&nbsp;&nbsp;&nbsp;tcp_listen_input
</UL>

<P><STRONG><a name="[1ad]"></a>tcp_process</STRONG> (Thumb, 1388 bytes, Stack size 32 bytes, tcp_in.o(i.tcp_process))
<BR><BR>[Stack]<UL><LI>Max Depth = 420<LI>Call Chain = tcp_process &rArr; tcp_abandon &rArr; tcp_pcb_remove &rArr; tcp_output &rArr; tcp_output_segment &rArr; ip_output &rArr; ip_output_if &rArr; ip_frag &rArr; pbuf_alloc &rArr; pbuf_free &rArr; mem_free &rArr; plug_holes
</UL>
<BR>[Calls]<UL><LI><a href="#[18b]">&gt;&gt;</a>&nbsp;&nbsp;&nbsp;tcp_abandon
<LI><a href="#[13c]">&gt;&gt;</a>&nbsp;&nbsp;&nbsp;ntohl
<LI><a href="#[1b5]">&gt;&gt;</a>&nbsp;&nbsp;&nbsp;tcp_rexmit
<LI><a href="#[1b4]">&gt;&gt;</a>&nbsp;&nbsp;&nbsp;tcp_receive
<LI><a href="#[1ae]">&gt;&gt;</a>&nbsp;&nbsp;&nbsp;tcp_parseopt
<LI><a href="#[192]">&gt;&gt;</a>&nbsp;&nbsp;&nbsp;tcp_rst
<LI><a href="#[19b]">&gt;&gt;</a>&nbsp;&nbsp;&nbsp;tcp_output
<LI><a href="#[1b1]">&gt;&gt;</a>&nbsp;&nbsp;&nbsp;tcp_seg_free
<LI><a href="#[1b3]">&gt;&gt;</a>&nbsp;&nbsp;&nbsp;tcp_pcb_purge
<LI><a href="#[1a9]">&gt;&gt;</a>&nbsp;&nbsp;&nbsp;tcp_eff_send_mss
</UL>
<BR>[Called By]<UL><LI><a href="#[16e]">&gt;&gt;</a>&nbsp;&nbsp;&nbsp;tcp_input
</UL>

<P><STRONG><a name="[1b4]"></a>tcp_receive</STRONG> (Thumb, 1562 bytes, Stack size 48 bytes, tcp_in.o(i.tcp_receive))
<BR><BR>[Stack]<UL><LI>Max Depth = 364<LI>Call Chain = tcp_receive &rArr; tcp_output &rArr; tcp_output_segment &rArr; ip_output &rArr; ip_output_if &rArr; ip_frag &rArr; pbuf_alloc &rArr; pbuf_free &rArr; mem_free &rArr; plug_holes
</UL>
<BR>[Calls]<UL><LI><a href="#[150]">&gt;&gt;</a>&nbsp;&nbsp;&nbsp;pbuf_header
<LI><a href="#[160]">&gt;&gt;</a>&nbsp;&nbsp;&nbsp;ntohs
<LI><a href="#[170]">&gt;&gt;</a>&nbsp;&nbsp;&nbsp;pbuf_clen
<LI><a href="#[149]">&gt;&gt;</a>&nbsp;&nbsp;&nbsp;pbuf_realloc
<LI><a href="#[13c]">&gt;&gt;</a>&nbsp;&nbsp;&nbsp;ntohl
<LI><a href="#[1af]">&gt;&gt;</a>&nbsp;&nbsp;&nbsp;tcp_send_empty_ack
<LI><a href="#[1b6]">&gt;&gt;</a>&nbsp;&nbsp;&nbsp;tcp_rexmit_fast
<LI><a href="#[14d]">&gt;&gt;</a>&nbsp;&nbsp;&nbsp;htons
<LI><a href="#[19b]">&gt;&gt;</a>&nbsp;&nbsp;&nbsp;tcp_output
<LI><a href="#[1b7]">&gt;&gt;</a>&nbsp;&nbsp;&nbsp;tcp_update_rcv_ann_wnd
<LI><a href="#[1b1]">&gt;&gt;</a>&nbsp;&nbsp;&nbsp;tcp_seg_free
</UL>
<BR>[Called By]<UL><LI><a href="#[1ad]">&gt;&gt;</a>&nbsp;&nbsp;&nbsp;tcp_process
</UL>

<P><STRONG><a name="[1ab]"></a>tcp_timewait_input</STRONG> (Thumb, 150 bytes, Stack size 16 bytes, tcp_in.o(i.tcp_timewait_input))
<BR><BR>[Stack]<UL><LI>Max Depth = 332<LI>Call Chain = tcp_timewait_input &rArr; tcp_output &rArr; tcp_output_segment &rArr; ip_output &rArr; ip_output_if &rArr; ip_frag &rArr; pbuf_alloc &rArr; pbuf_free &rArr; mem_free &rArr; plug_holes
</UL>
<BR>[Calls]<UL><LI><a href="#[192]">&gt;&gt;</a>&nbsp;&nbsp;&nbsp;tcp_rst
<LI><a href="#[19b]">&gt;&gt;</a>&nbsp;&nbsp;&nbsp;tcp_output
</UL>
<BR>[Called By]<UL><LI><a href="#[16e]">&gt;&gt;</a>&nbsp;&nbsp;&nbsp;tcp_input
</UL>

<P><STRONG><a name="[1b0]"></a>tcp_output_segment</STRONG> (Thumb, 194 bytes, Stack size 32 bytes, tcp_out.o(i.tcp_output_segment))
<BR><BR>[Stack]<UL><LI>Max Depth = 284<LI>Call Chain = tcp_output_segment &rArr; ip_output &rArr; ip_output_if &rArr; ip_frag &rArr; pbuf_alloc &rArr; pbuf_free &rArr; mem_free &rArr; plug_holes
</UL>
<BR>[Calls]<UL><LI><a href="#[e2]">&gt;&gt;</a>&nbsp;&nbsp;&nbsp;htonl
<LI><a href="#[16f]">&gt;&gt;</a>&nbsp;&nbsp;&nbsp;ip_route
<LI><a href="#[13c]">&gt;&gt;</a>&nbsp;&nbsp;&nbsp;ntohl
<LI><a href="#[165]">&gt;&gt;</a>&nbsp;&nbsp;&nbsp;ip_output
<LI><a href="#[14d]">&gt;&gt;</a>&nbsp;&nbsp;&nbsp;htons
</UL>
<BR>[Called By]<UL><LI><a href="#[19b]">&gt;&gt;</a>&nbsp;&nbsp;&nbsp;tcp_output
</UL>

<P><STRONG><a name="[1b2]"></a>tcp_output_set_header</STRONG> (Thumb, 138 bytes, Stack size 32 bytes, tcp_out.o(i.tcp_output_set_header))
<BR><BR>[Stack]<UL><LI>Max Depth = 36<LI>Call Chain = tcp_output_set_header &rArr; ntohs
</UL>
<BR>[Calls]<UL><LI><a href="#[e2]">&gt;&gt;</a>&nbsp;&nbsp;&nbsp;htonl
<LI><a href="#[160]">&gt;&gt;</a>&nbsp;&nbsp;&nbsp;ntohs
<LI><a href="#[14d]">&gt;&gt;</a>&nbsp;&nbsp;&nbsp;htons
</UL>
<BR>[Called By]<UL><LI><a href="#[1af]">&gt;&gt;</a>&nbsp;&nbsp;&nbsp;tcp_send_empty_ack
</UL>

<P><STRONG><a name="[135]"></a>autoip_arp_announce</STRONG> (Thumb, 36 bytes, Stack size 24 bytes, autoip.o(i.autoip_arp_announce))
<BR><BR>[Stack]<UL><LI>Max Depth = 180<LI>Call Chain = autoip_arp_announce &rArr; etharp_raw &rArr; pbuf_alloc &rArr; pbuf_free &rArr; mem_free &rArr; plug_holes
</UL>
<BR>[Calls]<UL><LI><a href="#[136]">&gt;&gt;</a>&nbsp;&nbsp;&nbsp;etharp_raw
</UL>
<BR>[Called By]<UL><LI><a href="#[13a]">&gt;&gt;</a>&nbsp;&nbsp;&nbsp;autoip_handle_arp_conflict
</UL>

<P><STRONG><a name="[13b]"></a>autoip_create_addr</STRONG> (Thumb, 86 bytes, Stack size 24 bytes, autoip.o(i.autoip_create_addr))
<BR><BR>[Stack]<UL><LI>Max Depth = 28<LI>Call Chain = autoip_create_addr &rArr; ntohl
</UL>
<BR>[Calls]<UL><LI><a href="#[e2]">&gt;&gt;</a>&nbsp;&nbsp;&nbsp;htonl
<LI><a href="#[13c]">&gt;&gt;</a>&nbsp;&nbsp;&nbsp;ntohl
</UL>
<BR>[Called By]<UL><LI><a href="#[139]">&gt;&gt;</a>&nbsp;&nbsp;&nbsp;autoip_start
</UL>

<P><STRONG><a name="[13a]"></a>autoip_handle_arp_conflict</STRONG> (Thumb, 46 bytes, Stack size 16 bytes, autoip.o(i.autoip_handle_arp_conflict))
<BR><BR>[Stack]<UL><LI>Max Depth = 196<LI>Call Chain = autoip_handle_arp_conflict &rArr; autoip_arp_announce &rArr; etharp_raw &rArr; pbuf_alloc &rArr; pbuf_free &rArr; mem_free &rArr; plug_holes
</UL>
<BR>[Calls]<UL><LI><a href="#[139]">&gt;&gt;</a>&nbsp;&nbsp;&nbsp;autoip_start
<LI><a href="#[135]">&gt;&gt;</a>&nbsp;&nbsp;&nbsp;autoip_arp_announce
</UL>
<BR>[Called By]<UL><LI><a href="#[137]">&gt;&gt;</a>&nbsp;&nbsp;&nbsp;autoip_arp_reply
</UL>

<P><STRONG><a name="[140]"></a>autoip_start_probing</STRONG> (Thumb, 80 bytes, Stack size 8 bytes, autoip.o(i.autoip_start_probing))
<BR><BR>[Stack]<UL><LI>Max Depth = 8<LI>Call Chain = autoip_start_probing
</UL>
<BR>[Called By]<UL><LI><a href="#[139]">&gt;&gt;</a>&nbsp;&nbsp;&nbsp;autoip_start
</UL>

<P><STRONG><a name="[15e]"></a>icmp_send_response</STRONG> (Thumb, 108 bytes, Stack size 40 bytes, icmp.o(i.icmp_send_response))
<BR><BR>[Stack]<UL><LI>Max Depth = 292<LI>Call Chain = icmp_send_response &rArr; ip_output &rArr; ip_output_if &rArr; ip_frag &rArr; pbuf_alloc &rArr; pbuf_free &rArr; mem_free &rArr; plug_holes
</UL>
<BR>[Calls]<UL><LI><a href="#[a1]">&gt;&gt;</a>&nbsp;&nbsp;&nbsp;pbuf_free
<LI><a href="#[9e]">&gt;&gt;</a>&nbsp;&nbsp;&nbsp;pbuf_alloc
<LI><a href="#[164]">&gt;&gt;</a>&nbsp;&nbsp;&nbsp;inet_chksum
<LI><a href="#[165]">&gt;&gt;</a>&nbsp;&nbsp;&nbsp;ip_output
<LI><a href="#[163]">&gt;&gt;</a>&nbsp;&nbsp;&nbsp;__aeabi_memcpy
</UL>
<BR>[Called By]<UL><LI><a href="#[166]">&gt;&gt;</a>&nbsp;&nbsp;&nbsp;icmp_time_exceeded
<LI><a href="#[15d]">&gt;&gt;</a>&nbsp;&nbsp;&nbsp;icmp_dest_unreach
</UL>

<P><STRONG><a name="[167]"></a>lwip_standard_chksum</STRONG> (Thumb, 74 bytes, Stack size 24 bytes, inet_chksum.o(i.lwip_standard_chksum))
<BR><BR>[Stack]<UL><LI>Max Depth = 24<LI>Call Chain = lwip_standard_chksum
</UL>
<BR>[Calls]<UL><LI><a href="#[14d]">&gt;&gt;</a>&nbsp;&nbsp;&nbsp;htons
</UL>
<BR>[Called By]<UL><LI><a href="#[161]">&gt;&gt;</a>&nbsp;&nbsp;&nbsp;inet_chksum_pbuf
<LI><a href="#[164]">&gt;&gt;</a>&nbsp;&nbsp;&nbsp;inet_chksum
</UL>

<P><STRONG><a name="[173]"></a>ip_reass_chain_frag_into_datagram_and_validate</STRONG> (Thumb, 354 bytes, Stack size 48 bytes, ip_frag.o(i.ip_reass_chain_frag_into_datagram_and_validate))
<BR><BR>[Stack]<UL><LI>Max Depth = 100<LI>Call Chain = ip_reass_chain_frag_into_datagram_and_validate &rArr; pbuf_free &rArr; mem_free &rArr; plug_holes
</UL>
<BR>[Calls]<UL><LI><a href="#[a1]">&gt;&gt;</a>&nbsp;&nbsp;&nbsp;pbuf_free
<LI><a href="#[160]">&gt;&gt;</a>&nbsp;&nbsp;&nbsp;ntohs
<LI><a href="#[170]">&gt;&gt;</a>&nbsp;&nbsp;&nbsp;pbuf_clen
</UL>
<BR>[Called By]<UL><LI><a href="#[16b]">&gt;&gt;</a>&nbsp;&nbsp;&nbsp;ip_reass
</UL>

<P><STRONG><a name="[175]"></a>ip_reass_dequeue_datagram</STRONG> (Thumb, 40 bytes, Stack size 16 bytes, ip_frag.o(i.ip_reass_dequeue_datagram))
<BR><BR>[Stack]<UL><LI>Max Depth = 16<LI>Call Chain = ip_reass_dequeue_datagram
</UL>
<BR>[Calls]<UL><LI><a href="#[15c]">&gt;&gt;</a>&nbsp;&nbsp;&nbsp;memp_free
</UL>
<BR>[Called By]<UL><LI><a href="#[177]">&gt;&gt;</a>&nbsp;&nbsp;&nbsp;ip_reass_free_complete_datagram
<LI><a href="#[16b]">&gt;&gt;</a>&nbsp;&nbsp;&nbsp;ip_reass
</UL>

<P><STRONG><a name="[172]"></a>ip_reass_enqueue_new_datagram</STRONG> (Thumb, 80 bytes, Stack size 16 bytes, ip_frag.o(i.ip_reass_enqueue_new_datagram))
<BR><BR>[Stack]<UL><LI>Max Depth = 396<LI>Call Chain = ip_reass_enqueue_new_datagram &rArr; ip_reass_remove_oldest_datagram &rArr; ip_reass_free_complete_datagram &rArr; icmp_time_exceeded &rArr; icmp_send_response &rArr; ip_output &rArr; ip_output_if &rArr; ip_frag &rArr; pbuf_alloc &rArr; pbuf_free &rArr; mem_free &rArr; plug_holes
</UL>
<BR>[Calls]<UL><LI><a href="#[158]">&gt;&gt;</a>&nbsp;&nbsp;&nbsp;memp_malloc
<LI><a href="#[171]">&gt;&gt;</a>&nbsp;&nbsp;&nbsp;ip_reass_remove_oldest_datagram
<LI><a href="#[176]">&gt;&gt;</a>&nbsp;&nbsp;&nbsp;__aeabi_memclr4
<LI><a href="#[163]">&gt;&gt;</a>&nbsp;&nbsp;&nbsp;__aeabi_memcpy
</UL>
<BR>[Called By]<UL><LI><a href="#[16b]">&gt;&gt;</a>&nbsp;&nbsp;&nbsp;ip_reass
</UL>

<P><STRONG><a name="[177]"></a>ip_reass_free_complete_datagram</STRONG> (Thumb, 130 bytes, Stack size 32 bytes, ip_frag.o(i.ip_reass_free_complete_datagram))
<BR><BR>[Stack]<UL><LI>Max Depth = 340<LI>Call Chain = ip_reass_free_complete_datagram &rArr; icmp_time_exceeded &rArr; icmp_send_response &rArr; ip_output &rArr; ip_output_if &rArr; ip_frag &rArr; pbuf_alloc &rArr; pbuf_free &rArr; mem_free &rArr; plug_holes
</UL>
<BR>[Calls]<UL><LI><a href="#[a1]">&gt;&gt;</a>&nbsp;&nbsp;&nbsp;pbuf_free
<LI><a href="#[170]">&gt;&gt;</a>&nbsp;&nbsp;&nbsp;pbuf_clen
<LI><a href="#[175]">&gt;&gt;</a>&nbsp;&nbsp;&nbsp;ip_reass_dequeue_datagram
<LI><a href="#[166]">&gt;&gt;</a>&nbsp;&nbsp;&nbsp;icmp_time_exceeded
<LI><a href="#[163]">&gt;&gt;</a>&nbsp;&nbsp;&nbsp;__aeabi_memcpy
</UL>
<BR>[Called By]<UL><LI><a href="#[171]">&gt;&gt;</a>&nbsp;&nbsp;&nbsp;ip_reass_remove_oldest_datagram
</UL>

<P><STRONG><a name="[171]"></a>ip_reass_remove_oldest_datagram</STRONG> (Thumb, 118 bytes, Stack size 40 bytes, ip_frag.o(i.ip_reass_remove_oldest_datagram))
<BR><BR>[Stack]<UL><LI>Max Depth = 380<LI>Call Chain = ip_reass_remove_oldest_datagram &rArr; ip_reass_free_complete_datagram &rArr; icmp_time_exceeded &rArr; icmp_send_response &rArr; ip_output &rArr; ip_output_if &rArr; ip_frag &rArr; pbuf_alloc &rArr; pbuf_free &rArr; mem_free &rArr; plug_holes
</UL>
<BR>[Calls]<UL><LI><a href="#[177]">&gt;&gt;</a>&nbsp;&nbsp;&nbsp;ip_reass_free_complete_datagram
</UL>
<BR>[Called By]<UL><LI><a href="#[172]">&gt;&gt;</a>&nbsp;&nbsp;&nbsp;ip_reass_enqueue_new_datagram
<LI><a href="#[16b]">&gt;&gt;</a>&nbsp;&nbsp;&nbsp;ip_reass
</UL>

<P><STRONG><a name="[153]"></a>etharp_send_ip</STRONG> (Thumb, 66 bytes, Stack size 32 bytes, etharp.o(i.etharp_send_ip))
<BR><BR>[Stack]<UL><LI>Max Depth = 32<LI>Call Chain = etharp_send_ip
</UL>
<BR>[Calls]<UL><LI><a href="#[14d]">&gt;&gt;</a>&nbsp;&nbsp;&nbsp;htons
</UL>
<BR>[Called By]<UL><LI><a href="#[152]">&gt;&gt;</a>&nbsp;&nbsp;&nbsp;etharp_query
<LI><a href="#[77]">&gt;&gt;</a>&nbsp;&nbsp;&nbsp;etharp_output
<LI><a href="#[14e]">&gt;&gt;</a>&nbsp;&nbsp;&nbsp;update_arp_entry
</UL>

<P><STRONG><a name="[154]"></a>find_entry</STRONG> (Thumb, 482 bytes, Stack size 48 bytes, etharp.o(i.find_entry))
<BR><BR>[Stack]<UL><LI>Max Depth = 116<LI>Call Chain = find_entry &rArr; free_etharp_q &rArr; pbuf_free &rArr; mem_free &rArr; plug_holes
</UL>
<BR>[Calls]<UL><LI><a href="#[15b]">&gt;&gt;</a>&nbsp;&nbsp;&nbsp;free_etharp_q
</UL>
<BR>[Called By]<UL><LI><a href="#[152]">&gt;&gt;</a>&nbsp;&nbsp;&nbsp;etharp_query
<LI><a href="#[14e]">&gt;&gt;</a>&nbsp;&nbsp;&nbsp;update_arp_entry
</UL>

<P><STRONG><a name="[15b]"></a>free_etharp_q</STRONG> (Thumb, 42 bytes, Stack size 16 bytes, etharp.o(i.free_etharp_q))
<BR><BR>[Stack]<UL><LI>Max Depth = 68<LI>Call Chain = free_etharp_q &rArr; pbuf_free &rArr; mem_free &rArr; plug_holes
</UL>
<BR>[Calls]<UL><LI><a href="#[a1]">&gt;&gt;</a>&nbsp;&nbsp;&nbsp;pbuf_free
<LI><a href="#[15c]">&gt;&gt;</a>&nbsp;&nbsp;&nbsp;memp_free
</UL>
<BR>[Called By]<UL><LI><a href="#[154]">&gt;&gt;</a>&nbsp;&nbsp;&nbsp;find_entry
</UL>

<P><STRONG><a name="[14e]"></a>update_arp_entry</STRONG> (Thumb, 232 bytes, Stack size 40 bytes, etharp.o(i.update_arp_entry))
<BR><BR>[Stack]<UL><LI>Max Depth = 156<LI>Call Chain = update_arp_entry &rArr; find_entry &rArr; free_etharp_q &rArr; pbuf_free &rArr; mem_free &rArr; plug_holes
</UL>
<BR>[Calls]<UL><LI><a href="#[a1]">&gt;&gt;</a>&nbsp;&nbsp;&nbsp;pbuf_free
<LI><a href="#[15c]">&gt;&gt;</a>&nbsp;&nbsp;&nbsp;memp_free
<LI><a href="#[13c]">&gt;&gt;</a>&nbsp;&nbsp;&nbsp;ntohl
<LI><a href="#[154]">&gt;&gt;</a>&nbsp;&nbsp;&nbsp;find_entry
<LI><a href="#[153]">&gt;&gt;</a>&nbsp;&nbsp;&nbsp;etharp_send_ip
<LI><a href="#[151]">&gt;&gt;</a>&nbsp;&nbsp;&nbsp;ip_addr_isbroadcast
</UL>
<BR>[Called By]<UL><LI><a href="#[14f]">&gt;&gt;</a>&nbsp;&nbsp;&nbsp;etharp_ip_input
<LI><a href="#[14c]">&gt;&gt;</a>&nbsp;&nbsp;&nbsp;etharp_arp_input
</UL>

<P><STRONG><a name="[15a]"></a>low_level_init</STRONG> (Thumb, 110 bytes, Stack size 16 bytes, ethernetif.o(i.low_level_init))
<BR><BR>[Stack]<UL><LI>Max Depth = 32<LI>Call Chain = low_level_init &rArr; ETH_DMARxDescChainInit
</UL>
<BR>[Calls]<UL><LI><a href="#[c9]">&gt;&gt;</a>&nbsp;&nbsp;&nbsp;ETH_Start
<LI><a href="#[17a]">&gt;&gt;</a>&nbsp;&nbsp;&nbsp;ETH_MACAddressConfig
<LI><a href="#[17d]">&gt;&gt;</a>&nbsp;&nbsp;&nbsp;ETH_DMATxDescChecksumInsertionConfig
<LI><a href="#[17b]">&gt;&gt;</a>&nbsp;&nbsp;&nbsp;ETH_DMATxDescChainInit
<LI><a href="#[17c]">&gt;&gt;</a>&nbsp;&nbsp;&nbsp;ETH_DMARxDescChainInit
</UL>
<BR>[Called By]<UL><LI><a href="#[75]">&gt;&gt;</a>&nbsp;&nbsp;&nbsp;ethernetif_init
</UL>

<P><STRONG><a name="[78]"></a>low_level_output</STRONG> (Thumb, 52 bytes, Stack size 24 bytes, ethernetif.o(i.low_level_output))
<BR><BR>[Stack]<UL><LI>Max Depth = 40<LI>Call Chain = low_level_output &rArr; ETH_Prepare_Transmit_Descriptors
</UL>
<BR>[Calls]<UL><LI><a href="#[17e]">&gt;&gt;</a>&nbsp;&nbsp;&nbsp;ETH_Prepare_Transmit_Descriptors
<LI><a href="#[163]">&gt;&gt;</a>&nbsp;&nbsp;&nbsp;__aeabi_memcpy
</UL>
<BR>[Address Reference Count : 1]<UL><LI> ethernetif.o(i.ethernetif_init)
</UL>
<P><STRONG><a name="[130]"></a>_fp_digits</STRONG> (Thumb, 334 bytes, Stack size 56 bytes, printfa.o(i._fp_digits), UNUSED)
<BR><BR>[Calls]<UL><LI><a href="#[85]">&gt;&gt;</a>&nbsp;&nbsp;&nbsp;__aeabi_ddiv
<LI><a href="#[131]">&gt;&gt;</a>&nbsp;&nbsp;&nbsp;__aeabi_cdrcmple
<LI><a href="#[89]">&gt;&gt;</a>&nbsp;&nbsp;&nbsp;__aeabi_uldivmod
<LI><a href="#[90]">&gt;&gt;</a>&nbsp;&nbsp;&nbsp;__aeabi_dmul
<LI><a href="#[8c]">&gt;&gt;</a>&nbsp;&nbsp;&nbsp;__aeabi_dadd
<LI><a href="#[91]">&gt;&gt;</a>&nbsp;&nbsp;&nbsp;__aeabi_d2ulz
</UL>
<BR>[Called By]<UL><LI><a href="#[12f]">&gt;&gt;</a>&nbsp;&nbsp;&nbsp;_printf_core
</UL>

<P><STRONG><a name="[12f]"></a>_printf_core</STRONG> (Thumb, 1744 bytes, Stack size 136 bytes, printfa.o(i._printf_core), UNUSED)
<BR><BR>[Calls]<UL><LI><a href="#[89]">&gt;&gt;</a>&nbsp;&nbsp;&nbsp;__aeabi_uldivmod
<LI><a href="#[134]">&gt;&gt;</a>&nbsp;&nbsp;&nbsp;__aeabi_uidivmod
<LI><a href="#[132]">&gt;&gt;</a>&nbsp;&nbsp;&nbsp;_printf_pre_padding
<LI><a href="#[133]">&gt;&gt;</a>&nbsp;&nbsp;&nbsp;_printf_post_padding
<LI><a href="#[130]">&gt;&gt;</a>&nbsp;&nbsp;&nbsp;_fp_digits
</UL>
<BR>[Called By]<UL><LI><a href="#[12e]">&gt;&gt;</a>&nbsp;&nbsp;&nbsp;__0sprintf
</UL>

<P><STRONG><a name="[133]"></a>_printf_post_padding</STRONG> (Thumb, 36 bytes, Stack size 24 bytes, printfa.o(i._printf_post_padding), UNUSED)
<BR><BR>[Called By]<UL><LI><a href="#[12f]">&gt;&gt;</a>&nbsp;&nbsp;&nbsp;_printf_core
</UL>

<P><STRONG><a name="[132]"></a>_printf_pre_padding</STRONG> (Thumb, 46 bytes, Stack size 24 bytes, printfa.o(i._printf_pre_padding), UNUSED)
<BR><BR>[Called By]<UL><LI><a href="#[12f]">&gt;&gt;</a>&nbsp;&nbsp;&nbsp;_printf_core
</UL>

<P><STRONG><a name="[76]"></a>_sputc</STRONG> (Thumb, 10 bytes, Stack size 0 bytes, printfa.o(i._sputc))
<BR><BR>[Called By]<UL><LI><a href="#[12e]">&gt;&gt;</a>&nbsp;&nbsp;&nbsp;__0sprintf
</UL>
<BR>[Address Reference Count : 1]<UL><LI> printfa.o(i.__0sprintf)
</UL><P>
<H3>
Undefined Global Symbols
</H3><HR></body></html>
