Component: ARM Compiler 5.06 update 2 (build 183) Tool: armlink [4d35b7]

==============================================================================

Section Cross References

    main.o(i.BTinit) refers to stm32f4xx_rcc.o(i.RCC_APB1PeriphClockCmd) for RCC_APB1PeriphClockCmd
    main.o(i.BTinit) refers to stm32f4xx_rcc.o(i.RCC_AHB1PeriphClockCmd) for RCC_AHB1PeriphClockCmd
    main.o(i.BTinit) refers to stm32f4xx_gpio.o(i.GPIO_PinAFConfig) for GPIO_PinAFConfig
    main.o(i.BTinit) refers to stm32f4xx_gpio.o(i.GPIO_Init) for GPIO_Init
    main.o(i.BTinit) refers to stm32f4xx_usart.o(i.USART_Init) for USART_Init
    main.o(i.BTinit) refers to stm32f4xx_usart.o(i.USART_Cmd) for USART_Cmd
    main.o(i.BTinit) refers to stm32f4xx_usart.o(i.USART_ITConfig) for USART_ITConfig
    main.o(i.BTinit) refers to main.o(i.__NVIC_EnableIRQ) for __NVIC_EnableIRQ
    main.o(i.BTinit) refers to stm32f4xx_usart.o(i.USART_ClearFlag) for USART_ClearFlag
    main.o(i.Clockinit) refers to pbuf.o(i.pbuf_alloc) for pbuf_alloc
    main.o(i.Clockinit) refers to printfa.o(i.__0sprintf) for __2sprintf
    main.o(i.Clockinit) refers to tcp_echoserver.o(i.tcp_echoserver_send) for tcp_echoserver_send
    main.o(i.Clockinit) refers to pbuf.o(i.pbuf_free) for pbuf_free
    main.o(i.Clockinit) refers to main.o(.data) for LCD_LINE_NUM
    main.o(i.Clockinit) refers to tcp_echoserver.o(.bss) for mes
    main.o(i.Codec_TIMEOUT_UserCallback) refers to stm324xg_eval_lcd.o(i.LCD_GetFont) for LCD_GetFont
    main.o(i.Codec_TIMEOUT_UserCallback) refers to stm324xg_eval_lcd.o(i.LCD_DisplayStringLine) for LCD_DisplayStringLine
    main.o(i.Delay) refers to main.o(.data) for uwTimingDelay
    main.o(i.DistanceSenser) refers to stm32f4xx_gpio.o(i.GPIO_ResetBits) for GPIO_ResetBits
    main.o(i.DistanceSenser) refers to stm32f4xx_gpio.o(i.GPIO_SetBits) for GPIO_SetBits
    main.o(i.DistanceSenser) refers to main.o(i.Delay) for Delay
    main.o(i.DistanceSenser) refers to stm32f4xx_tim.o(i.TIM_SetCounter) for TIM_SetCounter
    main.o(i.DistanceSenser) refers to stm32f4xx_gpio.o(i.GPIO_ReadInputDataBit) for GPIO_ReadInputDataBit
    main.o(i.DistanceSenser) refers to stm32f4xx_tim.o(i.TIM_Cmd) for TIM_Cmd
    main.o(i.DistanceSenser) refers to stm32f4xx_tim.o(i.TIM_GetCounter) for TIM_GetCounter
    main.o(i.DistanceSenser) refers to dfltui.o(.text) for __aeabi_ui2d
    main.o(i.DistanceSenser) refers to ddiv.o(.text) for __aeabi_ddiv
    main.o(i.DistanceSenser) refers to main.o(.data) for overflow
    main.o(i.DistanceSensorinit) refers to stm32f4xx_rcc.o(i.RCC_AHB1PeriphClockCmd) for RCC_AHB1PeriphClockCmd
    main.o(i.DistanceSensorinit) refers to stm32f4xx_gpio.o(i.GPIO_Init) for GPIO_Init
    main.o(i.EVAL_AUDIO_Error_CallBack) refers to stm324xg_eval_lcd.o(i.LCD_SetBackColor) for LCD_SetBackColor
    main.o(i.EVAL_AUDIO_Error_CallBack) refers to stm324xg_eval_lcd.o(i.LCD_GetFont) for LCD_GetFont
    main.o(i.EVAL_AUDIO_Error_CallBack) refers to stm324xg_eval_lcd.o(i.LCD_DisplayStringLine) for LCD_DisplayStringLine
    main.o(i.LEDinit) refers to stm324xg_eval.o(i.STM_EVAL_LEDInit) for STM_EVAL_LEDInit
    main.o(i.TIM2_IRQHandler) refers to stm32f4xx_tim.o(i.TIM_GetITStatus) for TIM_GetITStatus
    main.o(i.TIM2_IRQHandler) refers to stm32f4xx_tim.o(i.TIM_ClearITPendingBit) for TIM_ClearITPendingBit
    main.o(i.TIM2_IRQHandler) refers to main.o(.data) for overflow
    main.o(i.Time_Update) refers to main.o(.data) for LocalTime
    main.o(i.TimingDelay_Decrement) refers to main.o(.data) for uwTimingDelay
    main.o(i.Timinit) refers to stm32f4xx_rcc.o(i.RCC_APB1PeriphClockCmd) for RCC_APB1PeriphClockCmd
    main.o(i.Timinit) refers to stm32f4xx_tim.o(i.TIM_DeInit) for TIM_DeInit
    main.o(i.Timinit) refers to stm32f4xx_tim.o(i.TIM_TimeBaseInit) for TIM_TimeBaseInit
    main.o(i.Timinit) refers to stm32f4xx_tim.o(i.TIM_ITConfig) for TIM_ITConfig
    main.o(i.Timinit) refers to stm32f4xx_tim.o(i.TIM_Cmd) for TIM_Cmd
    main.o(i.Timinit) refers to main.o(i.__NVIC_EnableIRQ) for __NVIC_EnableIRQ
    main.o(i.USART2_IRQHandler) refers to main.o(i.getUartData) for getUartData
    main.o(i.USART2_SendData) refers to stm32f4xx_usart.o(i.USART_SendData) for USART_SendData
    main.o(i.USART2_SendData) refers to stm32f4xx_usart.o(i.USART_GetFlagStatus) for USART_GetFlagStatus
    main.o(i.WCS_Exist) refers to strcmp.o(.text) for strcmp
    main.o(i.WCS_Exist) refers to main.o(.data) for WCS_first
    main.o(i.WCS_Finished) refers to malloc.o(i.free) for free
    main.o(i.WCS_Finished) refers to main.o(.data) for WCS_lineup_len
    main.o(i.WCS_Lineup_func) refers to malloc.o(i.malloc) for malloc
    main.o(i.WCS_Lineup_func) refers to main.o(i.WCS_Exist) for WCS_Exist
    main.o(i.WCS_Lineup_func) refers to printfa.o(i.__0sprintf) for __2sprintf
    main.o(i.WCS_Lineup_func) refers to strcat.o(.text) for strcat
    main.o(i.WCS_Lineup_func) refers to malloc.o(i.free) for free
    main.o(i.WCS_Lineup_func) refers to main.o(.data) for WCS_first
[...]
    I2C2_ER_IRQHandler                       0x080001b7   Thumb Code     0  startup_stm32f40xx.o(.text)
    I2C2_EV_IRQHandler                       0x080001b7   Thumb Code     0  startup_stm32f40xx.o(.text)
    I2C3_ER_IRQHandler                       0x080001b7   Thumb Code     0  startup_stm32f40xx.o(.text)
    I2C3_EV_IRQHandler                       0x080001b7   Thumb Code     0  startup_stm32f40xx.o(.text)
    OTG_FS_IRQHandler                        0x080001b7   Thumb Code     0  startup_stm32f40xx.o(.text)
    OTG_FS_WKUP_IRQHandler                   0x080001b7   Thumb Code     0  startup_stm32f40xx.o(.text)
    OTG_HS_EP1_IN_IRQHandler                 0x080001b7   Thumb Code     0  startup_stm32f40xx.o(.text)
    OTG_HS_EP1_OUT_IRQHandler                0x080001b7   Thumb Code     0  startup_stm32f40xx.o(.text)
    OTG_HS_IRQHandler                        0x080001b7   Thumb Code     0  startup_stm32f40xx.o(.text)
    OTG_HS_WKUP_IRQHandler                   0x080001b7   Thumb Code     0  startup_stm32f40xx.o(.text)
    PVD_IRQHandler                           0x080001b7   Thumb Code     0  startup_stm32f40xx.o(.text)
    RCC_IRQHandler                           0x080001b7   Thumb Code     0  startup_stm32f40xx.o(.text)
    SDIO_IRQHandler                          0x080001b7   Thumb Code     0  startup_stm32f40xx.o(.text)
    SPI1_IRQHandler                          0x080001b7   Thumb Code     0  startup_stm32f40xx.o(.text)
    SPI2_IRQHandler                          0x080001b7   Thumb Code     0  startup_stm32f40xx.o(.text)
    SPI3_IRQHandler                          0x080001b7   Thumb Code     0  startup_stm32f40xx.o(.text)
    TAMP_STAMP_IRQHandler                    0x080001b7   Thumb Code     0  startup_stm32f40xx.o(.text)
    TIM1_BRK_TIM9_IRQHandler                 0x080001b7   Thumb Code     0  startup_stm32f40xx.o(.text)
    TIM1_CC_IRQHandler                       0x080001b7   Thumb Code     0  startup_stm32f40xx.o(.text)
    TIM1_TRG_COM_TIM11_IRQHandler            0x080001b7   Thumb Code     0  startup_stm32f40xx.o(.text)
    TIM1_UP_TIM10_IRQHandler                 0x080001b7   Thumb Code     0  startup_stm32f40xx.o(.text)
    TIM3_IRQHandler                          0x080001b7   Thumb Code     0  startup_stm32f40xx.o(.text)
    TIM4_IRQHandler                          0x080001b7   Thumb Code     0  startup_stm32f40xx.o(.text)
    TIM5_IRQHandler                          0x080001b7   Thumb Code     0  startup_stm32f40xx.o(.text)
    TIM6_DAC_IRQHandler                      0x080001b7   Thumb Code     0  startup_stm32f40xx.o(.text)
    TIM7_IRQHandler                          0x080001b7   Thumb Code     0  startup_stm32f40xx.o(.text)
    TIM8_BRK_TIM12_IRQHandler                0x080001b7   Thumb Code     0  startup_stm32f40xx.o(.text)
    TIM8_CC_IRQHandler                       0x080001b7   Thumb Code     0  startup_stm32f40xx.o(.text)
    TIM8_TRG_COM_TIM14_IRQHandler            0x080001b7   Thumb Code     0  startup_stm32f40xx.o(.text)
    TIM8_UP_TIM13_IRQHandler                 0x080001b7   Thumb Code     0  startup_stm32f40xx.o(.text)
    UART4_IRQHandler                         0x080001b7   Thumb Code     0  startup_stm32f40xx.o(.text)
    UART5_IRQHandler                         0x080001b7   Thumb Code     0  startup_stm32f40xx.o(.text)
    USART6_IRQHandler                        0x080001b7   Thumb Code     0  startup_stm32f40xx.o(.text)
    WWDG_IRQHandler                          0x080001b7   Thumb Code     0  startup_stm32f40xx.o(.text)
    __aeabi_memcpy                           0x080001c1   Thumb Code    36  memcpya.o(.text)
    __aeabi_memcpy4                          0x080001c1   Thumb Code     0  memcpya.o(.text)
    __aeabi_memcpy8                          0x080001c1   Thumb Code     0  memcpya.o(.text)
    __aeabi_memset                           0x080001e5   Thumb Code    14  memseta.o(.text)
    __aeabi_memset4                          0x080001e5   Thumb Code     0  memseta.o(.text)
    __aeabi_memset8                          0x080001e5   Thumb Code     0  memseta.o(.text)
    __aeabi_memclr                           0x080001f3   Thumb Code     4  memseta.o(.text)
    __aeabi_memclr4                          0x080001f3   Thumb Code     0  memseta.o(.text)
    __aeabi_memclr8                          0x080001f3   Thumb Code     0  memseta.o(.text)
    _memset$wrapper                          0x080001f7   Thumb Code    18  memseta.o(.text)
    strcat                                   0x08000209   Thumb Code    24  strcat.o(.text)
    strlen                                   0x08000221   Thumb Code    14  strlen.o(.text)
    strcmp                                   0x0800022f   Thumb Code    28  strcmp.o(.text)
    memcmp                                   0x0800024b   Thumb Code    26  memcmp.o(.text)
    __aeabi_ddiv                             0x08000265   Thumb Code   222  ddiv.o(.text)
    __aeabi_ui2d                             0x08000343   Thumb Code    26  dfltui.o(.text)
    __aeabi_cdrcmple                         0x0800035d   Thumb Code    48  cdrcmple.o(.text)
    __aeabi_uidiv                            0x0800038d   Thumb Code     0  uidiv.o(.text)
    __aeabi_uidivmod                         0x0800038d   Thumb Code    44  uidiv.o(.text)
    __aeabi_uldivmod                         0x080003b9   Thumb Code    98  uldiv.o(.text)
    __I$use$fp                               0x0800041b   Thumb Code     0  iusefp.o(.text)
    _double_round                            0x0800041b   Thumb Code    30  depilogue.o(.text)
    _double_epilogue                         0x08000439   Thumb Code   156  depilogue.o(.text)
    __aeabi_dadd                             0x080004d5   Thumb Code   322  dadd.o(.text)
    __aeabi_dsub                             0x08000617   Thumb Code     6  dadd.o(.text)
    __aeabi_drsub                            0x0800061d   Thumb Code     6  dadd.o(.text)
    __aeabi_dmul                             0x08000623   Thumb Code   228  dmul.o(.text)
    __aeabi_d2ulz                            0x08000707   Thumb Code    48  dfixul.o(.text)
    __scatterload                            0x08000739   Thumb Code    28  init.o(.text)
    __scatterload_rt2                        0x08000739   Thumb Code     0  init.o(.text)
    __aeabi_llsl                             0x0800075d   Thumb Code    30  llshl.o(.text)
    _ll_shift_l                              0x0800075d   Thumb Code     0  llshl.o(.text)
    __aeabi_llsr                             0x0800077b   Thumb Code    32  llushr.o(.text)
    _ll_ushift_r                             0x0800077b   Thumb Code     0  llushr.o(.text)
    __aeabi_lasr                             0x0800079b   Thumb Code    36  llsshr.o(.text)
    _ll_sshift_r                             0x0800079b   Thumb Code     0  llsshr.o(.text)
    __decompress                             0x080007bf   Thumb Code     0  __dczerorl2.o(.text)
    __decompress1                            0x080007bf   Thumb Code    86  __dczerorl2.o(.text)
    BTinit                                   0x08000815   Thumb Code   170  main.o(i.BTinit)
    BusFault_Handler                         0x080008c9   Thumb Code     4  stm32f4xx_it.o(i.BusFault_Handler)
    Clockinit                                0x080008cd   Thumb Code    54  main.o(i.Clockinit)
    DCD_EP_Close                             0x0800091d   Thumb Code    74  usb_dcd.o(i.DCD_EP_Close)
    DCD_EP_Open                              0x08000967   Thumb Code   104  usb_dcd.o(i.DCD_EP_Open)
    DCD_EP_PrepareRx                         0x080009cf   Thumb Code    82  usb_dcd.o(i.DCD_EP_PrepareRx)
    DCD_EP_Stall                             0x08000a21   Thumb Code    72  usb_dcd.o(i.DCD_EP_Stall)
    DCD_EP_Tx                                0x08000a69   Thumb Code    78  usb_dcd.o(i.DCD_EP_Tx)
    DebugMon_Handler                         0x08000ab7   Thumb Code     2  stm32f4xx_it.o(i.DebugMon_Handler)
    Delay                                    0x08000ab9   Thumb Code    20  main.o(i.Delay)
    DistanceSenser                           0x08000ad1   Thumb Code   154  main.o(i.DistanceSenser)
    DistanceSensorinit                       0x08000b7d   Thumb Code    66  main.o(i.DistanceSensorinit)
    ETH_BSP_Config                           0x08000bc5   Thumb Code    74  stm32f4x7_eth_bsp.o(i.ETH_BSP_Config)
    ETH_DMAReceptionCmd                      0x08000c3d   Thumb Code    30  stm32f4x7_eth.o(i.ETH_DMAReceptionCmd)
    ETH_DMARxDescChainInit                   0x08000c61   Thumb Code    82  stm32f4x7_eth.o(i.ETH_DMARxDescChainInit)
    ETH_DMATransmissionCmd                   0x08000cc5   Thumb Code    30  stm32f4x7_eth.o(i.ETH_DMATransmissionCmd)
    ETH_DMATxDescChainInit                   0x08000ce9   Thumb Code    70  stm32f4x7_eth.o(i.ETH_DMATxDescChainInit)
    ETH_DMATxDescChecksumInsertionConfig     0x08000d39   Thumb Code     8  stm32f4x7_eth.o(i.ETH_DMATxDescChecksumInsertionConfig)
    ETH_DeInit                               0x08000d41   Thumb Code    22  stm32f4x7_eth.o(i.ETH_DeInit)
    ETH_FlushTransmitFIFO                    0x08000d75   Thumb Code    14  stm32f4x7_eth.o(i.ETH_FlushTransmitFIFO)
    ETH_GetSoftwareResetStatus               0x08000ee5   Thumb Code    20  stm32f4x7_eth.o(i.ETH_GetSoftwareResetStatus)
    ETH_Init                                 0x08000efd   Thumb Code   620  stm32f4x7_eth.o(i.ETH_Init)
    ETH_MACAddressConfig                     0x08001195   Thumb Code    46  stm32f4x7_eth.o(i.ETH_MACAddressConfig)
    ETH_MACReceptionCmd                      0x08001249   Thumb Code    30  stm32f4x7_eth.o(i.ETH_MACReceptionCmd)
    ETH_MACTransmissionCmd                   0x0800126d   Thumb Code    30  stm32f4x7_eth.o(i.ETH_MACTransmissionCmd)
    ETH_Prepare_Transmit_Descriptors         0x08001291   Thumb Code   222  stm32f4x7_eth.o(i.ETH_Prepare_Transmit_Descriptors)
    ETH_ReadPHYRegister                      0x08001379   Thumb Code    98  stm32f4x7_eth.o(i.ETH_ReadPHYRegister)
    ETH_SoftwareReset                        0x080013e5   Thumb Code    14  stm32f4x7_eth.o(i.ETH_SoftwareReset)
    ETH_Start                                0x080013f9   Thumb Code    32  stm32f4x7_eth.o(i.ETH_Start)
    ETH_StructInit                           0x08001419   Thumb Code   178  stm32f4x7_eth.o(i.ETH_StructInit)
    ETH_WritePHYRegister                     0x080014cd   Thumb Code    96  stm32f4x7_eth.o(i.ETH_WritePHYRegister)
    Eth_Link_PHYITConfig                     0x08001535   Thumb Code    70  stm32f4x7_eth_bsp.o(i.Eth_Link_PHYITConfig)
    FSMC_NORSRAMCmd                          0x0800157d   Thumb Code    46  stm32f4xx_fsmc.o(i.FSMC_NORSRAMCmd)
    FSMC_NORSRAMInit                         0x080015b1   Thumb Code   230  stm32f4xx_fsmc.o(i.FSMC_NORSRAMInit)
    GPIO_Init                                0x08001697   Thumb Code   144  stm32f4xx_gpio.o(i.GPIO_Init)
    GPIO_PinAFConfig                         0x08001727   Thumb Code    70  stm32f4xx_gpio.o(i.GPIO_PinAFConfig)
    GPIO_ReadInputDataBit                    0x0800176d   Thumb Code    18  stm32f4xx_gpio.o(i.GPIO_ReadInputDataBit)
    GPIO_ResetBits                           0x0800177f   Thumb Code     4  stm32f4xx_gpio.o(i.GPIO_ResetBits)
    GPIO_SetBits                             0x08001783   Thumb Code     4  stm32f4xx_gpio.o(i.GPIO_SetBits)
    HardFault_Handler                        0x0800185d   Thumb Code     4  stm32f4xx_it.o(i.HardFault_Handler)
    LCD_Clear                                0x08001861   Thumb Code    40  stm324xg_eval_lcd.o(i.LCD_Clear)
    LCD_ClearLine                            0x08001889   Thumb Code    46  stm324xg_eval_lcd.o(i.LCD_ClearLine)
    LCD_CtrlLinesConfig                      0x080018bd   Thumb Code   286  stm324xg_eval_lcd.o(i.LCD_CtrlLinesConfig)
    LCD_DisplayChar                          0x080019ed   Thumb Code    42  stm324xg_eval_lcd.o(i.LCD_DisplayChar)
    LCD_DisplayStringLine                    0x08001a1d   Thumb Code    72  stm324xg_eval_lcd.o(i.LCD_DisplayStringLine)
    LCD_DrawChar                             0x08001a69   Thumb Code   160  stm324xg_eval_lcd.o(i.LCD_DrawChar)
    LCD_FSMCConfig                           0x08001b15   Thumb Code    98  stm324xg_eval_lcd.o(i.LCD_FSMCConfig)
    LCD_GetFont                              0x08001b79   Thumb Code     6  stm324xg_eval_lcd.o(i.LCD_GetFont)
    LCD_ReadReg                              0x08001b85   Thumb Code    12  stm324xg_eval_lcd.o(i.LCD_ReadReg)
    LCD_SetBackColor                         0x08001b91   Thumb Code    12  stm324xg_eval_lcd.o(i.LCD_SetBackColor)
    LCD_SetCursor                            0x08001ba1   Thumb Code    24  stm324xg_eval_lcd.o(i.LCD_SetCursor)
    LCD_SetFont                              0x08001bb9   Thumb Code     6  stm324xg_eval_lcd.o(i.LCD_SetFont)
    LCD_SetTextColor                         0x08001bc5   Thumb Code    12  stm324xg_eval_lcd.o(i.LCD_SetTextColor)
    LCD_WriteRAM                             0x08001bd5   Thumb Code     8  stm324xg_eval_lcd.o(i.LCD_WriteRAM)
    LCD_WriteRAM_Prepare                     0x08001bdd   Thumb Code    10  stm324xg_eval_lcd.o(i.LCD_WriteRAM_Prepare)
    LCD_WriteReg                             0x08001be7   Thumb Code    10  stm324xg_eval_lcd.o(i.LCD_WriteReg)
    LEDinit                                  0x08001bf1   Thumb Code    28  main.o(i.LEDinit)
    LwIP_Init                                0x08001c0d   Thumb Code   170  netconf.o(i.LwIP_Init)
    MemManage_Handler                        0x08001cf1   Thumb Code     4  stm32f4xx_it.o(i.MemManage_Handler)
    NMI_Handler                              0x08001cf5   Thumb Code     2  stm32f4xx_it.o(i.NMI_Handler)
    NVIC_Init                                0x08001cf9   Thumb Code   106  misc.o(i.NVIC_Init)
    PWR_BackupAccessCmd                      0x08001d71   Thumb Code     6  stm32f4xx_pwr.o(i.PWR_BackupAccessCmd)
    PendSV_Handler                           0x08001d7d   Thumb Code     2  stm32f4xx_it.o(i.PendSV_Handler)
    RCC_AHB1PeriphClockCmd                   0x08001d81   Thumb Code    26  stm32f4xx_rcc.o(i.RCC_AHB1PeriphClockCmd)
    RCC_AHB1PeriphResetCmd                   0x08001da1   Thumb Code    26  stm32f4xx_rcc.o(i.RCC_AHB1PeriphResetCmd)
    RCC_AHB2PeriphClockCmd                   0x08001dc1   Thumb Code    26  stm32f4xx_rcc.o(i.RCC_AHB2PeriphClockCmd)
    RCC_AHB3PeriphClockCmd                   0x08001de1   Thumb Code    26  stm32f4xx_rcc.o(i.RCC_AHB3PeriphClockCmd)
    RCC_APB1PeriphClockCmd                   0x08001e01   Thumb Code    26  stm32f4xx_rcc.o(i.RCC_APB1PeriphClockCmd)
    RCC_APB1PeriphResetCmd                   0x08001e21   Thumb Code    26  stm32f4xx_rcc.o(i.RCC_APB1PeriphResetCmd)
    RCC_APB2PeriphClockCmd                   0x08001e41   Thumb Code    26  stm32f4xx_rcc.o(i.RCC_APB2PeriphClockCmd)
    RCC_APB2PeriphResetCmd                   0x08001e61   Thumb Code    26  stm32f4xx_rcc.o(i.RCC_APB2PeriphResetCmd)
    RCC_GetClocksFreq                        0x08001e81   Thumb Code   214  stm32f4xx_rcc.o(i.RCC_GetClocksFreq)
    RCC_GetFlagStatus                        0x08001f69   Thumb Code    60  stm32f4xx_rcc.o(i.RCC_GetFlagStatus)
    RCC_LSEConfig                            0x08001fa9   Thumb Code    40  stm32f4xx_rcc.o(i.RCC_LSEConfig)
    RCC_LSICmd                               0x08001fd5   Thumb Code     6  stm32f4xx_rcc.o(i.RCC_LSICmd)
    RCC_MCO1Config                           0x08001fe1   Thumb Code    24  stm32f4xx_rcc.o(i.RCC_MCO1Config)
    RCC_RTCCLKCmd                            0x08001ffd   Thumb Code     6  stm32f4xx_rcc.o(i.RCC_RTCCLKCmd)
    RCC_RTCCLKConfig                         0x08002009   Thumb Code    50  stm32f4xx_rcc.o(i.RCC_RTCCLKConfig)
    RNG_Cmd                                  0x08002045   Thumb Code    30  stm32f4xx_rng.o(i.RNG_Cmd)
    RTC_Alarm_IRQHandler                     0x08002069   Thumb Code    56  tm_stm32f4_rtc.o(i.RTC_Alarm_IRQHandler)
    RTC_ClearITPendingBit                    0x080020d9   Thumb Code    28  stm32f4xx_rtc.o(i.RTC_ClearITPendingBit)
    RTC_EnterInitMode                        0x080020f9   Thumb Code    76  stm32f4xx_rtc.o(i.RTC_EnterInitMode)
    RTC_ExitInitMode                         0x08002149   Thumb Code    14  stm32f4xx_rtc.o(i.RTC_ExitInitMode)
    RTC_GetDate                              0x0800215d   Thumb Code    68  stm32f4xx_rtc.o(i.RTC_GetDate)
    RTC_GetITStatus                          0x080021a9   Thumb Code    58  stm32f4xx_rtc.o(i.RTC_GetITStatus)
    RTC_GetTime                              0x080021e9   Thumb Code    72  stm32f4xx_rtc.o(i.RTC_GetTime)
    RTC_Init                                 0x08002239   Thumb Code    94  stm32f4xx_rtc.o(i.RTC_Init)
    RTC_ReadBackupRegister                   0x0800229d   Thumb Code    26  stm32f4xx_rtc.o(i.RTC_ReadBackupRegister)
    RTC_SetDate                              0x080022bd   Thumb Code   190  stm32f4xx_rtc.o(i.RTC_SetDate)
    RTC_SetTime                              0x08002385   Thumb Code   198  stm32f4xx_rtc.o(i.RTC_SetTime)
    RTC_WKUP_IRQHandler                      0x08002455   Thumb Code    34  tm_stm32f4_rtc.o(i.RTC_WKUP_IRQHandler)
    RTC_WaitForSynchro                       0x0800247d   Thumb Code    92  stm32f4xx_rtc.o(i.RTC_WaitForSynchro)
    RTC_WriteBackupRegister                  0x080024dd   Thumb Code    24  stm32f4xx_rtc.o(i.RTC_WriteBackupRegister)
    RTC_WriteProtectionCmd                   0x080024f9   Thumb Code    22  stm32f4xx_rtc.o(i.RTC_WriteProtectionCmd)
    STM324xG_LCD_Init                        0x08002515   Thumb Code  1050  stm324xg_eval_lcd.o(i.STM324xG_LCD_Init)
    STM_EVAL_COMInit                         0x08002935   Thumb Code   182  stm324xg_eval.o(i.STM_EVAL_COMInit)
    STM_EVAL_LEDInit                         0x08002a1d   Thumb Code    62  stm324xg_eval.o(i.STM_EVAL_LEDInit)
    STM_EVAL_LEDOff                          0x08002a69   Thumb Code    16  stm324xg_eval.o(i.STM_EVAL_LEDOff)
    STM_EVAL_LEDOn                           0x08002a81   Thumb Code    16  stm324xg_eval.o(i.STM_EVAL_LEDOn)
    SVC_Handler                              0x08002a99   Thumb Code     2  stm32f4xx_it.o(i.SVC_Handler)
    SYSCFG_ETH_MediaInterfaceConfig          0x08002a9d   Thumb Code     6  stm32f4xx_syscfg.o(i.SYSCFG_ETH_MediaInterfaceConfig)
    SysTick_Handler                          0x08002b95   Thumb Code    12  stm32f4xx_it.o(i.SysTick_Handler)
    SystemInit                               0x08002ba1   Thumb Code    88  system_stm32f4xx_1.o(i.SystemInit)
    TIM2_IRQHandler                          0x08002c09   Thumb Code    32  main.o(i.TIM2_IRQHandler)
    TIM_ClearITPendingBit                    0x08002c2d   Thumb Code     6  stm32f4xx_tim.o(i.TIM_ClearITPendingBit)
    TIM_Cmd                                  0x08002c33   Thumb Code    24  stm32f4xx_tim.o(i.TIM_Cmd)
    TIM_DeInit                               0x08002c4d   Thumb Code   346  stm32f4xx_tim.o(i.TIM_DeInit)
    TIM_GetCounter                           0x08002ddd   Thumb Code     6  stm32f4xx_tim.o(i.TIM_GetCounter)
    TIM_GetITStatus                          0x08002de3   Thumb Code    34  stm32f4xx_tim.o(i.TIM_GetITStatus)
    TIM_ITConfig                             0x08002e05   Thumb Code    18  stm32f4xx_tim.o(i.TIM_ITConfig)
    TIM_SetCounter                           0x08002e17   Thumb Code     4  stm32f4xx_tim.o(i.TIM_SetCounter)
    TIM_TimeBaseInit                         0x08002e1d   Thumb Code   104  stm32f4xx_tim.o(i.TIM_TimeBaseInit)
    TM_RTC_AlarmAHandler                     0x08002ea1   Thumb Code     2  tm_stm32f4_rtc.o(i.TM_RTC_AlarmAHandler)
    TM_RTC_AlarmBHandler                     0x08002ea3   Thumb Code     2  tm_stm32f4_rtc.o(i.TM_RTC_AlarmBHandler)
    TM_RTC_Config                            0x08002ea5   Thumb Code    98  tm_stm32f4_rtc.o(i.TM_RTC_Config)
    TM_RTC_GetDateTime                       0x08002f09   Thumb Code   106  tm_stm32f4_rtc.o(i.TM_RTC_GetDateTime)
    TM_RTC_GetUnixTimeStamp                  0x08002f81   Thumb Code   216  tm_stm32f4_rtc.o(i.TM_RTC_GetUnixTimeStamp)
    TM_RTC_Init                              0x08003061   Thumb Code   228  tm_stm32f4_rtc.o(i.TM_RTC_Init)
    TM_RTC_RequestHandler                    0x0800314d   Thumb Code     2  tm_stm32f4_rtc.o(i.TM_RTC_RequestHandler)
    TM_RTC_SetDateTime                       0x08003151   Thumb Code   512  tm_stm32f4_rtc.o(i.TM_RTC_SetDateTime)
    TM_RTC_SetDateTimeString                 0x08003365   Thumb Code   368  tm_stm32f4_rtc.o(i.TM_RTC_SetDateTimeString)
    Time_Update                              0x080034d5   Thumb Code    12  main.o(i.Time_Update)
    TimingDelay_Decrement                    0x080034e5   Thumb Code    18  main.o(i.TimingDelay_Decrement)
    Timinit                                  0x080034fd   Thumb Code    78  main.o(i.Timinit)
    USART1_IRQHandler                        0x0800354d   Thumb Code    22  stm32f4xx_it.o(i.USART1_IRQHandler)
    USART2_IRQHandler                        0x08003569   Thumb Code     8  main.o(i.USART2_IRQHandler)
    USART2_SendData                          0x08003571   Thumb Code    38  main.o(i.USART2_SendData)
    USART3_IRQHandler                        0x0800359d   Thumb Code    40  usbd_cdc_vcp.o(i.USART3_IRQHandler)
    USART_ClearFlag                          0x080035c9   Thumb Code    18  stm32f4xx_usart.o(i.USART_ClearFlag)
    USART_Cmd                                0x080035db   Thumb Code    24  stm32f4xx_usart.o(i.USART_Cmd)
    USART_GetFlagStatus                      0x080035f3   Thumb Code    26  stm32f4xx_usart.o(i.USART_GetFlagStatus)
    USART_GetITStatus                        0x0800360d   Thumb Code    84  stm32f4xx_usart.o(i.USART_GetITStatus)
    USART_ITConfig                           0x08003661   Thumb Code    74  stm32f4xx_usart.o(i.USART_ITConfig)
    USART_Init                               0x080036ad   Thumb Code   204  stm32f4xx_usart.o(i.USART_Init)
    USART_ReceiveData                        0x08003781   Thumb Code    10  stm32f4xx_usart.o(i.USART_ReceiveData)
    USART_SendData                           0x0800378b   Thumb Code     8  stm32f4xx_usart.o(i.USART_SendData)
    USBD_CtlError                            0x08003793   Thumb Code    30  usbd_req.o(i.USBD_CtlError)
    USBD_CtlPrepareRx                        0x080037b1   Thumb Code    46  usbd_ioreq.o(i.USBD_CtlPrepareRx)
    USBD_CtlSendData                         0x080037df   Thumb Code    46  usbd_ioreq.o(i.USBD_CtlSendData)
    USBD_GetString                           0x08003821   Thumb Code    82  usbd_req.o(i.USBD_GetString)
    USBD_USR_ConfigStrDescriptor             0x08003875   Thumb Code    34  usbd_desc.o(i.USBD_USR_ConfigStrDescriptor)
    USBD_USR_DeviceDescriptor                0x080038a9   Thumb Code    10  usbd_desc.o(i.USBD_USR_DeviceDescriptor)
    USBD_USR_InterfaceStrDescriptor          0x080038b9   Thumb Code    34  usbd_desc.o(i.USBD_USR_InterfaceStrDescriptor)
    USBD_USR_LangIDStrDescriptor             0x080038f1   Thumb Code    10  usbd_desc.o(i.USBD_USR_LangIDStrDescriptor)
    USBD_USR_ManufacturerStrDescriptor       0x08003901   Thumb Code    20  usbd_desc.o(i.USBD_USR_ManufacturerStrDescriptor)
    USBD_USR_ProductStrDescriptor            0x0800392d   Thumb Code    34  usbd_desc.o(i.USBD_USR_ProductStrDescriptor)
    USBD_USR_SerialStrDescriptor             0x0800399d   Thumb Code    34  usbd_desc.o(i.USBD_USR_SerialStrDescriptor)
    USB_OTG_EP0StartXfer                     0x08003a05   Thumb Code   342  usb_core.o(i.USB_OTG_EP0StartXfer)
    USB_OTG_EP0_OutStart                     0x08003b5b   Thumb Code    98  usb_core.o(i.USB_OTG_EP0_OutStart)
    USB_OTG_EPActivate                       0x08003bbd   Thumb Code   176  usb_core.o(i.USB_OTG_EPActivate)
    USB_OTG_EPDeactivate                     0x08003c6d   Thumb Code   118  usb_core.o(i.USB_OTG_EPDeactivate)
    USB_OTG_EPSetStall                       0x08003ce3   Thumb Code   100  usb_core.o(i.USB_OTG_EPSetStall)
    USB_OTG_EPStartXfer                      0x08003d47   Thumb Code   502  usb_core.o(i.USB_OTG_EPStartXfer)
    USB_OTG_WritePacket                      0x08003f3d   Thumb Code    64  usb_core.o(i.USB_OTG_WritePacket)
    UsageFault_Handler                       0x08003f7d   Thumb Code     4  stm32f4xx_it.o(i.UsageFault_Handler)
    WCS_Exist                                0x08004221   Thumb Code    34  main.o(i.WCS_Exist)
    WCS_Finished                             0x08004249   Thumb Code    52  main.o(i.WCS_Finished)
    WCS_Lineup_func                          0x08004285   Thumb Code   188  main.o(i.WCS_Lineup_func)
    WCS_Update_func                          0x08004381   Thumb Code   164  main.o(i.WCS_Update_func)
    WCS_auth                                 0x08004479   Thumb Code   188  main.o(i.WCS_auth)
    __0sprintf                               0x08004579   Thumb Code    34  printfa.o(i.__0sprintf)
    __1sprintf                               0x08004579   Thumb Code     0  printfa.o(i.__0sprintf)
    __2sprintf                               0x08004579   Thumb Code     0  printfa.o(i.__0sprintf)
    __c89sprintf                             0x08004579   Thumb Code     0  printfa.o(i.__0sprintf)
    sprintf                                  0x08004579   Thumb Code     0  printfa.o(i.__0sprintf)
    __scatterload_copy                       0x080045bb   Thumb Code    14  handlers.o(i.__scatterload_copy)
    __scatterload_null                       0x080045c9   Thumb Code     2  handlers.o(i.__scatterload_null)
    __scatterload_zeroinit                   0x080045cb   Thumb Code    14  handlers.o(i.__scatterload_zeroinit)
    autoip_arp_reply                         0x08004ea1   Thumb Code   176  autoip.o(i.autoip_arp_reply)
    autoip_start                             0x08004fe3   Thumb Code    96  autoip.o(i.autoip_start)
    dhcp_arp_reply                           0x080050b9   Thumb Code    46  dhcp.o(i.dhcp_arp_reply)
    etharp_arp_input                         0x080053a1   Thumb Code   340  etharp.o(i.etharp_arp_input)
    etharp_ip_input                          0x080054f9   Thumb Code    60  etharp.o(i.etharp_ip_input)
    etharp_output                            0x08005535   Thumb Code   190  etharp.o(i.etharp_output)
    etharp_query                             0x080055f9   Thumb Code   386  etharp.o(i.etharp_query)
    etharp_raw                               0x08005781   Thumb Code   212  etharp.o(i.etharp_raw)
    etharp_request                           0x08005859   Thumb Code    36  etharp.o(i.etharp_request)
    ethernet_input                           0x080058c7   Thumb Code   108  etharp.o(i.ethernet_input)
    ethernetif_init                          0x08005935   Thumb Code    38  ethernetif.o(i.ethernetif_init)
    free                                     0x08005b51   Thumb Code    76  malloc.o(i.free)
    getUartData                              0x08005bcd   Thumb Code    44  main.o(i.getUartData)
    htonl                                    0x08005c0d   Thumb Code    26  inet.o(i.htonl)
    htons                                    0x08005c27   Thumb Code    12  inet.o(i.htons)
    icmp_dest_unreach                        0x08005c33   Thumb Code    18  icmp.o(i.icmp_dest_unreach)
    icmp_input                               0x08005c45   Thumb Code   368  icmp.o(i.icmp_input)
    icmp_time_exceeded                       0x08005e21   Thumb Code    18  icmp.o(i.icmp_time_exceeded)
    if_time_more_than                        0x08005e33   Thumb Code    32  main.o(i.if_time_more_than)
    inet_chksum                              0x08005e53   Thumb Code    20  inet_chksum.o(i.inet_chksum)
    inet_chksum_pbuf                         0x08005e67   Thumb Code    86  inet_chksum.o(i.inet_chksum_pbuf)
    ip_addr_isbroadcast                      0x08005ebd   Thumb Code    78  ip_addr.o(i.ip_addr_isbroadcast)
    ip_frag                                  0x08005f0d   Thumb Code   326  ip_frag.o(i.ip_frag)
    ip_input                                 0x08006059   Thumb Code   446  ip.o(i.ip_input)
    ip_output                                0x08006225   Thumb Code    52  ip.o(i.ip_output)
    ip_output_if                             0x08006259   Thumb Code   246  ip.o(i.ip_output_if)
    ip_reass                                 0x08006355   Thumb Code   400  ip_frag.o(i.ip_reass)
    ip_route                                 0x080067d9   Thumb Code    70  ip.o(i.ip_route)
    isCommand                                0x08006829   Thumb Code   116  main.o(i.isCommand)
    main                                     0x080069c5   Thumb Code   420  main.o(i.main)
    malloc                                   0x08006bd1   Thumb Code    92  malloc.o(i.malloc)
    mem_free                                 0x08006c3d   Thumb Code    68  mem.o(i.mem_free)
    mem_init                                 0x08006c8d   Thumb Code    80  mem.o(i.mem_init)
    mem_malloc                               0x08006cf1   Thumb Code   228  mem.o(i.mem_malloc)
    mem_realloc                              0x08006de1   Thumb Code   288  mem.o(i.mem_realloc)
    memp_free                                0x08006f0d   Thumb Code    28  memp.o(i.memp_free)
    memp_init                                0x08006f2d   Thumb Code    82  memp.o(i.memp_init)
    memp_malloc                              0x08006f91   Thumb Code    40  memp.o(i.memp_malloc)
    monthGetDate                             0x08006fbd   Thumb Code    78  main.o(i.monthGetDate)
    netif_add                                0x0800700d   Thumb Code   100  netif.o(i.netif_add)
    netif_is_up                              0x08007079   Thumb Code    12  netif.o(i.netif_is_up)
    netif_set_addr                           0x08007085   Thumb Code    40  netif.o(i.netif_set_addr)
    netif_set_default                        0x080070ad   Thumb Code     6  netif.o(i.netif_set_default)
    netif_set_down                           0x080070b9   Thumb Code    24  netif.o(i.netif_set_down)
    netif_set_gw                             0x080070d1   Thumb Code    12  netif.o(i.netif_set_gw)
    netif_set_ipaddr                         0x080070dd   Thumb Code   110  netif.o(i.netif_set_ipaddr)
    netif_set_netmask                        0x08007155   Thumb Code    12  netif.o(i.netif_set_netmask)
    netif_set_up                             0x08007161   Thumb Code    44  netif.o(i.netif_set_up)
    ntohl                                    0x0800718d   Thumb Code    12  inet.o(i.ntohl)
    ntohs                                    0x08007199   Thumb Code    12  inet.o(i.ntohs)
    pbuf_alloc                               0x080071a5   Thumb Code   414  pbuf.o(i.pbuf_alloc)
    pbuf_cat                                 0x08007343   Thumb Code    56  pbuf.o(i.pbuf_cat)
    pbuf_chain                               0x0800737b   Thumb Code    22  pbuf.o(i.pbuf_chain)
    pbuf_clen                                0x08007391   Thumb Code    18  pbuf.o(i.pbuf_clen)
    pbuf_copy                                0x080073a3   Thumb Code   182  pbuf.o(i.pbuf_copy)
    pbuf_copy_partial                        0x08007459   Thumb Code   146  pbuf.o(i.pbuf_copy_partial)
    pbuf_free                                0x080074eb   Thumb Code   110  pbuf.o(i.pbuf_free)
    pbuf_header                              0x08007559   Thumb Code   126  pbuf.o(i.pbuf_header)
    pbuf_realloc                             0x080075d7   Thumb Code   120  pbuf.o(i.pbuf_realloc)
    pbuf_ref                                 0x0800764f   Thumb Code    10  pbuf.o(i.pbuf_ref)
    printUartData                            0x080076e1   Thumb Code   156  main.o(i.printUartData)
    raw_input                                0x0800779d   Thumb Code   100  raw.o(i.raw_input)
    runCommand                               0x08007805   Thumb Code   360  main.o(i.runCommand)
    setTime                                  0x080079bd   Thumb Code    40  main.o(i.setTime)
    tcp_abandon                              0x080079e9   Thumb Code   148  tcp.o(i.tcp_abandon)
    tcp_accept                               0x08007a85   Thumb Code     4  tcp.o(i.tcp_accept)
    tcp_alloc                                0x08007a91   Thumb Code   170  tcp.o(i.tcp_alloc)
    tcp_arg                                  0x08007b49   Thumb Code     4  tcp.o(i.tcp_arg)
    tcp_bind                                 0x08007b4d   Thumb Code   228  tcp.o(i.tcp_bind)
    tcp_close                                0x08007c41   Thumb Code   234  tcp.o(i.tcp_close)
    tcp_echoserver_init                      0x08007dfd   Thumb Code    72  tcp_echoserver.o(i.tcp_echoserver_init)
    tcp_echoserver_send                      0x080080b5   Thumb Code    92  tcp_echoserver.o(i.tcp_echoserver_send)
    tcp_eff_send_mss                         0x0800813f   Thumb Code    46  tcp.o(i.tcp_eff_send_mss)
    tcp_enqueue                              0x0800816d   Thumb Code  1014  tcp_out.o(i.tcp_enqueue)
    tcp_err                                  0x08008563   Thumb Code     6  tcp.o(i.tcp_err)
    tcp_input                                0x08008569   Thumb Code  1120  tcp_in.o(i.tcp_input)
    tcp_listen_with_backlog                  0x08008b9d   Thumb Code   192  tcp.o(i.tcp_listen_with_backlog)
    tcp_new                                  0x08008c6d   Thumb Code    10  tcp.o(i.tcp_new)
    tcp_next_iss                             0x08008cf1   Thumb Code    20  tcp.o(i.tcp_next_iss)
    tcp_output                               0x08008d0d   Thumb Code   474  tcp_out.o(i.tcp_output)
    tcp_pcb_purge                            0x080090fd   Thumb Code    54  tcp.o(i.tcp_pcb_purge)
    tcp_pcb_remove                           0x08009135   Thumb Code   146  tcp.o(i.tcp_pcb_remove)
    tcp_poll                                 0x080091cd   Thumb Code    10  tcp.o(i.tcp_poll)
    tcp_recv                                 0x08009d8d   Thumb Code     6  tcp.o(i.tcp_recv)
    tcp_recv_null                            0x08009d93   Thumb Code    46  tcp.o(i.tcp_recv_null)
    tcp_recved                               0x08009dc1   Thumb Code    70  tcp.o(i.tcp_recved)
    tcp_rexmit                               0x08009e07   Thumb Code    80  tcp_out.o(i.tcp_rexmit)
    tcp_rexmit_fast                          0x08009e57   Thumb Code   114  tcp_out.o(i.tcp_rexmit_fast)
    tcp_rst                                  0x08009ec9   Thumb Code   170  tcp_out.o(i.tcp_rst)
    tcp_seg_free                             0x08009f73   Thumb Code    32  tcp.o(i.tcp_seg_free)
    tcp_segs_free                            0x08009f93   Thumb Code    30  tcp.o(i.tcp_segs_free)
    tcp_send_ctrl                            0x08009fb1   Thumb Code    28  tcp_out.o(i.tcp_send_ctrl)
    tcp_send_empty_ack                       0x08009fcd   Thumb Code    94  tcp_out.o(i.tcp_send_empty_ack)
    tcp_sent                                 0x0800a02b   Thumb Code     6  tcp.o(i.tcp_sent)
    tcp_setprio                              0x0800a031   Thumb Code     4  tcp.o(i.tcp_setprio)
    tcp_update_rcv_ann_wnd                   0x0800a0e9   Thumb Code    72  tcp.o(i.tcp_update_rcv_ann_wnd)
    tcp_write                                0x0800a131   Thumb Code    72  tcp_out.o(i.tcp_write)
    time_add                                 0x0800a179   Thumb Code   250  main.o(i.time_add)
    udp_bind                                 0x0800a275   Thumb Code   106  udp.o(i.udp_bind)
    udp_input                                0x0800a2e5   Thumb Code   452  udp.o(i.udp_input)
    udp_sendto_if                            0x0800a4ad   Thumb Code   202  udp.o(i.udp_sendto_if)
    GPIO_PIN                                 0x0800a904   Data           8  stm324xg_eval.o(.constdata)
    GPIO_CLK                                 0x0800a90c   Data          16  stm324xg_eval.o(.constdata)
    BUTTON_PIN                               0x0800a91c   Data           6  stm324xg_eval.o(.constdata)
    BUTTON_CLK                               0x0800a924   Data          12  stm324xg_eval.o(.constdata)
    BUTTON_EXTI_LINE                         0x0800a930   Data           6  stm324xg_eval.o(.constdata)
    BUTTON_PORT_SOURCE                       0x0800a936   Data           6  stm324xg_eval.o(.constdata)
    BUTTON_PIN_SOURCE                        0x0800a93c   Data           6  stm324xg_eval.o(.constdata)
    BUTTON_IRQn                              0x0800a942   Data           6  stm324xg_eval.o(.constdata)
    COM_USART_CLK                            0x0800a948   Data           4  stm324xg_eval.o(.constdata)
    COM_TX_PORT_CLK                          0x0800a94c   Data           4  stm324xg_eval.o(.constdata)
    COM_RX_PORT_CLK                          0x0800a950   Data           4  stm324xg_eval.o(.constdata)
    COM_TX_PIN                               0x0800a954   Data           2  stm324xg_eval.o(.constdata)
    COM_RX_PIN                               0x0800a956   Data           2  stm324xg_eval.o(.constdata)
    COM_TX_PIN_SOURCE                        0x0800a958   Data           2  stm324xg_eval.o(.constdata)
    COM_RX_PIN_SOURCE                        0x0800a95a   Data           2  stm324xg_eval.o(.constdata)
    COM_TX_AF                                0x0800a95c   Data           2  stm324xg_eval.o(.constdata)
    COM_RX_AF                                0x0800a95e   Data           2  stm324xg_eval.o(.constdata)
    ASCII16x24_Table                         0x0800a960   Data        4560  stm324xg_eval_lcd.o(.constdata)
    ASCII12x12_Table                         0x0800bb30   Data        2304  stm324xg_eval_lcd.o(.constdata)
    ASCII8x12_Table                          0x0800c430   Data        2304  stm324xg_eval_lcd.o(.constdata)
    ASCII8x8_Table                           0x0800cd30   Data        1536  stm324xg_eval_lcd.o(.constdata)
    ip_addr_any                              0x0800d354   Data           4  ip_addr.o(.constdata)
    ip_addr_broadcast                        0x0800d358   Data           4  ip_addr.o(.constdata)
    ethbroadcast                             0x0800d35c   Data           6  etharp.o(.constdata)
    ethzero                                  0x0800d362   Data           6  etharp.o(.constdata)
    Region$$Table$$Base                      0x0800d3e0   Number         0  anon$$obj.o(Region$$Table)
    Region$$Table$$Limit                     0x0800d400   Number         0  anon$$obj.o(Region$$Table)
    LocalTime                                0x20000000   Data           4  main.o(.data)
    uwVolume                                 0x20000004   Data           4  main.o(.data)
    uhNumDataRead                            0x2000000c   Data           2  main.o(.data)
    ch_return                                0x2000000e   Data         100  main.o(.data)
    ReceiveFlag                              0x20000072   Data           1  main.o(.data)
    LCD_LINE_NUM                             0x20000073   Data           1  main.o(.data)
    BufferEmptyFlag                          0x20000074   Data           1  main.o(.data)
    overflow                                 0x20000075   Data           1  main.o(.data)
    output_count                             0x20000076   Data           1  main.o(.data)
    p                                        0x20000078   Data           4  main.o(.data)
    welFlag                                  0x2000007c   Data           1  main.o(.data)
    clockFlag                                0x2000007d   Data           1  main.o(.data)
    WCS_lineup_len                           0x20000080   Data           4  main.o(.data)
    WCS_first                                0x20000084   Data           4  main.o(.data)
    TM_RTC_Status                            0x20000088   Data           4  tm_stm32f4_rtc.o(.data)
    RTC_TimeStruct                           0x2000008c   Data           4  tm_stm32f4_rtc.o(.data)
    RTC_DateStruct                           0x20000090   Data           4  tm_stm32f4_rtc.o(.data)
    NVIC_InitStruct                          0x20000094   Data           4  tm_stm32f4_rtc.o(.data)
    EXTI_InitStruct                          0x20000098   Data           8  tm_stm32f4_rtc.o(.data)
    TM_RTC_Months                            0x200000a0   Data          24  tm_stm32f4_rtc.o(.data)
    linecoding                               0x200000b8   Data           8  usbd_cdc_vcp.o(.data)
    VCP_fops                                 0x200000c0   Data          20  usbd_cdc_vcp.o(.data)
    USR_desc                                 0x200000d4   Data          28  usbd_desc.o(.data)
    USBD_DeviceDesc                          0x200000f0   Data          18  usbd_desc.o(.data)
    USBD_DeviceQualifierDesc                 0x20000102   Data          10  usbd_desc.o(.data)
    USBD_LangIDDesc                          0x2000010c   Data           4  usbd_desc.o(.data)
    EthInitStatus                            0x20000110   Data           4  stm32f4x7_eth_bsp.o(.data)
    EthLinkStatus                            0x20000114   Data           1  stm32f4x7_eth_bsp.o(.data)
    tcp_send_error_flag                      0x2000011c   Data           1  tcp_echoserver.o(.data)
    GPIO_PORT                                0x20000120   Data          16  stm324xg_eval.o(.data)
    BUTTON_PORT                              0x20000130   Data          12  stm324xg_eval.o(.data)
    COM_USART                                0x2000013c   Data           4  stm324xg_eval.o(.data)
    COM_TX_PORT                              0x20000140   Data           4  stm324xg_eval.o(.data)
    COM_RX_PORT                              0x20000144   Data           4  stm324xg_eval.o(.data)
    NVIC_InitStructure                       0x20000148   Data           4  stm324xg_eval.o(.data)
    Font16x24                                0x2000014c   Data           8  stm324xg_eval_lcd.o(.data)
    Font12x12                                0x20000154   Data           8  stm324xg_eval_lcd.o(.data)
    Font8x12                                 0x2000015c   Data           8  stm324xg_eval_lcd.o(.data)
    Font8x8                                  0x20000164   Data           8  stm324xg_eval_lcd.o(.data)
    DMATxDescToSet                           0x20000184   Data           4  stm32f4x7_eth.o(.data)
    DMARxDescToGet                           0x20000188   Data           4  stm32f4x7_eth.o(.data)
    DMA_RX_FRAME_infos                       0x2000018c   Data           4  stm32f4x7_eth.o(.data)
    Frame_Rx_index                           0x20000190   Data           4  stm32f4x7_eth.o(.data)
    CmdBuff                                  0x20000198   Data           8  usbd_cdc_core.o(.data)
    APP_Rx_ptr_in                            0x200001a0   Data           4  usbd_cdc_core.o(.data)
    APP_Rx_ptr_out                           0x200001a4   Data           4  usbd_cdc_core.o(.data)
    APP_Rx_length                            0x200001a8   Data           4  usbd_cdc_core.o(.data)
    USB_Tx_State                             0x200001ac   Data           1  usbd_cdc_core.o(.data)
    USBD_CDC_cb                              0x200001b8   Data          48  usbd_cdc_core.o(.data)
    usbd_cdc_CfgDesc                         0x200001e8   Data          67  usbd_cdc_core.o(.data)
    usbd_cdc_OtherCfgDesc                    0x2000022b   Data          67  usbd_cdc_core.o(.data)
    netif_list                               0x20000288   Data           4  netif.o(.data)
    netif_default                            0x2000028c   Data           4  netif.o(.data)
    tcp_state_str                            0x20000298   Data          44  tcp.o(.data)
    tcp_ticks                                0x200002c4   Data           4  tcp.o(.data)
    tcp_bound_pcbs                           0x200002c8   Data           4  tcp.o(.data)
    tcp_listen_pcbs                          0x200002cc   Data           4  tcp.o(.data)
    tcp_active_pcbs                          0x200002d0   Data           4  tcp.o(.data)
    tcp_tw_pcbs                              0x200002d4   Data           4  tcp.o(.data)
    tcp_tmp_pcb                              0x200002d8   Data           4  tcp.o(.data)
    tcp_input_pcb                            0x20000300   Data           4  tcp_in.o(.data)
    udp_pcbs                                 0x20000304   Data           4  udp.o(.data)
    current_netif                            0x20000308   Data           4  ip.o(.data)
    current_header                           0x2000030c   Data           4  ip.o(.data)
    __microlib_freelist                      0x2000031c   Data           4  mvars.o(.data)
    __microlib_freelist_initialised          0x20000320   Data           4  mvars.o(.data)
    datatime                                 0x20000324   Data          16  main.o(.bss)
    RxDataBuffer                             0x20000334   Data         256  main.o(.bss)
    WCS                                      0x20000434   Data          24  main.o(.bss)
    RTC_InitStruct                           0x2000044c   Data          12  tm_stm32f4_rtc.o(.bss)
    USART_InitStructure                      0x20000458   Data          16  usbd_cdc_vcp.o(.bss)
    netif                                    0x20000468   Data          56  netconf.o(.bss)
    client_tpcb                              0x200004a0   Data         160  tcp_echoserver.o(.bss)
    mes                                      0x20000540   Data          12  tcp_echoserver.o(.bss)
    echo_payload                             0x2000054c   Data         100  tcp_echoserver.o(.bss)
    DMARxDscrTab                             0x200005b0   Data         160  stm32f4x7_eth.o(.bss)
    DMATxDscrTab                             0x20000650   Data         160  stm32f4x7_eth.o(.bss)
    Rx_Buff                                  0x200006f0   Data        7620  stm32f4x7_eth.o(.bss)
    Tx_Buff                                  0x200024b4   Data        7620  stm32f4x7_eth.o(.bss)
    RX_Frame_Descriptor                      0x20004278   Data          12  stm32f4x7_eth.o(.bss)
    USBD_StrDesc                             0x20004284   Data         255  usbd_req.o(.bss)
    USB_Rx_Buffer                            0x20004383   Data         512  usbd_cdc_core.o(.bss)
    APP_Rx_Buffer                            0x20004583   Data        2048  usbd_cdc_core.o(.bss)
    __heap_base                              0x2000c9e8   Data           0  startup_stm32f40xx.o(HEAP)
    __heap_limit                             0x2000cbe8   Data           0  startup_stm32f40xx.o(HEAP)
    __initial_sp                             0x2000cfe8   Data           0  startup_stm32f40xx.o(STACK)



==============================================================================

Memory Map of the image

  Image Entry point : 0x08000189

  Load Region LR_IROM1 (Base: 0x08000000, Size: 0x0000d724, Max: 0x00100000, ABSOLUTE, COMPRESSED[0x0000d544])

    Execution Region ER_IROM1 (Base: 0x08000000, Size: 0x0000d400, Max: 0x00100000, ABSOLUTE)

    Base Addr    Size         Type   Attr      Idx    E Section Name        Object

    0x08000000   0x00000188   Data   RO         6502    RESET               startup_stm32f40xx.o
    0x08000188   0x00000000   Code   RO         8785  * .ARM.Collect$$$$00000000  mc_w.l(entry.o)
    0x08000188   0x00000004   Code   RO         9101    .ARM.Collect$$$$00000001  mc_w.l(entry2.o)
    0x0800018c   0x00000004   Code   RO         9104    .ARM.Collect$$$$00000004  mc_w.l(entry5.o)
    0x08000190   0x00000000   Code   RO         9106    .ARM.Collect$$$$00000008  mc_w.l(entry7b.o)
    0x08000190   0x00000000   Code   RO         9108    .ARM.Collect$$$$0000000A  mc_w.l(entry8b.o)
    0x08000190   0x00000008   Code   RO         9109    .ARM.Collect$$$$0000000B  mc_w.l(entry9a.o)
    0x08000198   0x00000000   Code   RO         9111    .ARM.Collect$$$$0000000D  mc_w.l(entry10a.o)
    0x08000198   0x00000000   Code   RO         9113    .ARM.Collect$$$$0000000F  mc_w.l(entry11a.o)
    0x08000198   0x00000004   Code   RO         9102    .ARM.Collect$$$$00002712  mc_w.l(entry2.o)
    0x0800019c   0x00000024   Code   RO         6503    .text               startup_stm32f40xx.o
    0x080001c0   0x00000024   Code   RO         8788    .text               mc_w.l(memcpya.o)
    0x080001e4   0x00000024   Code   RO         8790    .text               mc_w.l(memseta.o)
    0x08000208   0x00000018   Code   RO         8792    .text               mc_w.l(strcat.o)
    0x08000220   0x0000000e   Code   RO         8794    .text               mc_w.l(strlen.o)
    0x0800022e   0x0000001c   Code   RO         8796    .text               mc_w.l(strcmp.o)
    0x0800024a   0x0000001a   Code   RO         8798    .text               mc_w.l(memcmp.o)
    0x08000264   0x000000de   Code   RO         9091    .text               mf_w.l(ddiv.o)
    0x08000342   0x0000001a   Code   RO         9095    .text               mf_w.l(dfltui.o)
    0x0800035c   0x00000030   Code   RO         9099    .text               mf_w.l(cdrcmple.o)
    0x0800038c   0x0000002c   Code   RO         9116    .text               mc_w.l(uidiv.o)
    0x080003b8   0x00000062   Code   RO         9118    .text               mc_w.l(uldiv.o)
    0x0800041a   0x00000000   Code   RO         9122    .text               mc_w.l(iusefp.o)
    0x0800041a   0x000000ba   Code   RO         9123    .text               mf_w.l(depilogue.o)
    0x080004d4   0x0000014e   Code   RO         9125    .text               mf_w.l(dadd.o)
    0x08000622   0x000000e4   Code   RO         9127    .text               mf_w.l(dmul.o)
    0x08000706   0x00000030   Code   RO         9129    .text               mf_w.l(dfixul.o)
    0x08000736   0x00000002   PAD
    0x08000738   0x00000024   Code   RO         9131    .text               mc_w.l(init.o)
    0x0800075c   0x0000001e   Code   RO         9133    .text               mc_w.l(llshl.o)
    0x0800077a   0x00000020   Code   RO         9135    .text               mc_w.l(llushr.o)
    0x0800079a   0x00000024   Code   RO         9137    .text               mc_w.l(llsshr.o)
    0x080007be   0x00000056   Code   RO         9147    .text               mc_w.l(__dczerorl2.o)
    0x08000814   0x000000b4   Code   RO            4    i.BTinit            main.o
    0x080008c8   0x00000004   Code   RO          605    i.BusFault_Handler  stm32f4xx_it.o
    0x080008cc   0x00000050   Code   RO            5    i.Clockinit         main.o
    0x0800091c   0x0000004a   Code   RO         7095    i.DCD_EP_Close      usb_dcd.o
    0x08000966   0x00000068   Code   RO         7098    i.DCD_EP_Open       usb_dcd.o
    0x080009ce   0x00000052   Code   RO         7099    i.DCD_EP_PrepareRx  usb_dcd.o
    0x08000a20   0x00000048   Code   RO         7101    i.DCD_EP_Stall      usb_dcd.o
    0x08000a68   0x0000004e   Code   RO         7102    i.DCD_EP_Tx         usb_dcd.o
    0x08000ab6   0x00000002   Code   RO          606    i.DebugMon_Handler  stm32f4xx_it.o
    0x08000ab8   0x00000018   Code   RO            7    i.Delay             main.o
    0x08000ad0   0x000000ac   Code   RO            8    i.DistanceSenser    main.o
    0x08000b7c   0x00000048   Code   RO            9    i.DistanceSensorinit  main.o
    0x08000bc4   0x00000078   Code   RO         1044    i.ETH_BSP_Config    stm32f4x7_eth_bsp.o
    0x08000c3c   0x00000024   Code   RO         5876    i.ETH_DMAReceptionCmd  stm32f4x7_eth.o
    0x08000c60   0x00000064   Code   RO         5877    i.ETH_DMARxDescChainInit  stm32f4x7_eth.o
    0x08000cc4   0x00000024   Code   RO         5879    i.ETH_DMATransmissionCmd  stm32f4x7_eth.o
    0x08000ce8   0x00000050   Code   RO         5882    i.ETH_DMATxDescChainInit  stm32f4x7_eth.o
    0x08000d38   0x00000008   Code   RO         5883    i.ETH_DMATxDescChecksumInsertionConfig  stm32f4x7_eth.o
    0x08000d40   0x00000016   Code   RO         5888    i.ETH_DeInit        stm32f4x7_eth.o
    0x08000d56   0x0000001c   Code   RO         5889    i.ETH_Delay         stm32f4x7_eth.o
    0x08000d72   0x00000002   PAD
    0x08000d74   0x00000014   Code   RO         5891    i.ETH_FlushTransmitFIFO  stm32f4x7_eth.o
    0x08000d88   0x0000015c   Code   RO         1045    i.ETH_GPIO_Config   stm32f4x7_eth_bsp.o
    0x08000ee4   0x00000018   Code   RO         5917    i.ETH_GetSoftwareResetStatus  stm32f4x7_eth.o
    0x08000efc   0x00000298   Code   RO         5922    i.ETH_Init          stm32f4x7_eth.o
    0x08001194   0x00000034   Code   RO         5924    i.ETH_MACAddressConfig  stm32f4x7_eth.o
    0x080011c8   0x00000080   Code   RO         1046    i.ETH_MACDMA_Config  stm32f4x7_eth_bsp.o
    0x08001248   0x00000024   Code   RO         5929    i.ETH_MACReceptionCmd  stm32f4x7_eth.o
    0x0800126c   0x00000024   Code   RO         5930    i.ETH_MACTransmissionCmd  stm32f4x7_eth.o
    0x08001290   0x000000e8   Code   RO         5941    i.ETH_Prepare_Transmit_Descriptors  stm32f4x7_eth.o
    0x08001378   0x0000006c   Code   RO         5942    i.ETH_ReadPHYRegister  stm32f4x7_eth.o
    0x080013e4   0x00000014   Code   RO         5950    i.ETH_SoftwareReset  stm32f4x7_eth.o
    0x080013f8   0x00000020   Code   RO         5951    i.ETH_Start         stm32f4x7_eth.o
    0x08001418   0x000000b2   Code   RO         5952    i.ETH_StructInit    stm32f4x7_eth.o
    0x080014ca   0x00000002   PAD
    0x080014cc   0x00000068   Code   RO         5954    i.ETH_WritePHYRegister  stm32f4x7_eth.o
    0x08001534   0x00000046   Code   RO         1049    i.Eth_Link_PHYITConfig  stm32f4x7_eth_bsp.o
    0x0800157a   0x00000002   PAD
    0x0800157c   0x00000034   Code   RO         3060    i.FSMC_NORSRAMCmd   stm32f4xx_fsmc.o
    0x080015b0   0x000000e6   Code   RO         3062    i.FSMC_NORSRAMInit  stm32f4xx_fsmc.o
    0x08001696   0x00000090   Code   RO         3182    i.GPIO_Init         stm32f4xx_gpio.o
    0x08001726   0x00000046   Code   RO         3183    i.GPIO_PinAFConfig  stm32f4xx_gpio.o
    0x0800176c   0x00000012   Code   RO         3186    i.GPIO_ReadInputDataBit  stm32f4xx_gpio.o
    0x0800177e   0x00000004   Code   RO         3189    i.GPIO_ResetBits    stm32f4xx_gpio.o
    0x08001782   0x00000004   Code   RO         3190    i.GPIO_SetBits      stm32f4xx_gpio.o
    0x08001786   0x00000002   PAD
    0x08001788   0x000000d4   Code   RO         6781    i.Handle_USBAsynchXfer  usbd_cdc_core.o
    0x0800185c   0x00000004   Code   RO          607    i.HardFault_Handler  stm32f4xx_it.o
    0x08001860   0x00000028   Code   RO         1285    i.LCD_Clear         stm324xg_eval_lcd.o
    0x08001888   0x00000034   Code   RO         1286    i.LCD_ClearLine     stm324xg_eval_lcd.o
    0x080018bc   0x00000130   Code   RO         1289    i.LCD_CtrlLinesConfig  stm324xg_eval_lcd.o
    0x080019ec   0x00000030   Code   RO         1291    i.LCD_DisplayChar   stm324xg_eval_lcd.o
    0x08001a1c   0x0000004c   Code   RO         1294    i.LCD_DisplayStringLine  stm324xg_eval_lcd.o
    0x08001a68   0x000000ac   Code   RO         1295    i.LCD_DrawChar      stm324xg_eval_lcd.o
    0x08001b14   0x00000062   Code   RO         1303    i.LCD_FSMCConfig    stm324xg_eval_lcd.o
    0x08001b76   0x00000002   PAD
    0x08001b78   0x0000000c   Code   RO         1306    i.LCD_GetFont       stm324xg_eval_lcd.o
    0x08001b84   0x0000000c   Code   RO         1312    i.LCD_ReadReg       stm324xg_eval_lcd.o
    0x08001b90   0x00000010   Code   RO         1313    i.LCD_SetBackColor  stm324xg_eval_lcd.o
    0x08001ba0   0x00000018   Code   RO         1315    i.LCD_SetCursor     stm324xg_eval_lcd.o
    0x08001bb8   0x0000000c   Code   RO         1317    i.LCD_SetFont       stm324xg_eval_lcd.o
    0x08001bc4   0x00000010   Code   RO         1318    i.LCD_SetTextColor  stm324xg_eval_lcd.o
    0x08001bd4   0x00000008   Code   RO         1321    i.LCD_WriteRAM      stm324xg_eval_lcd.o
    0x08001bdc   0x0000000a   Code   RO         1322    i.LCD_WriteRAM_Prepare  stm324xg_eval_lcd.o
    0x08001be6   0x0000000a   Code   RO         1323    i.LCD_WriteReg      stm324xg_eval_lcd.o
    0x08001bf0   0x0000001c   Code   RO           13    i.LEDinit           main.o
    0x08001c0c   0x000000e4   Code   RO          979    i.LwIP_Init         netconf.o
    0x08001cf0   0x00000004   Code   RO          608    i.MemManage_Handler  stm32f4xx_it.o
    0x08001cf4   0x00000002   Code   RO          609    i.NMI_Handler       stm32f4xx_it.o
    0x08001cf6   0x00000002   PAD
    0x08001cf8   0x00000078   Code   RO         1562    i.NVIC_Init         misc.o
    0x08001d70   0x0000000c   Code   RO         3751    i.PWR_BackupAccessCmd  stm32f4xx_pwr.o
    0x08001d7c   0x00000002   Code   RO          610    i.PendSV_Handler    stm32f4xx_it.o
    0x08001d7e   0x00000002   PAD
    0x08001d80   0x00000020   Code   RO         3865    i.RCC_AHB1PeriphClockCmd  stm32f4xx_rcc.o
    0x08001da0   0x00000020   Code   RO         3867    i.RCC_AHB1PeriphResetCmd  stm32f4xx_rcc.o
    0x08001dc0   0x00000020   Code   RO         3868    i.RCC_AHB2PeriphClockCmd  stm32f4xx_rcc.o
    0x08001de0   0x00000020   Code   RO         3871    i.RCC_AHB3PeriphClockCmd  stm32f4xx_rcc.o
    0x08001e00   0x00000020   Code   RO         3874    i.RCC_APB1PeriphClockCmd  stm32f4xx_rcc.o
    0x08001e20   0x00000020   Code   RO         3876    i.RCC_APB1PeriphResetCmd  stm32f4xx_rcc.o
    0x08001e40   0x00000020   Code   RO         3877    i.RCC_APB2PeriphClockCmd  stm32f4xx_rcc.o
    0x08001e60   0x00000020   Code   RO         3879    i.RCC_APB2PeriphResetCmd  stm32f4xx_rcc.o
    0x08001e80   0x000000e8   Code   RO         3886    i.RCC_GetClocksFreq  stm32f4xx_rcc.o
    0x08001f68   0x00000040   Code   RO         3887    i.RCC_GetFlagStatus  stm32f4xx_rcc.o
    0x08001fa8   0x0000002c   Code   RO         3895    i.RCC_LSEConfig     stm32f4xx_rcc.o
    0x08001fd4   0x0000000c   Code   RO         3896    i.RCC_LSICmd        stm32f4xx_rcc.o
    0x08001fe0   0x0000001c   Code   RO         3898    i.RCC_MCO1Config    stm32f4xx_rcc.o
    0x08001ffc   0x0000000c   Code   RO         3908    i.RCC_RTCCLKCmd     stm32f4xx_rcc.o
    0x08002008   0x0000003c   Code   RO         3909    i.RCC_RTCCLKConfig  stm32f4xx_rcc.o
    0x08002044   0x00000024   Code   RO         4199    i.RNG_Cmd           stm32f4xx_rng.o
    0x08002068   0x0000003c   Code   RO          462    i.RTC_Alarm_IRQHandler  tm_stm32f4_rtc.o
    0x080020a4   0x00000016   Code   RO         4266    i.RTC_Bcd2ToByte    stm32f4xx_rtc.o
    0x080020ba   0x0000001c   Code   RO         4268    i.RTC_ByteToBcd2    stm32f4xx_rtc.o
    0x080020d6   0x00000002   PAD
    0x080020d8   0x00000020   Code   RO         4272    i.RTC_ClearITPendingBit  stm32f4xx_rtc.o
    0x080020f8   0x00000050   Code   RO         4278    i.RTC_EnterInitMode  stm32f4xx_rtc.o
    0x08002148   0x00000014   Code   RO         4279    i.RTC_ExitInitMode  stm32f4xx_rtc.o
    0x0800215c   0x0000004c   Code   RO         4282    i.RTC_GetDate       stm32f4xx_rtc.o
    0x080021a8   0x00000040   Code   RO         4284    i.RTC_GetITStatus   stm32f4xx_rtc.o
    0x080021e8   0x00000050   Code   RO         4287    i.RTC_GetTime       stm32f4xx_rtc.o
    0x08002238   0x00000064   Code   RO         4292    i.RTC_Init          stm32f4xx_rtc.o
    0x0800229c   0x00000020   Code   RO         4295    i.RTC_ReadBackupRegister  stm32f4xx_rtc.o
    0x080022bc   0x000000c8   Code   RO         4298    i.RTC_SetDate       stm32f4xx_rtc.o
    0x08002384   0x000000d0   Code   RO         4299    i.RTC_SetTime       stm32f4xx_rtc.o
    0x08002454   0x00000028   Code   RO          463    i.RTC_WKUP_IRQHandler  tm_stm32f4_rtc.o
    0x0800247c   0x00000060   Code   RO         4315    i.RTC_WaitForSynchro  stm32f4xx_rtc.o
    0x080024dc   0x0000001c   Code   RO         4318    i.RTC_WriteBackupRegister  stm32f4xx_rtc.o
    0x080024f8   0x0000001c   Code   RO         4319    i.RTC_WriteProtectionCmd  stm32f4xx_rtc.o
    0x08002514   0x00000420   Code   RO         1325    i.STM324xG_LCD_Init  stm324xg_eval_lcd.o
    0x08002934   0x000000e8   Code   RO         1179    i.STM_EVAL_COMInit  stm324xg_eval.o
    0x08002a1c   0x0000004c   Code   RO         1180    i.STM_EVAL_LEDInit  stm324xg_eval.o
    0x08002a68   0x00000018   Code   RO         1181    i.STM_EVAL_LEDOff   stm324xg_eval.o
    0x08002a80   0x00000018   Code   RO         1182    i.STM_EVAL_LEDOn    stm324xg_eval.o
    0x08002a98   0x00000002   Code   RO          611    i.SVC_Handler       stm32f4xx_it.o
    0x08002a9a   0x00000002   PAD
    0x08002a9c   0x0000000c   Code   RO         4989    i.SYSCFG_ETH_MediaInterfaceConfig  stm32f4xx_syscfg.o
    0x08002aa8   0x000000ec   Code   RO         6396    i.SetSysClock       system_stm32f4xx_1.o
    0x08002b94   0x0000000c   Code   RO          612    i.SysTick_Handler   stm32f4xx_it.o
    0x08002ba0   0x00000068   Code   RO         6398    i.SystemInit        system_stm32f4xx_1.o
    0x08002c08   0x00000024   Code   RO           14    i.TIM2_IRQHandler   main.o
    0x08002c2c   0x00000006   Code   RO         5058    i.TIM_ClearITPendingBit  stm32f4xx_tim.o
    0x08002c32   0x00000018   Code   RO         5063    i.TIM_Cmd           stm32f4xx_tim.o
    0x08002c4a   0x00000002   PAD
    0x08002c4c   0x00000190   Code   RO         5068    i.TIM_DeInit        stm32f4xx_tim.o
    0x08002ddc   0x00000006   Code   RO         5082    i.TIM_GetCounter    stm32f4xx_tim.o
    0x08002de2   0x00000022   Code   RO         5084    i.TIM_GetITStatus   stm32f4xx_tim.o
    0x08002e04   0x00000012   Code   RO         5088    i.TIM_ITConfig      stm32f4xx_tim.o
    0x08002e16   0x00000004   Code   RO         5129    i.TIM_SetCounter    stm32f4xx_tim.o
    0x08002e1a   0x00000002   PAD
    0x08002e1c   0x00000084   Code   RO         5135    i.TIM_TimeBaseInit  stm32f4xx_tim.o
    0x08002ea0   0x00000002   Code   RO          464    i.TM_RTC_AlarmAHandler  tm_stm32f4_rtc.o
    0x08002ea2   0x00000002   Code   RO          465    i.TM_RTC_AlarmBHandler  tm_stm32f4_rtc.o
    0x08002ea4   0x00000062   Code   RO          466    i.TM_RTC_Config     tm_stm32f4_rtc.o
    0x08002f06   0x00000002   PAD
    0x08002f08   0x00000078   Code   RO          468    i.TM_RTC_GetDateTime  tm_stm32f4_rtc.o
    0x08002f80   0x000000e0   Code   RO          472    i.TM_RTC_GetUnixTimeStamp  tm_stm32f4_rtc.o
    0x08003060   0x000000ec   Code   RO          473    i.TM_RTC_Init       tm_stm32f4_rtc.o
    0x0800314c   0x00000002   Code   RO          476    i.TM_RTC_RequestHandler  tm_stm32f4_rtc.o
    0x0800314e   0x00000002   PAD
    0x08003150   0x00000214   Code   RO          478    i.TM_RTC_SetDateTime  tm_stm32f4_rtc.o
    0x08003364   0x00000170   Code   RO          479    i.TM_RTC_SetDateTimeString  tm_stm32f4_rtc.o
    0x080034d4   0x00000010   Code   RO           15    i.Time_Update       main.o
    0x080034e4   0x00000018   Code   RO           16    i.TimingDelay_Decrement  main.o
    0x080034fc   0x0000004e   Code   RO           17    i.Timinit           main.o
    0x0800354a   0x00000002   PAD
    0x0800354c   0x0000001c   Code   RO          613    i.USART1_IRQHandler  stm32f4xx_it.o
    0x08003568   0x00000008   Code   RO           18    i.USART2_IRQHandler  main.o
    0x08003570   0x0000002c   Code   RO           19    i.USART2_SendData   main.o
    0x0800359c   0x0000002c   Code   RO          773    i.USART3_IRQHandler  usbd_cdc_vcp.o
    0x080035c8   0x00000012   Code   RO         5613    i.USART_ClearFlag   stm32f4xx_usart.o
    0x080035da   0x00000018   Code   RO         5617    i.USART_Cmd         stm32f4xx_usart.o
    0x080035f2   0x0000001a   Code   RO         5620    i.USART_GetFlagStatus  stm32f4xx_usart.o
    0x0800360c   0x00000054   Code   RO         5621    i.USART_GetITStatus  stm32f4xx_usart.o
    0x08003660   0x0000004a   Code   RO         5623    i.USART_ITConfig    stm32f4xx_usart.o
    0x080036aa   0x00000002   PAD
    0x080036ac   0x000000d4   Code   RO         5624    i.USART_Init        stm32f4xx_usart.o
    0x08003780   0x0000000a   Code   RO         5631    i.USART_ReceiveData  stm32f4xx_usart.o
    0x0800378a   0x00000008   Code   RO         5634    i.USART_SendData    stm32f4xx_usart.o
    0x08003792   0x0000001e   Code   RO         6679    i.USBD_CtlError     usbd_req.o
    0x080037b0   0x0000002e   Code   RO         6620    i.USBD_CtlPrepareRx  usbd_ioreq.o
    0x080037de   0x0000002e   Code   RO         6622    i.USBD_CtlSendData  usbd_ioreq.o
    0x0800380c   0x00000014   Code   RO         6682    i.USBD_GetLen       usbd_req.o
    0x08003820   0x00000052   Code   RO         6684    i.USBD_GetString    usbd_req.o
    0x08003872   0x00000002   PAD
    0x08003874   0x00000034   Code   RO          838    i.USBD_USR_ConfigStrDescriptor  usbd_desc.o
    0x080038a8   0x00000010   Code   RO          839    i.USBD_USR_DeviceDescriptor  usbd_desc.o
    0x080038b8   0x00000038   Code   RO          840    i.USBD_USR_InterfaceStrDescriptor  usbd_desc.o
    0x080038f0   0x00000010   Code   RO          841    i.USBD_USR_LangIDStrDescriptor  usbd_desc.o
    0x08003900   0x0000002c   Code   RO          842    i.USBD_USR_ManufacturerStrDescriptor  usbd_desc.o
    0x0800392c   0x00000070   Code   RO          843    i.USBD_USR_ProductStrDescriptor  usbd_desc.o
    0x0800399c   0x00000048   Code   RO          844    i.USBD_USR_SerialStrDescriptor  usbd_desc.o
    0x080039e4   0x00000010   Code   RO         6782    i.USBD_cdc_GetCfgDesc  usbd_cdc_core.o
    0x080039f4   0x00000010   Code   RO         6783    i.USBD_cdc_GetOtherCfgDesc  usbd_cdc_core.o
    0x08003a04   0x00000156   Code   RO         6867    i.USB_OTG_EP0StartXfer  usb_core.o
    0x08003b5a   0x00000062   Code   RO         6868    i.USB_OTG_EP0_OutStart  usb_core.o
    0x08003bbc   0x000000b0   Code   RO         6869    i.USB_OTG_EPActivate  usb_core.o
    0x08003c6c   0x00000076   Code   RO         6871    i.USB_OTG_EPDeactivate  usb_core.o
    0x08003ce2   0x00000064   Code   RO         6872    i.USB_OTG_EPSetStall  usb_core.o
    0x08003d46   0x000001f6   Code   RO         6873    i.USB_OTG_EPStartXfer  usb_core.o
    0x08003f3c   0x00000040   Code   RO         6896    i.USB_OTG_WritePacket  usb_core.o
    0x08003f7c   0x00000004   Code   RO          614    i.UsageFault_Handler  stm32f4xx_it.o
    0x08003f80   0x00000108   Code   RO          774    i.VCP_COMConfig     usbd_cdc_vcp.o
    0x08004088   0x000000a8   Code   RO          775    i.VCP_Ctrl          usbd_cdc_vcp.o
    0x08004130   0x00000030   Code   RO          776    i.VCP_DataRx        usbd_cdc_vcp.o
    0x08004160   0x00000064   Code   RO          777    i.VCP_DataTx        usbd_cdc_vcp.o
    0x080041c4   0x00000004   Code   RO          778    i.VCP_DeInit        usbd_cdc_vcp.o
    0x080041c8   0x00000058   Code   RO          779    i.VCP_Init          usbd_cdc_vcp.o
    0x08004220   0x00000028   Code   RO           20    i.WCS_Exist         main.o
    0x08004248   0x0000003c   Code   RO           21    i.WCS_Finished      main.o
    0x08004284   0x000000fc   Code   RO           22    i.WCS_Lineup_func   main.o
    0x08004380   0x000000f8   Code   RO           23    i.WCS_Update_func   main.o
    0x08004478   0x00000100   Code   RO           24    i.WCS_auth          main.o
    0x08004578   0x00000028   Code   RO         9037    i.__0sprintf        mc_w.l(printfa.o)
    0x080045a0   0x0000001a   Code   RO           25    i.__NVIC_EnableIRQ  main.o
    0x080045ba   0x0000000e   Code   RO         9141    i.__scatterload_copy  mc_w.l(handlers.o)
    0x080045c8   0x00000002   Code   RO         9142    i.__scatterload_null  mc_w.l(handlers.o)
    0x080045ca   0x0000000e   Code   RO         9143    i.__scatterload_zeroinit  mc_w.l(handlers.o)
    0x080045d8   0x00000164   Code   RO         9042    i._fp_digits        mc_w.l(printfa.o)
    0x0800473c   0x000006dc   Code   RO         9043    i._printf_core      mc_w.l(printfa.o)
    0x08004e18   0x00000024   Code   RO         9044    i._printf_post_padding  mc_w.l(printfa.o)
    0x08004e3c   0x0000002e   Code   RO         9045    i._printf_pre_padding  mc_w.l(printfa.o)
    0x08004e6a   0x0000000a   Code   RO         9047    i._sputc            mc_w.l(printfa.o)
    0x08004e74   0x0000002c   Code   RO         8331    i.autoip_arp_announce  autoip.o
    0x08004ea0   0x000000b0   Code   RO         8333    i.autoip_arp_reply  autoip.o
    0x08004f50   0x00000064   Code   RO         8335    i.autoip_create_addr  autoip.o
    0x08004fb4   0x0000002e   Code   RO         8336    i.autoip_handle_arp_conflict  autoip.o
    0x08004fe2   0x00000060   Code   RO         8339    i.autoip_start      autoip.o
    0x08005042   0x00000050   Code   RO         8340    i.autoip_start_probing  autoip.o
    0x08005092   0x00000002   PAD
    0x08005094   0x00000024   Code   RO         1326    i.delay             stm324xg_eval_lcd.o
    0x080050b8   0x0000002e   Code   RO         7347    i.dhcp_arp_reply    dhcp.o
    0x080050e6   0x00000002   PAD
    0x080050e8   0x0000012c   Code   RO         7351    i.dhcp_create_request  dhcp.o
    0x08005214   0x00000090   Code   RO         7352    i.dhcp_decline      dhcp.o
    0x080052a4   0x00000032   Code   RO         7353    i.dhcp_delete_request  dhcp.o
    0x080052d6   0x00000020   Code   RO         7365    i.dhcp_option       dhcp.o
    0x080052f6   0x00000012   Code   RO         7366    i.dhcp_option_byte  dhcp.o
    0x08005308   0x00000042   Code   RO         7367    i.dhcp_option_long  dhcp.o
    0x0800534a   0x00000046   Code   RO         7369    i.dhcp_option_trailer  dhcp.o
    0x08005390   0x0000000e   Code   RO         7376    i.dhcp_set_state    dhcp.o
    0x0800539e   0x00000002   PAD
    0x080053a0   0x00000158   Code   RO         8636    i.etharp_arp_input  etharp.o
    0x080054f8   0x0000003c   Code   RO         8638    i.etharp_ip_input   etharp.o
    0x08005534   0x000000c4   Code   RO         8639    i.etharp_output     etharp.o
    0x080055f8   0x00000188   Code   RO         8640    i.etharp_query      etharp.o
    0x08005780   0x000000d8   Code   RO         8641    i.etharp_raw        etharp.o
    0x08005858   0x0000002c   Code   RO         8642    i.etharp_request    etharp.o
    0x08005884   0x00000042   Code   RO         8643    i.etharp_send_ip    etharp.o
    0x080058c6   0x0000006c   Code   RO         8645    i.ethernet_input    etharp.o
    0x08005932   0x00000002   PAD
    0x08005934   0x00000030   Code   RO         8742    i.ethernetif_init   ethernetif.o
    0x08005964   0x000001ec   Code   RO         8646    i.find_entry        etharp.o
    0x08005b50   0x00000050   Code   RO         9063    i.free              mc_w.l(malloc.o)
    0x08005ba0   0x0000002a   Code   RO         8647    i.free_etharp_q     etharp.o
    0x08005bca   0x00000002   PAD
    0x08005bcc   0x00000040   Code   RO           26    i.getUartData       main.o
    0x08005c0c   0x0000001a   Code   RO         8438    i.htonl             inet.o
    0x08005c26   0x0000000c   Code   RO         8439    i.htons             inet.o
    0x08005c32   0x00000012   Code   RO         8403    i.icmp_dest_unreach  icmp.o
    0x08005c44   0x00000170   Code   RO         8404    i.icmp_input        icmp.o
    0x08005db4   0x0000006c   Code   RO         8405    i.icmp_send_response  icmp.o
    0x08005e20   0x00000012   Code   RO         8406    i.icmp_time_exceeded  icmp.o
    0x08005e32   0x00000020   Code   RO           27    i.if_time_more_than  main.o
    0x08005e52   0x00000014   Code   RO         8487    i.inet_chksum       inet_chksum.o
    0x08005e66   0x00000056   Code   RO         8488    i.inet_chksum_pbuf  inet_chksum.o
    0x08005ebc   0x0000004e   Code   RO         8562    i.ip_addr_isbroadcast  ip_addr.o
    0x08005f0a   0x00000002   PAD
    0x08005f0c   0x0000014c   Code   RO         8584    i.ip_frag           ip_frag.o
    0x08006058   0x000001cc   Code   RO         8523    i.ip_input          ip.o
    0x08006224   0x00000034   Code   RO         8524    i.ip_output         ip.o
    0x08006258   0x000000fc   Code   RO         8525    i.ip_output_if      ip.o
    0x08006354   0x00000198   Code   RO         8585    i.ip_reass          ip_frag.o
    0x080064ec   0x00000168   Code   RO         8586    i.ip_reass_chain_frag_into_datagram_and_validate  ip_frag.o
    0x08006654   0x0000002c   Code   RO         8587    i.ip_reass_dequeue_datagram  ip_frag.o
    0x08006680   0x00000054   Code   RO         8588    i.ip_reass_enqueue_new_datagram  ip_frag.o
    0x080066d4   0x00000088   Code   RO         8589    i.ip_reass_free_complete_datagram  ip_frag.o
    0x0800675c   0x0000007c   Code   RO         8590    i.ip_reass_remove_oldest_datagram  ip_frag.o
    0x080067d8   0x00000050   Code   RO         8526    i.ip_route          ip.o
    0x08006828   0x00000098   Code   RO           28    i.isCommand         main.o
    0x080068c0   0x00000080   Code   RO         8744    i.low_level_init    ethernetif.o
    0x08006940   0x00000038   Code   RO         8746    i.low_level_output  ethernetif.o
    0x08006978   0x0000004a   Code   RO         8490    i.lwip_standard_chksum  inet_chksum.o
    0x080069c2   0x00000002   PAD
    0x080069c4   0x0000020c   Code   RO           29    i.main              main.o
    0x08006bd0   0x0000006c   Code   RO         9064    i.malloc            mc_w.l(malloc.o)
    0x08006c3c   0x00000050   Code   RO         7602    i.mem_free          mem.o
    0x08006c8c   0x00000064   Code   RO         7603    i.mem_init          mem.o
    0x08006cf0   0x000000f0   Code   RO         7604    i.mem_malloc        mem.o
    0x08006de0   0x0000012c   Code   RO         7605    i.mem_realloc       mem.o
    0x08006f0c   0x00000020   Code   RO         7645    i.memp_free         memp.o
    0x08006f2c   0x00000064   Code   RO         7646    i.memp_init         memp.o
    0x08006f90   0x0000002c   Code   RO         7647    i.memp_malloc       memp.o
    0x08006fbc   0x0000004e   Code   RO           30    i.monthGetDate      main.o
    0x0800700a   0x00000002   PAD
    0x0800700c   0x0000006c   Code   RO         7684    i.netif_add         netif.o
    0x08007078   0x0000000c   Code   RO         7686    i.netif_is_up       netif.o
    0x08007084   0x00000028   Code   RO         7688    i.netif_set_addr    netif.o
    0x080070ac   0x0000000c   Code   RO         7689    i.netif_set_default  netif.o
    0x080070b8   0x00000018   Code   RO         7690    i.netif_set_down    netif.o
    0x080070d0   0x0000000c   Code   RO         7691    i.netif_set_gw      netif.o
    0x080070dc   0x00000078   Code   RO         7692    i.netif_set_ipaddr  netif.o
    0x08007154   0x0000000c   Code   RO         7693    i.netif_set_netmask  netif.o
    0x08007160   0x0000002c   Code   RO         7694    i.netif_set_up      netif.o
    0x0800718c   0x0000000c   Code   RO         8443    i.ntohl             inet.o
    0x08007198   0x0000000c   Code   RO         8444    i.ntohs             inet.o
    0x080071a4   0x0000019e   Code   RO         7766    i.pbuf_alloc        pbuf.o
    0x08007342   0x00000038   Code   RO         7767    i.pbuf_cat          pbuf.o
    0x0800737a   0x00000016   Code   RO         7768    i.pbuf_chain        pbuf.o
    0x08007390   0x00000012   Code   RO         7769    i.pbuf_clen         pbuf.o
    0x080073a2   0x000000b6   Code   RO         7771    i.pbuf_copy         pbuf.o
    0x08007458   0x00000092   Code   RO         7772    i.pbuf_copy_partial  pbuf.o
    0x080074ea   0x0000006e   Code   RO         7774    i.pbuf_free         pbuf.o
    0x08007558   0x0000007e   Code   RO         7775    i.pbuf_header       pbuf.o
    0x080075d6   0x00000078   Code   RO         7776    i.pbuf_realloc      pbuf.o
    0x0800764e   0x0000000a   Code   RO         7777    i.pbuf_ref          pbuf.o
    0x08007658   0x00000088   Code   RO         7606    i.plug_holes        mem.o
    0x080076e0   0x000000bc   Code   RO           31    i.printUartData     main.o
    0x0800779c   0x00000068   Code   RO         7855    i.raw_input         raw.o
    0x08007804   0x000001b8   Code   RO           32    i.runCommand        main.o
    0x080079bc   0x0000002c   Code   RO           33    i.setTime           main.o
    0x080079e8   0x0000009c   Code   RO         7921    i.tcp_abandon       tcp.o
    0x08007a84   0x00000004   Code   RO         7922    i.tcp_accept        tcp.o
    0x08007a88   0x00000008   Code   RO         7923    i.tcp_accept_null   tcp.o
    0x08007a90   0x000000b8   Code   RO         7924    i.tcp_alloc         tcp.o
    0x08007b48   0x00000004   Code   RO         7925    i.tcp_arg           tcp.o
    0x08007b4c   0x000000f4   Code   RO         7926    i.tcp_bind          tcp.o
    0x08007c40   0x000000fc   Code   RO         7927    i.tcp_close         tcp.o
    0x08007d3c   0x0000006c   Code   RO         1099    i.tcp_echoserver_accept  tcp_echoserver.o
    0x08007da8   0x00000040   Code   RO         1100    i.tcp_echoserver_connection_close  tcp_echoserver.o
    0x08007de8   0x00000012   Code   RO         1101    i.tcp_echoserver_error  tcp_echoserver.o
    0x08007dfa   0x00000002   PAD
    0x08007dfc   0x00000054   Code   RO         1102    i.tcp_echoserver_init  tcp_echoserver.o
    0x08007e50   0x0000003e   Code   RO         1103    i.tcp_echoserver_poll  tcp_echoserver.o
    0x08007e8e   0x00000002   PAD
    0x08007e90   0x00000224   Code   RO         1104    i.tcp_echoserver_recv  tcp_echoserver.o
    0x080080b4   0x0000005c   Code   RO         1105    i.tcp_echoserver_send  tcp_echoserver.o
    0x08008110   0x0000002e   Code   RO         1106    i.tcp_echoserver_sent  tcp_echoserver.o
    0x0800813e   0x0000002e   Code   RO         7930    i.tcp_eff_send_mss  tcp.o
    0x0800816c   0x000003f6   Code   RO         8166    i.tcp_enqueue       tcp_out.o
    0x08008562   0x00000006   Code   RO         7931    i.tcp_err           tcp.o
    0x08008568   0x0000046c   Code   RO         8118    i.tcp_input         tcp_in.o
    0x080089d4   0x00000058   Code   RO         7933    i.tcp_kill_prio     tcp.o
    0x08008a2c   0x0000003c   Code   RO         7934    i.tcp_kill_timewait  tcp.o
    0x08008a68   0x00000134   Code   RO         8119    i.tcp_listen_input  tcp_in.o
    0x08008b9c   0x000000d0   Code   RO         7935    i.tcp_listen_with_backlog  tcp.o
    0x08008c6c   0x0000000a   Code   RO         7936    i.tcp_new           tcp.o
    0x08008c76   0x00000002   PAD
    0x08008c78   0x00000078   Code   RO         7937    i.tcp_new_port      tcp.o
    0x08008cf0   0x0000001c   Code   RO         7938    i.tcp_next_iss      tcp.o
    0x08008d0c   0x000001e0   Code   RO         8168    i.tcp_output        tcp_out.o
    0x08008eec   0x000000cc   Code   RO         8169    i.tcp_output_segment  tcp_out.o
    0x08008fb8   0x0000008a   Code   RO         8170    i.tcp_output_set_header  tcp_out.o
    0x08009042   0x00000002   PAD
    0x08009044   0x000000b8   Code   RO         8120    i.tcp_parseopt      tcp_in.o
    0x080090fc   0x00000036   Code   RO         7939    i.tcp_pcb_purge     tcp.o
    0x08009132   0x00000002   PAD
    0x08009134   0x00000098   Code   RO         7940    i.tcp_pcb_remove    tcp.o
    0x080091cc   0x0000000a   Code   RO         7941    i.tcp_poll          tcp.o
    0x080091d6   0x00000002   PAD
    0x080091d8   0x00000584   Code   RO         8121    i.tcp_process       tcp_in.o
    0x0800975c   0x00000630   Code   RO         8122    i.tcp_receive       tcp_in.o
    0x08009d8c   0x00000006   Code   RO         7942    i.tcp_recv          tcp.o
    0x08009d92   0x0000002e   Code   RO         7943    i.tcp_recv_null     tcp.o
    0x08009dc0   0x00000046   Code   RO         7944    i.tcp_recved        tcp.o
    0x08009e06   0x00000050   Code   RO         8171    i.tcp_rexmit        tcp_out.o
    0x08009e56   0x00000072   Code   RO         8172    i.tcp_rexmit_fast   tcp_out.o
    0x08009ec8   0x000000aa   Code   RO         8174    i.tcp_rst           tcp_out.o
    0x08009f72   0x00000020   Code   RO         7945    i.tcp_seg_free      tcp.o
    0x08009f92   0x0000001e   Code   RO         7946    i.tcp_segs_free     tcp.o
    0x08009fb0   0x0000001c   Code   RO         8175    i.tcp_send_ctrl     tcp_out.o
    0x08009fcc   0x0000005e   Code   RO         8176    i.tcp_send_empty_ack  tcp_out.o
    0x0800a02a   0x00000006   Code   RO         7947    i.tcp_sent          tcp.o
    0x0800a030   0x00000004   Code   RO         7948    i.tcp_setprio       tcp.o
    0x0800a034   0x000000b4   Code   RO         8123    i.tcp_timewait_input  tcp_in.o
    0x0800a0e8   0x00000048   Code   RO         7951    i.tcp_update_rcv_ann_wnd  tcp.o
    0x0800a130   0x00000048   Code   RO         8177    i.tcp_write         tcp_out.o
    0x0800a178   0x000000fa   Code   RO           34    i.time_add          main.o
    0x0800a272   0x00000002   PAD
    0x0800a274   0x00000070   Code   RO         8248    i.udp_bind          udp.o
    0x0800a2e4   0x000001c8   Code   RO         8251    i.udp_input         udp.o
    0x0800a4ac   0x000000ca   Code   RO         8257    i.udp_sendto_if     udp.o
    0x0800a576   0x00000002   PAD
    0x0800a578   0x000000ec   Code   RO         8648    i.update_arp_entry  etharp.o
    0x0800a664   0x00000090   Code   RO         6784    i.usbd_cdc_DataIn   usbd_cdc_core.o
    0x0800a6f4   0x0000003c   Code   RO         6785    i.usbd_cdc_DataOut  usbd_cdc_core.o
    0x0800a730   0x0000002c   Code   RO         6786    i.usbd_cdc_DeInit   usbd_cdc_core.o
    0x0800a75c   0x00000038   Code   RO         6787    i.usbd_cdc_EP0_RxReady  usbd_cdc_core.o
    0x0800a794   0x00000058   Code   RO         6788    i.usbd_cdc_Init     usbd_cdc_core.o
    0x0800a7ec   0x00000028   Code   RO         6789    i.usbd_cdc_SOF      usbd_cdc_core.o
    0x0800a814   0x000000f0   Code   RO         6790    i.usbd_cdc_Setup    usbd_cdc_core.o
    0x0800a904   0x0000005c   Data   RO         1190    .constdata          stm324xg_eval.o
    0x0800a960   0x000029d0   Data   RO         1327    .constdata          stm324xg_eval_lcd.o
    0x0800d330   0x00000024   Data   RO         7649    .constdata          memp.o
    0x0800d354   0x00000008   Data   RO         8563    .constdata          ip_addr.o
    0x0800d35c   0x0000000c   Data   RO         8650    .constdata          etharp.o
    0x0800d368   0x00000075   Data   RO         7953    .conststring        tcp.o
    0x0800d3dd   0x00000003   PAD
    0x0800d3e0   0x00000020   Data   RO         9139    Region$$Table       anon$$obj.o


    Execution Region RW_IRAM1 (Base: 0x20000000, Size: 0x0000cfe8, Max: 0x00020000, ABSOLUTE, COMPRESSED[0x00000144])

    Base Addr    Size         Type   Attr      Idx    E Section Name        Object

    0x20000000   0x00000088   Data   RW           36    .data               main.o
    0x20000088   0x00000030   Data   RW          482    .data               tm_stm32f4_rtc.o
    0x200000b8   0x0000001c   Data   RW          781    .data               usbd_cdc_vcp.o
    0x200000d4   0x0000003c   Data   RW          845    .data               usbd_desc.o
    0x20000110   0x00000005   Data   RW         1050    .data               stm32f4x7_eth_bsp.o
    0x20000115   0x00000003   PAD
    0x20000118   0x00000005   Data   RW         1108    .data               tcp_echoserver.o
    0x2000011d   0x00000003   PAD
    0x20000120   0x0000002c   Data   RW         1191    .data               stm324xg_eval.o
    0x2000014c   0x00000028   Data   RW         1328    .data               stm324xg_eval_lcd.o
    0x20000174   0x00000010   Data   RW         3917    .data               stm32f4xx_rcc.o
    0x20000184   0x00000010   Data   RW         5956    .data               stm32f4x7_eth.o
    0x20000194   0x000000e0   Data   RW         6792    .data               usbd_cdc_core.o
    0x20000274   0x00000004   Data   RW         7383    .data               dhcp.o
    0x20000278   0x0000000d   Data   RW         7608    .data               mem.o
    0x20000285   0x00000003   PAD
    0x20000288   0x00000009   Data   RW         7695    .data               netif.o
    0x20000291   0x00000003   PAD
    0x20000294   0x00000004   Data   RW         7861    .data               raw.o
    0x20000298   0x0000004c   Data   RW         7954    .data               tcp.o
    0x200002e4   0x00000020   Data   RW         8125    .data               tcp_in.o
    0x20000304   0x00000004   Data   RW         8258    .data               udp.o
    0x20000308   0x0000000a   Data   RW         8527    .data               ip.o
    0x20000312   0x00000002   PAD
    0x20000314   0x00000006   Data   RW         8593    .data               ip_frag.o
    0x2000031a   0x00000001   Data   RW         8651    .data               etharp.o
    0x2000031b   0x00000001   PAD
    0x2000031c   0x00000004   Data   RW         9120    .data               mc_w.l(mvars.o)
    0x20000320   0x00000004   Data   RW         9121    .data               mc_w.l(mvars.o)
    0x20000324   0x00000128   Zero   RW           35    .bss                main.o
    0x2000044c   0x0000000c   Zero   RW          481    .bss                tm_stm32f4_rtc.o
    0x20000458   0x00000010   Zero   RW          780    .bss                usbd_cdc_vcp.o
    0x20000468   0x00000038   Zero   RW          982    .bss                netconf.o
    0x200004a0   0x00000110   Zero   RW         1107    .bss                tcp_echoserver.o
    0x200005b0   0x00003cd4   Zero   RW         5955    .bss                stm32f4x7_eth.o
    0x20004284   0x000000ff   Zero   RW         6692    .bss                usbd_req.o
    0x20004383   0x00000a00   Zero   RW         6791    .bss                usbd_cdc_core.o
    0x20004d83   0x00002814   Zero   RW         7607    .bss                mem.o
    0x20007597   0x00000001   PAD
    0x20007598   0x00004d8f   Zero   RW         7648    .bss                memp.o
    0x2000c327   0x00000001   PAD
    0x2000c328   0x00000014   Zero   RW         8124    .bss                tcp_in.o
    0x2000c33c   0x000005e0   Zero   RW         8592    .bss                ip_frag.o
    0x2000c91c   0x000000c8   Zero   RW         8649    .bss                etharp.o
    0x2000c9e4   0x00000004   PAD
    0x2000c9e8   0x00000200   Zero   RW         6501    HEAP                startup_stm32f40xx.o
    0x2000cbe8   0x00000400   Zero   RW         6500    STACK               startup_stm32f40xx.o


==============================================================================

Image component sizes


      Code (inc. data)   RO Data    RW Data    ZI Data      Debug   Object Name

       542         22          0          0          0       5686   autoip.o
       740         14          0          4          0      11903   dhcp.o
      2196         42         12          1        200      14122   etharp.o
       232         32          0          0          0       3379   ethernetif.o
       512          0          0          0          0       4238   icmp.o
        62          0          0          0          0       2544   inet.o
       180          0          0          0          0       6049   inet_chksum.o
         0          0          0          0          0       2067   init.o
       844         30          0         10          0       7812   ip.o
        78          0          8          0          0       5957   ip_addr.o
      1488         40          0          6       1504       8781   ip_frag.o
      3416        604          0        136        296     424011   main.o
       856         68          0         13      10260       5529   mem.o
       176         26         36          0      19855       4246   memp.o
       120         14          0          0          0       1232   misc.o
       228         58          0          0         56       8453   netconf.o
       384         24          0          9          0       8816   netif.o
      1204          0          0          0          0       8785   pbuf.o
       104          4          0          4          0       1872   raw.o
        36          8        392          0       1536        968   startup_stm32f40xx.o
       356         80         92         44          0       9449   stm324xg_eval.o
      2002         76      10704         40          0      15001   stm324xg_eval_lcd.o
      1816        146          0         16      15572      15300   stm32f4x7_eth.o
       666         76          0          5          0       3270   stm32f4x7_eth_bsp.o
       282          6          0          0          0       2129   stm32f4xx_fsmc.o
       240          0          0          0          0       4115   stm32f4xx_gpio.o
        64          6          0          0          0      23716   stm32f4xx_it.o
        12          6          0          0          0        626   stm32f4xx_pwr.o
       708        100          0         16          0      12617   stm32f4xx_rcc.o
        36          6          0          0          0        606   stm32f4xx_rng.o
      1094         82          0          0          0      11981   stm32f4xx_rtc.o
        12          6          0          0          0        674   stm32f4xx_syscfg.o
       624         82          0          0          0       6413   stm32f4xx_tim.o
       456          8          0          0          0       6931   stm32f4xx_usart.o
       340         32          0          0          0       1633   system_stm32f4xx_1.o
      1900        128        117         76          0      27946   tcp.o
      1022         90          0          5        272       7539   tcp_echoserver.o
      4800        260          0         32         20      15892   tcp_in.o
      2394         16          0          0          0      10585   tcp_out.o
      1684         60          0         48         12      11663   tm_stm32f4_rtc.o
       770         10          0          4          0      13152   udp.o
      1400          0          0          0          0       6687   usb_core.o
       410          0          0          0          0       4431   usb_dcd.o
       916        124          0        224       2560      10488   usbd_cdc_core.o
       716         52          0         28         16       5564   usbd_cdc_vcp.o
       368        192          0         60          0       5972   usbd_desc.o
        92          0          0          0          0       2047   usbd_ioreq.o
       132          0          0          0        255       3136   usbd_req.o

    ----------------------------------------------------------------------
     38774       2630      11396        796      52420     776013   Object Totals
         0          0         32          0          0          0   (incl. Generated)
        64          0          3         15          6          0   (incl. Padding)

    ----------------------------------------------------------------------

      Code (inc. data)   RO Data    RW Data    ZI Data      Debug   Library Member Name

        86          0          0          0          0          0   __dczerorl2.o
         0          0          0          0          0          0   entry.o
         0          0          0          0          0          0   entry10a.o
         0          0          0          0          0          0   entry11a.o
         8          4          0          0          0          0   entry2.o
         4          0          0          0          0          0   entry5.o
         0          0          0          0          0          0   entry7b.o
         0          0          0          0          0          0   entry8b.o
         8          4          0          0          0          0   entry9a.o
        30          0          0          0          0          0   handlers.o
        36          8          0          0          0         68   init.o
         0          0          0          0          0          0   iusefp.o
        30          0          0          0          0         68   llshl.o
        36          0          0          0          0         68   llsshr.o
        32          0          0          0          0         68   llushr.o
       188         20          0          0          0        160   malloc.o
        26          0          0          0          0         80   memcmp.o
        36          0          0          0          0         68   memcpya.o
        36          0          0          0          0        108   memseta.o
         0          0          0          8          0          0   mvars.o
      2244         86          0          0          0        512   printfa.o
        24          0          0          0          0         68   strcat.o
        28          0          0          0          0         76   strcmp.o
        14          0          0          0          0         68   strlen.o
        44          0          0          0          0         80   uidiv.o
        98          0          0          0          0         92   uldiv.o
        48          0          0          0          0         68   cdrcmple.o
       334          0          0          0          0        148   dadd.o
       222          0          0          0          0        100   ddiv.o
       186          0          0          0          0        176   depilogue.o
        48          0          0          0          0         68   dfixul.o
        26          0          0          0          0         76   dfltui.o
       228          0          0          0          0         96   dmul.o

    ----------------------------------------------------------------------
      4102        122          0          8          0       2316   Library Totals
         2          0          0          0          0          0   (incl. Padding)

    ----------------------------------------------------------------------

      Code (inc. data)   RO Data    RW Data    ZI Data      Debug   Library Name

      3008        122          0          8          0       1584   mc_w.l
      1092          0          0          0          0        732   mf_w.l

    ----------------------------------------------------------------------
      4102        122          0          8          0       2316   Library Totals

    ----------------------------------------------------------------------

==============================================================================


      Code (inc. data)   RO Data    RW Data    ZI Data      Debug   

     42876       2752      11396        804      52420     745365   Grand Totals
     42876       2752      11396        324      52420     745365   ELF Image Totals (compressed)
     42876       2752      11396        324          0          0   ROM Totals

==============================================================================

    Total RO  Size (Code + RO Data)                54272 (  53.00kB)
    Total RW  Size (RW Data + ZI Data)             53224 (  51.98kB)
    Total ROM Size (Code + RO Data + RW Data)      54596 (  53.32kB)

==============================================================================

