Component: ARM Compiler 5.06 update 2 (build 183) Tool: armlink [4d35b7]

==============================================================================

Section Cross References

    main.o(i.BTinit) refers to stm32f4xx_rcc.o(i.RCC_APB1PeriphClockCmd) for RCC_APB1PeriphClockCmd
    main.o(i.BTinit) refers to stm32f4xx_rcc.o(i.RCC_AHB1PeriphClockCmd) for RCC_AHB1PeriphClockCmd
    main.o(i.BTinit) refers to stm32f4xx_gpio.o(i.GPIO_PinAFConfig) for GPIO_PinAFConfig
    main.o(i.BTinit) refers to stm32f4xx_gpio.o(i.GPIO_Init) for GPIO_Init
    main.o(i.BTinit) refers to stm32f4xx_usart.o(i.USART_Init) for USART_Init
    main.o(i.BTinit) refers to stm32f4xx_usart.o(i.USART_Cmd) for USART_Cmd
    main.o(i.BTinit) refers to stm32f4xx_usart.o(i.USART_ITConfig) for USART_ITConfig
    main.o(i.BTinit) refers to main.o(i.__NVIC_EnableIRQ) for __NVIC_EnableIRQ
    main.o(i.BTinit) refers to stm32f4xx_usart.o(i.USART_ClearFlag) for USART_ClearFlag
    main.o(i.Clockinit) refers to pbuf.o(i.pbuf_alloc) for pbuf_alloc
    main.o(i.Clockinit) refers to printfa.o(i.__0sprintf) for __2sprintf
    main.o(i.Clockinit) refers to tcp_echoserver.o(i.tcp_echoserver_send) for tcp_echoserver_send
    main.o(i.Clockinit) refers to pbuf.o(i.pbuf_free) for pbuf_free
    main.o(i.Clockinit) refers to main.o(.data) for LCD_LINE_NUM
    main.o(i.Clockinit) refers to tcp_echoserver.o(.bss) for mes
    main.o(i.Codec_TIMEOUT_UserCallback) refers to stm324xg_eval_lcd.o(i.LCD_GetFont) for LCD_GetFont
    main.o(i.Codec_TIMEOUT_UserCallback) refers to stm324xg_eval_lcd.o(i.LCD_DisplayStringLine) for LCD_DisplayStringLine
    main.o(i.Delay) refers to main.o(.data) for uwTimingDelay
    main.o(i.DistanceSenser) refers to stm32f4xx_gpio.o(i.GPIO_ResetBits) for GPIO_ResetBits
    main.o(i.DistanceSenser) refers to stm32f4xx_gpio.o(i.GPIO_SetBits) for GPIO_SetBits
    main.o(i.DistanceSenser) refers to main.o(i.Delay) for Delay
    main.o(i.DistanceSenser) refers to stm32f4xx_tim.o(i.TIM_SetCounter) for TIM_SetCounter
    main.o(i.DistanceSenser) refers to stm32f4xx_gpio.o(i.GPIO_ReadInputDataBit) for GPIO_ReadInputDataBit
    main.o(i.DistanceSenser) refers to stm32f4xx_tim.o(i.TIM_Cmd) for TIM_Cmd
    main.o(i.DistanceSenser) refers to stm32f4xx_tim.o(i.TIM_GetCounter) for TIM_GetCounter
    main.o(i.DistanceSenser) refers to dfltui.o(.text) for __aeabi_ui2d
    main.o(i.DistanceSenser) refers to ddiv.o(.text) for __aeabi_ddiv
    main.o(i.DistanceSenser) refers to main.o(.data) for overflow
    main.o(i.DistanceSensorinit) refers to stm32f4xx_rcc.o(i.RCC_AHB1PeriphClockCmd) for RCC_AHB1PeriphClockCmd
    main.o(i.DistanceSensorinit) refers to stm32f4xx_gpio.o(i.GPIO_Init) for GPIO_Init
    main.o(i.EVAL_AUDIO_Error_CallBack) refers to stm324xg_eval_lcd.o(i.LCD_SetBackColor) for LCD_SetBackColor
    main.o(i.EVAL_AUDIO_Error_CallBack) refers to stm324xg_eval_lcd.o(i.LCD_GetFont) for LCD_GetFont
    main.o(i.EVAL_AUDIO_Error_CallBack) refers to stm324xg_eval_lcd.o(i.LCD_DisplayStringLine) for LCD_DisplayStringLine
    main.o(i.TIM2_IRQHandler) refers to stm32f4xx_tim.o(i.TIM_GetITStatus) for TIM_GetITStatus
    main.o(i.TIM2_IRQHandler) refers to stm32f4xx_tim.o(i.TIM_ClearITPendingBit) for TIM_ClearITPendingBit
    main.o(i.TIM2_IRQHandler) refers to main.o(.data) for overflow
    main.o(i.Time_Update) refers to main.o(.data) for LocalTime
    main.o(i.TimingDelay_Decrement) refers to main.o(.data) for uwTimingDelay
    main.o(i.Timinit) refers to stm32f4xx_rcc.o(i.RCC_APB1PeriphClockCmd) for RCC_APB1PeriphClockCmd
    main.o(i.Timinit) refers to stm32f4xx_tim.o(i.TIM_DeInit) for TIM_DeInit
    main.o(i.Timinit) refers to stm32f4xx_tim.o(i.TIM_TimeBaseInit) for TIM_TimeBaseInit
    main.o(i.Timinit) refers to stm32f4xx_tim.o(i.TIM_ITConfig) for TIM_ITConfig
    main.o(i.Timinit) refers to stm32f4xx_tim.o(i.TIM_Cmd) for TIM_Cmd
    main.o(i.Timinit) refers to main.o(i.__NVIC_EnableIRQ) for __NVIC_EnableIRQ
    main.o(i.USART2_IRQHandler) refers to main.o(i.getUartData) for getUartData
    main.o(i.USART2_SendData) refers to stm32f4xx_usart.o(i.USART_SendData) for USART_SendData
    main.o(i.USART2_SendData) refers to stm32f4xx_usart.o(i.USART_GetFlagStatus) for USART_GetFlagStatus
    main.o(i.WCS_Exist) refers to strcmp.o(.text) for strcmp
    main.o(i.WCS_Exist) refers to main.o(.data) for WCS_first
    main.o(i.WCS_Finished) refers to malloc.o(i.free) for free
    main.o(i.WCS_Finished) refers to main.o(.data) for WCS_lineup_len
    main.o(i.WCS_Lineup_func) refers to malloc.o(i.malloc) for malloc
    main.o(i.WCS_Lineup_func) refers to main.o(i.WCS_Exist) for WCS_Exist
    main.o(i.WCS_Lineup_func) refers to printfa.o(i.__0sprintf) for __2sprintf
    main.o(i.WCS_Lineup_func) refers to strcat.o(.text) for strcat
    main.o(i.WCS_Lineup_func) refers to malloc.o(i.free) for free
    main.o(i.WCS_Lineup_func) refers to main.o(.data) for WCS_first
    main.o(i.WCS_Lineup_func) refers to tcp_echoserver.o(.bss) for echo_payload
[...]
    Removing stm32f4xx_adc.o(.revsh_text), (4 bytes).
    Removing stm32f4xx_adc.o(.rrx_text), (6 bytes).
    Removing stm32f4xx_adc.o(i.ADC_AnalogWatchdogCmd), (20 bytes).
    Removing stm32f4xx_adc.o(i.ADC_AnalogWatchdogSingleChannelConfig), (16 bytes).
    Removing stm32f4xx_adc.o(i.ADC_AnalogWatchdogThresholdsConfig), (6 bytes).
    Removing stm32f4xx_adc.o(i.ADC_AutoInjectedConvCmd), (22 bytes).
    Removing stm32f4xx_adc.o(i.ADC_ClearFlag), (6 bytes).
    Removing stm32f4xx_adc.o(i.ADC_ClearITPendingBit), (10 bytes).
    Removing stm32f4xx_adc.o(i.ADC_Cmd), (22 bytes).
    Removing stm32f4xx_adc.o(i.ADC_CommonInit), (48 bytes).
    Removing stm32f4xx_adc.o(i.ADC_CommonStructInit), (12 bytes).
    Removing stm32f4xx_adc.o(i.ADC_ContinuousModeCmd), (22 bytes).
    Removing stm32f4xx_adc.o(i.ADC_DMACmd), (22 bytes).
    Removing stm32f4xx_adc.o(i.ADC_DMARequestAfterLastTransferCmd), (22 bytes).
    Removing stm32f4xx_adc.o(i.ADC_DeInit), (22 bytes).
    Removing stm32f4xx_adc.o(i.ADC_DiscModeChannelCountConfig), (24 bytes).
    Removing stm32f4xx_adc.o(i.ADC_DiscModeCmd), (22 bytes).
    Removing stm32f4xx_adc.o(i.ADC_EOCOnEachRegularChannelCmd), (22 bytes).
    Removing stm32f4xx_adc.o(i.ADC_ExternalTrigInjectedConvConfig), (16 bytes).
    Removing stm32f4xx_adc.o(i.ADC_ExternalTrigInjectedConvEdgeConfig), (16 bytes).
    Removing stm32f4xx_adc.o(i.ADC_GetConversionValue), (8 bytes).
    Removing stm32f4xx_adc.o(i.ADC_GetFlagStatus), (18 bytes).
    Removing stm32f4xx_adc.o(i.ADC_GetITStatus), (38 bytes).
    Removing stm32f4xx_adc.o(i.ADC_GetInjectedConversionValue), (28 bytes).
    Removing stm32f4xx_adc.o(i.ADC_GetMultiModeConversionValue), (12 bytes).
    Removing stm32f4xx_adc.o(i.ADC_GetSoftwareStartConvStatus), (20 bytes).
    Removing stm32f4xx_adc.o(i.ADC_GetSoftwareStartInjectedConvCmdStatus), (20 bytes).
    Removing stm32f4xx_adc.o(i.ADC_ITConfig), (32 bytes).
    Removing stm32f4xx_adc.o(i.ADC_Init), (84 bytes).
    Removing stm32f4xx_adc.o(i.ADC_InjectedChannelConfig), (130 bytes).
    Removing stm32f4xx_adc.o(i.ADC_InjectedDiscModeCmd), (22 bytes).
    Removing stm32f4xx_adc.o(i.ADC_InjectedSequencerLengthConfig), (24 bytes).
    Removing stm32f4xx_adc.o(i.ADC_MultiModeDMARequestAfterLastTransferCmd), (44 bytes).
    Removing stm32f4xx_adc.o(i.ADC_RegularChannelConfig), (184 bytes).
    Removing stm32f4xx_adc.o(i.ADC_SetInjectedOffset), (20 bytes).
    Removing stm32f4xx_adc.o(i.ADC_SoftwareStartConv), (10 bytes).
    Removing stm32f4xx_adc.o(i.ADC_SoftwareStartInjectedConv), (10 bytes).
    Removing stm32f4xx_adc.o(i.ADC_StructInit), (20 bytes).
    Removing stm32f4xx_adc.o(i.ADC_TempSensorVrefintCmd), (44 bytes).
    Removing stm32f4xx_adc.o(i.ADC_VBATCmd), (44 bytes).
    Removing stm32f4xx_can.o(.rev16_text), (4 bytes).
    Removing stm32f4xx_can.o(.revsh_text), (4 bytes).
    Removing stm32f4xx_can.o(.rrx_text), (6 bytes).
    Removing stm32f4xx_can.o(i.CAN_CancelTransmit), (48 bytes).
    Removing stm32f4xx_can.o(i.CAN_ClearFlag), (56 bytes).
    Removing stm32f4xx_can.o(i.CAN_ClearITPendingBit), (168 bytes).
    Removing stm32f4xx_can.o(i.CAN_DBGFreeze), (22 bytes).
    Removing stm32f4xx_can.o(i.CAN_DeInit), (56 bytes).
    Removing stm32f4xx_can.o(i.CAN_FIFORelease), (22 bytes).
    Removing stm32f4xx_can.o(i.CAN_FilterInit), (264 bytes).
    Removing stm32f4xx_can.o(i.CAN_GetFlagStatus), (120 bytes).
    Removing stm32f4xx_can.o(i.CAN_GetITStatus), (288 bytes).
    Removing stm32f4xx_can.o(i.CAN_GetLSBTransmitErrorCounter), (12 bytes).
    Removing stm32f4xx_can.o(i.CAN_GetLastErrorCode), (12 bytes).
    Removing stm32f4xx_can.o(i.CAN_GetReceiveErrorCounter), (10 bytes).
    Removing stm32f4xx_can.o(i.CAN_ITConfig), (18 bytes).
    Removing stm32f4xx_can.o(i.CAN_Init), (276 bytes).
    Removing stm32f4xx_can.o(i.CAN_MessagePending), (30 bytes).
    Removing stm32f4xx_can.o(i.CAN_OperatingModeRequest), (162 bytes).
    Removing stm32f4xx_can.o(i.CAN_Receive), (240 bytes).
    Removing stm32f4xx_can.o(i.CAN_SlaveStartBank), (52 bytes).
    Removing stm32f4xx_can.o(i.CAN_Sleep), (30 bytes).
    Removing stm32f4xx_can.o(i.CAN_StructInit), (32 bytes).
    Removing stm32f4xx_can.o(i.CAN_TTComModeCmd), (118 bytes).
    Removing stm32f4xx_can.o(i.CAN_Transmit), (294 bytes).
    Removing stm32f4xx_can.o(i.CAN_TransmitStatus), (160 bytes).
    Removing stm32f4xx_can.o(i.CAN_WakeUp), (48 bytes).
    Removing stm32f4xx_can.o(i.CheckITStatus), (18 bytes).
    Removing stm32f4xx_crc.o(.rev16_text), (4 bytes).
    Removing stm32f4xx_crc.o(.revsh_text), (4 bytes).
    Removing stm32f4xx_crc.o(.rrx_text), (6 bytes).
    Removing stm32f4xx_crc.o(i.CRC_CalcBlockCRC), (36 bytes).
    Removing stm32f4xx_crc.o(i.CRC_CalcCRC), (16 bytes).
    Removing stm32f4xx_crc.o(i.CRC_GetCRC), (12 bytes).
    Removing stm32f4xx_crc.o(i.CRC_GetIDRegister), (12 bytes).
    Removing stm32f4xx_crc.o(i.CRC_ResetDR), (12 bytes).
    Removing stm32f4xx_crc.o(i.CRC_SetIDRegister), (12 bytes).
    Removing stm32f4xx_cryp.o(.rev16_text), (4 bytes).
    Removing stm32f4xx_cryp.o(.revsh_text), (4 bytes).
    Removing stm32f4xx_cryp.o(.rrx_text), (6 bytes).
    Removing stm32f4xx_cryp.o(i.CRYP_Cmd), (36 bytes).
    Removing stm32f4xx_cryp.o(i.CRYP_DMACmd), (36 bytes).
    Removing stm32f4xx_cryp.o(i.CRYP_DataIn), (12 bytes).
    Removing stm32f4xx_cryp.o(i.CRYP_DataOut), (12 bytes).
    Removing stm32f4xx_cryp.o(i.CRYP_DeInit), (20 bytes).
    Removing stm32f4xx_cryp.o(i.CRYP_FIFOFlush), (20 bytes).
    Removing stm32f4xx_cryp.o(i.CRYP_GetCmdStatus), (24 bytes).
    Removing stm32f4xx_cryp.o(i.CRYP_GetFlagStatus), (40 bytes).
    Removing stm32f4xx_cryp.o(i.CRYP_GetITStatus), (24 bytes).
    Removing stm32f4xx_cryp.o(i.CRYP_ITConfig), (36 bytes).
    Removing stm32f4xx_cryp.o(i.CRYP_IVInit), (24 bytes).
    Removing stm32f4xx_cryp.o(i.CRYP_IVStructInit), (12 bytes).
    Removing stm32f4xx_cryp.o(i.CRYP_Init), (124 bytes).
    Removing stm32f4xx_cryp.o(i.CRYP_KeyInit), (40 bytes).
    Removing stm32f4xx_cryp.o(i.CRYP_KeyStructInit), (20 bytes).
    Removing stm32f4xx_cryp.o(i.CRYP_PhaseConfig), (24 bytes).
    Removing stm32f4xx_cryp.o(i.CRYP_RestoreContext), (148 bytes).
    Removing stm32f4xx_cryp.o(i.CRYP_SaveContext), (264 bytes).
    Removing stm32f4xx_cryp.o(i.CRYP_StructInit), (12 bytes).
    Removing stm32f4xx_cryp_aes.o(.rev16_text), (4 bytes).
    Removing stm32f4xx_cryp_aes.o(.revsh_text), (4 bytes).
    Removing stm32f4xx_cryp_aes.o(.rrx_text), (6 bytes).
    Removing stm32f4xx_cryp_aes.o(i.CRYP_AES_CBC), (540 bytes).
    Removing stm32f4xx_cryp_aes.o(i.CRYP_AES_CCM), (1778 bytes).
    Removing stm32f4xx_cryp_aes.o(i.CRYP_AES_CTR), (466 bytes).
    Removing stm32f4xx_cryp_aes.o(i.CRYP_AES_ECB), (494 bytes).
    Removing stm32f4xx_cryp_aes.o(i.CRYP_AES_GCM), (1308 bytes).
    Removing stm32f4xx_cryp_des.o(.rev16_text), (4 bytes).
    Removing stm32f4xx_cryp_des.o(.revsh_text), (4 bytes).
    Removing stm32f4xx_cryp_des.o(.rrx_text), (6 bytes).
    Removing stm32f4xx_cryp_des.o(i.CRYP_DES_CBC), (248 bytes).
    Removing stm32f4xx_cryp_des.o(i.CRYP_DES_ECB), (224 bytes).
    Removing stm32f4xx_cryp_tdes.o(.rev16_text), (4 bytes).
    Removing stm32f4xx_cryp_tdes.o(.revsh_text), (4 bytes).
    Removing stm32f4xx_cryp_tdes.o(.rrx_text), (6 bytes).
    Removing stm32f4xx_cryp_tdes.o(i.CRYP_TDES_CBC), (280 bytes).
    Removing stm32f4xx_cryp_tdes.o(i.CRYP_TDES_ECB), (256 bytes).
    Removing stm32f4xx_dac.o(.rev16_text), (4 bytes).
    Removing stm32f4xx_dac.o(.revsh_text), (4 bytes).
    Removing stm32f4xx_dac.o(.rrx_text), (6 bytes).
    Removing stm32f4xx_dac.o(i.DAC_ClearFlag), (16 bytes).
    Removing stm32f4xx_dac.o(i.DAC_ClearITPendingBit), (16 bytes).
    Removing stm32f4xx_dac.o(i.DAC_Cmd), (40 bytes).
    Removing stm32f4xx_dac.o(i.DAC_DMACmd), (44 bytes).
    Removing stm32f4xx_dac.o(i.DAC_DeInit), (22 bytes).
    Removing stm32f4xx_dac.o(i.DAC_DualSoftwareTriggerCmd), (36 bytes).
    Removing stm32f4xx_dac.o(i.DAC_GetDataOutputValue), (36 bytes).
    Removing stm32f4xx_dac.o(i.DAC_GetFlagStatus), (32 bytes).
    Removing stm32f4xx_dac.o(i.DAC_GetITStatus), (48 bytes).
    Removing stm32f4xx_dac.o(i.DAC_ITConfig), (40 bytes).
    Removing stm32f4xx_dac.o(i.DAC_Init), (52 bytes).
    Removing stm32f4xx_dac.o(i.DAC_SetChannel1Data), (32 bytes).
    Removing stm32f4xx_dac.o(i.DAC_SetChannel2Data), (32 bytes).
    Removing stm32f4xx_dac.o(i.DAC_SetDualChannelData), (36 bytes).
    Removing stm32f4xx_dac.o(i.DAC_SoftwareTriggerCmd), (44 bytes).
    Removing stm32f4xx_dac.o(i.DAC_StructInit), (12 bytes).
    Removing stm32f4xx_dac.o(i.DAC_WaveGenerationCmd), (40 bytes).
    Removing stm32f4xx_dbgmcu.o(.rev16_text), (4 bytes).
    Removing stm32f4xx_dbgmcu.o(.revsh_text), (4 bytes).
    Removing stm32f4xx_dbgmcu.o(.rrx_text), (6 bytes).
    Removing stm32f4xx_dbgmcu.o(i.DBGMCU_APB1PeriphConfig), (32 bytes).
    Removing stm32f4xx_dbgmcu.o(i.DBGMCU_APB2PeriphConfig), (32 bytes).
    Removing stm32f4xx_dbgmcu.o(i.DBGMCU_Config), (32 bytes).
    Removing stm32f4xx_dbgmcu.o(i.DBGMCU_GetDEVID), (16 bytes).
    Removing stm32f4xx_dbgmcu.o(i.DBGMCU_GetREVID), (12 bytes).
    Removing stm32f4xx_dcmi.o(.rev16_text), (4 bytes).
    Removing stm32f4xx_dcmi.o(.revsh_text), (4 bytes).
    Removing stm32f4xx_dcmi.o(.rrx_text), (6 bytes).
    Removing stm32f4xx_dcmi.o(i.DCMI_CROPCmd), (36 bytes).
    Removing stm32f4xx_dcmi.o(i.DCMI_CROPConfig), (32 bytes).
    Removing stm32f4xx_dcmi.o(i.DCMI_CaptureCmd), (36 bytes).
    Removing stm32f4xx_dcmi.o(i.DCMI_ClearFlag), (12 bytes).
    Removing stm32f4xx_dcmi.o(i.DCMI_ClearITPendingBit), (12 bytes).
    Removing stm32f4xx_dcmi.o(i.DCMI_Cmd), (36 bytes).
    Removing stm32f4xx_dcmi.o(i.DCMI_DeInit), (28 bytes).
    Removing stm32f4xx_dcmi.o(i.DCMI_GetFlagStatus), (52 bytes).
    Removing stm32f4xx_dcmi.o(i.DCMI_GetITStatus), (28 bytes).
    Removing stm32f4xx_dcmi.o(i.DCMI_ITConfig), (36 bytes).
    Removing stm32f4xx_dcmi.o(i.DCMI_Init), (64 bytes).
    Removing stm32f4xx_dcmi.o(i.DCMI_JPEGCmd), (36 bytes).
    Removing stm32f4xx_dcmi.o(i.DCMI_ReadData), (12 bytes).
    Removing stm32f4xx_dcmi.o(i.DCMI_SetEmbeddedSynchroCodes), (32 bytes).
    Removing stm32f4xx_dcmi.o(i.DCMI_StructInit), (18 bytes).
    Removing stm32f4xx_dma.o(.rev16_text), (4 bytes).
    Removing stm32f4xx_dma.o(.revsh_text), (4 bytes).
    Removing stm32f4xx_dma.o(.rrx_text), (6 bytes).
    Removing stm32f4xx_dma.o(i.DMA_ClearFlag), (52 bytes).
    Removing stm32f4xx_dma.o(i.DMA_ClearITPendingBit), (52 bytes).
    Removing stm32f4xx_dma.o(i.DMA_Cmd), (22 bytes).
    Removing stm32f4xx_dma.o(i.DMA_DeInit), (344 bytes).
    Removing stm32f4xx_dma.o(i.DMA_DoubleBufferModeCmd), (22 bytes).
    Removing stm32f4xx_dma.o(i.DMA_DoubleBufferModeConfig), (24 bytes).
    Removing stm32f4xx_dma.o(i.DMA_FlowControllerConfig), (22 bytes).
    Removing stm32f4xx_dma.o(i.DMA_GetCmdStatus), (20 bytes).
    Removing stm32f4xx_dma.o(i.DMA_GetCurrDataCounter), (8 bytes).
    Removing stm32f4xx_dma.o(i.DMA_GetCurrentMemoryTarget), (20 bytes).
    Removing stm32f4xx_dma.o(i.DMA_GetFIFOStatus), (12 bytes).
    Removing stm32f4xx_dma.o(i.DMA_GetFlagStatus), (68 bytes).
    Removing stm32f4xx_dma.o(i.DMA_GetITStatus), (100 bytes).
    Removing stm32f4xx_dma.o(i.DMA_ITConfig), (58 bytes).
    Removing stm32f4xx_dma.o(i.DMA_Init), (88 bytes).
    Removing stm32f4xx_dma.o(i.DMA_MemoryTargetConfig), (10 bytes).
    Removing stm32f4xx_dma.o(i.DMA_PeriphIncOffsetSizeConfig), (22 bytes).
    Removing stm32f4xx_dma.o(i.DMA_SetCurrDataCounter), (4 bytes).
    Removing stm32f4xx_dma.o(i.DMA_StructInit), (34 bytes).
    Removing stm32f4xx_exti.o(.rev16_text), (4 bytes).
    Removing stm32f4xx_exti.o(.revsh_text), (4 bytes).
    Removing stm32f4xx_exti.o(.rrx_text), (6 bytes).
    Removing stm32f4xx_exti.o(i.EXTI_ClearFlag), (12 bytes).
    Removing stm32f4xx_exti.o(i.EXTI_ClearITPendingBit), (12 bytes).
    Removing stm32f4xx_exti.o(i.EXTI_DeInit), (36 bytes).
    Removing stm32f4xx_exti.o(i.EXTI_GenerateSWInterrupt), (16 bytes).
    Removing stm32f4xx_exti.o(i.EXTI_GetFlagStatus), (24 bytes).
    Removing stm32f4xx_exti.o(i.EXTI_GetITStatus), (24 bytes).
    Removing stm32f4xx_exti.o(i.EXTI_Init), (148 bytes).
    Removing stm32f4xx_exti.o(i.EXTI_StructInit), (16 bytes).
    Removing stm32f4xx_flash.o(.rev16_text), (4 bytes).
    Removing stm32f4xx_flash.o(.revsh_text), (4 bytes).
    Removing stm32f4xx_flash.o(.rrx_text), (6 bytes).
    Removing stm32f4xx_flash.o(i.FLASH_ClearFlag), (12 bytes).
    Removing stm32f4xx_flash.o(i.FLASH_DataCacheCmd), (36 bytes).
    Removing stm32f4xx_flash.o(i.FLASH_DataCacheReset), (20 bytes).
    Removing stm32f4xx_flash.o(i.FLASH_EraseAllBank1Sectors), (108 bytes).
    Removing stm32f4xx_flash.o(i.FLASH_EraseAllBank2Sectors), (108 bytes).
    Removing stm32f4xx_flash.o(i.FLASH_EraseAllSectors), (108 bytes).
    Removing stm32f4xx_flash.o(i.FLASH_EraseSector), (136 bytes).
    Removing stm32f4xx_flash.o(i.FLASH_GetFlagStatus), (24 bytes).
    Removing stm32f4xx_flash.o(i.FLASH_GetStatus), (84 bytes).
    Removing stm32f4xx_flash.o(i.FLASH_ITConfig), (32 bytes).
    Removing stm32f4xx_flash.o(i.FLASH_InstructionCacheCmd), (36 bytes).
    Removing stm32f4xx_flash.o(i.FLASH_InstructionCacheReset), (20 bytes).
    Removing stm32f4xx_flash.o(i.FLASH_Lock), (20 bytes).
    Removing stm32f4xx_flash.o(i.FLASH_OB_BORConfig), (28 bytes).
    Removing stm32f4xx_flash.o(i.FLASH_OB_BootConfig), (28 bytes).
    Removing stm32f4xx_flash.o(i.FLASH_OB_GetBOR), (16 bytes).
    Removing stm32f4xx_flash.o(i.FLASH_OB_GetPCROP), (12 bytes).
    Removing stm32f4xx_flash.o(i.FLASH_OB_GetPCROP1), (12 bytes).
    Removing stm32f4xx_flash.o(i.FLASH_OB_GetRDP), (24 bytes).
    Removing stm32f4xx_flash.o(i.FLASH_OB_GetUser), (16 bytes).
    Removing stm32f4xx_flash.o(i.FLASH_OB_GetWRP), (12 bytes).
    Removing stm32f4xx_flash.o(i.FLASH_OB_GetWRP1), (12 bytes).
    Removing stm32f4xx_flash.o(i.FLASH_OB_Launch), (32 bytes).
    Removing stm32f4xx_flash.o(i.FLASH_OB_Lock), (20 bytes).
    Removing stm32f4xx_flash.o(i.FLASH_OB_PCROP1Config), (52 bytes).
    Removing stm32f4xx_flash.o(i.FLASH_OB_PCROPConfig), (52 bytes).
    Removing stm32f4xx_flash.o(i.FLASH_OB_PCROPSelectionConfig), (24 bytes).
    Removing stm32f4xx_flash.o(i.FLASH_OB_RDPConfig), (28 bytes).
    Removing stm32f4xx_flash.o(i.FLASH_OB_Unlock), (36 bytes).
    Removing stm32f4xx_flash.o(i.FLASH_OB_UserConfig), (48 bytes).
    Removing stm32f4xx_flash.o(i.FLASH_OB_WRP1Config), (52 bytes).
    Removing stm32f4xx_flash.o(i.FLASH_OB_WRPConfig), (52 bytes).
    Removing stm32f4xx_flash.o(i.FLASH_PrefetchBufferCmd), (36 bytes).
    Removing stm32f4xx_flash.o(i.FLASH_ProgramByte), (76 bytes).
    Removing stm32f4xx_flash.o(i.FLASH_ProgramDoubleWord), (84 bytes).
    Removing stm32f4xx_flash.o(i.FLASH_ProgramHalfWord), (80 bytes).
    Removing stm32f4xx_flash.o(i.FLASH_ProgramWord), (80 bytes).
    Removing stm32f4xx_flash.o(i.FLASH_SetLatency), (12 bytes).
    Removing stm32f4xx_flash.o(i.FLASH_Unlock), (36 bytes).
    Removing stm32f4xx_flash.o(i.FLASH_WaitForLastOperation), (34 bytes).
    Removing stm32f4xx_fsmc.o(.rev16_text), (4 bytes).
    Removing stm32f4xx_fsmc.o(.revsh_text), (4 bytes).
    Removing stm32f4xx_fsmc.o(.rrx_text), (6 bytes).
    Removing stm32f4xx_fsmc.o(i.FSMC_ClearFlag), (64 bytes).
    Removing stm32f4xx_fsmc.o(i.FSMC_ClearITPendingBit), (72 bytes).
    Removing stm32f4xx_fsmc.o(i.FSMC_GetECC), (28 bytes).
    Removing stm32f4xx_fsmc.o(i.FSMC_GetFlagStatus), (56 bytes).
    Removing stm32f4xx_fsmc.o(i.FSMC_GetITStatus), (68 bytes).
    Removing stm32f4xx_fsmc.o(i.FSMC_ITConfig), (128 bytes).
    Removing stm32f4xx_fsmc.o(i.FSMC_NANDCmd), (92 bytes).
    Removing stm32f4xx_fsmc.o(i.FSMC_NANDDeInit), (68 bytes).
    Removing stm32f4xx_fsmc.o(i.FSMC_NANDECCCmd), (92 bytes).
    Removing stm32f4xx_fsmc.o(i.FSMC_NANDInit), (136 bytes).
    Removing stm32f4xx_fsmc.o(i.FSMC_NANDStructInit), (54 bytes).
    Removing stm32f4xx_fsmc.o(i.FSMC_NORSRAMCmd), (52 bytes).
    Removing stm32f4xx_fsmc.o(i.FSMC_NORSRAMDeInit), (54 bytes).
    Removing stm32f4xx_fsmc.o(i.FSMC_NORSRAMInit), (230 bytes).
    Removing stm32f4xx_fsmc.o(i.FSMC_NORSRAMStructInit), (114 bytes).
    Removing stm32f4xx_fsmc.o(i.FSMC_PCCARDCmd), (48 bytes).
    Removing stm32f4xx_fsmc.o(i.FSMC_PCCARDDeInit), (40 bytes).
    Removing stm32f4xx_fsmc.o(i.FSMC_PCCARDInit), (132 bytes).
    Removing stm32f4xx_fsmc.o(i.FSMC_PCCARDStructInit), (60 bytes).
    Removing stm32f4xx_gpio.o(.rev16_text), (4 bytes).
    Removing stm32f4xx_gpio.o(.revsh_text), (4 bytes).
    Removing stm32f4xx_gpio.o(.rrx_text), (6 bytes).
    Removing stm32f4xx_gpio.o(i.GPIO_DeInit), (312 bytes).
    Removing stm32f4xx_gpio.o(i.GPIO_PinLockConfig), (34 bytes).
    Removing stm32f4xx_gpio.o(i.GPIO_ReadInputData), (8 bytes).
    Removing stm32f4xx_gpio.o(i.GPIO_ReadOutputData), (8 bytes).
    Removing stm32f4xx_gpio.o(i.GPIO_ReadOutputDataBit), (18 bytes).
    Removing stm32f4xx_gpio.o(i.GPIO_StructInit), (18 bytes).
    Removing stm32f4xx_gpio.o(i.GPIO_ToggleBits), (8 bytes).
    Removing stm32f4xx_gpio.o(i.GPIO_Write), (4 bytes).
    Removing stm32f4xx_gpio.o(i.GPIO_WriteBit), (10 bytes).
    Removing stm32f4xx_hash.o(.rev16_text), (4 bytes).
    Removing stm32f4xx_hash.o(.revsh_text), (4 bytes).
    Removing stm32f4xx_hash.o(.rrx_text), (6 bytes).
    Removing stm32f4xx_hash.o(i.HASH_AutoStartDigest), (36 bytes).
    Removing stm32f4xx_hash.o(i.HASH_ClearFlag), (12 bytes).
    Removing stm32f4xx_hash.o(i.HASH_ClearITPendingBit), (12 bytes).
    Removing stm32f4xx_hash.o(i.HASH_DMACmd), (36 bytes).
    Removing stm32f4xx_hash.o(i.HASH_DataIn), (12 bytes).
    Removing stm32f4xx_hash.o(i.HASH_DeInit), (20 bytes).
    Removing stm32f4xx_hash.o(i.HASH_GetDigest), (72 bytes).
    Removing stm32f4xx_hash.o(i.HASH_GetFlagStatus), (44 bytes).
    Removing stm32f4xx_hash.o(i.HASH_GetITStatus), (32 bytes).
    Removing stm32f4xx_hash.o(i.HASH_GetInFIFOWordsNbr), (16 bytes).
    Removing stm32f4xx_hash.o(i.HASH_ITConfig), (32 bytes).
    Removing stm32f4xx_hash.o(i.HASH_Init), (84 bytes).
    Removing stm32f4xx_hash.o(i.HASH_Reset), (20 bytes).
    Removing stm32f4xx_hash.o(i.HASH_RestoreContext), (68 bytes).
    Removing stm32f4xx_hash.o(i.HASH_SaveContext), (60 bytes).
    Removing stm32f4xx_hash.o(i.HASH_SetLastWordValidBitsNbr), (28 bytes).
    Removing stm32f4xx_hash.o(i.HASH_StartDigest), (20 bytes).
    Removing stm32f4xx_hash.o(i.HASH_StructInit), (12 bytes).
    Removing stm32f4xx_hash_md5.o(.rev16_text), (4 bytes).
    Removing stm32f4xx_hash_md5.o(.revsh_text), (4 bytes).
    Removing stm32f4xx_hash_md5.o(.rrx_text), (6 bytes).
    Removing stm32f4xx_hash_md5.o(i.HASH_MD5), (180 bytes).
    Removing stm32f4xx_hash_md5.o(i.HMAC_MD5), (354 bytes).
    Removing stm32f4xx_hash_sha1.o(.rev16_text), (4 bytes).
    Removing stm32f4xx_hash_sha1.o(.revsh_text), (4 bytes).
    Removing stm32f4xx_hash_sha1.o(.rrx_text), (6 bytes).
    Removing stm32f4xx_hash_sha1.o(i.HASH_SHA1), (186 bytes).
    Removing stm32f4xx_hash_sha1.o(i.HMAC_SHA1), (362 bytes).
    Removing stm32f4xx_i2c.o(.rev16_text), (4 bytes).
    Removing stm32f4xx_i2c.o(.revsh_text), (4 bytes).
    Removing stm32f4xx_i2c.o(.rrx_text), (6 bytes).
    Removing stm32f4xx_i2c.o(i.I2C_ARPCmd), (24 bytes).
    Removing stm32f4xx_i2c.o(i.I2C_AcknowledgeConfig), (24 bytes).
    Removing stm32f4xx_i2c.o(i.I2C_AnalogFilterCmd), (24 bytes).
    Removing stm32f4xx_i2c.o(i.I2C_CalculatePEC), (24 bytes).
    Removing stm32f4xx_i2c.o(i.I2C_CheckEvent), (42 bytes).
    Removing stm32f4xx_i2c.o(i.I2C_ClearFlag), (12 bytes).
    Removing stm32f4xx_i2c.o(i.I2C_ClearITPendingBit), (12 bytes).
    Removing stm32f4xx_i2c.o(i.I2C_Cmd), (24 bytes).
    Removing stm32f4xx_i2c.o(i.I2C_DMACmd), (24 bytes).
    Removing stm32f4xx_i2c.o(i.I2C_DMALastTransferCmd), (24 bytes).
    Removing stm32f4xx_i2c.o(i.I2C_DeInit), (96 bytes).
    Removing stm32f4xx_i2c.o(i.I2C_DigitalFilterConfig), (22 bytes).
    Removing stm32f4xx_i2c.o(i.I2C_DualAddressCmd), (24 bytes).
    Removing stm32f4xx_i2c.o(i.I2C_FastModeDutyCycleConfig), (28 bytes).
    Removing stm32f4xx_i2c.o(i.I2C_GeneralCallCmd), (24 bytes).
    Removing stm32f4xx_i2c.o(i.I2C_GenerateSTART), (24 bytes).
    Removing stm32f4xx_i2c.o(i.I2C_GenerateSTOP), (24 bytes).
    Removing stm32f4xx_i2c.o(i.I2C_GetFlagStatus), (58 bytes).
    Removing stm32f4xx_i2c.o(i.I2C_GetITStatus), (38 bytes).
    Removing stm32f4xx_i2c.o(i.I2C_GetLastEvent), (26 bytes).
    Removing stm32f4xx_i2c.o(i.I2C_GetPEC), (8 bytes).
    Removing stm32f4xx_i2c.o(i.I2C_ITConfig), (18 bytes).
    Removing stm32f4xx_i2c.o(i.I2C_Init), (232 bytes).
    Removing stm32f4xx_i2c.o(i.I2C_NACKPositionConfig), (28 bytes).
    Removing stm32f4xx_i2c.o(i.I2C_OwnAddress2Config), (22 bytes).
    Removing stm32f4xx_i2c.o(i.I2C_PECPositionConfig), (28 bytes).
    Removing stm32f4xx_i2c.o(i.I2C_ReadRegister), (22 bytes).
    Removing stm32f4xx_i2c.o(i.I2C_ReceiveData), (8 bytes).
    Removing stm32f4xx_i2c.o(i.I2C_SMBusAlertConfig), (28 bytes).
    Removing stm32f4xx_i2c.o(i.I2C_Send7bitAddress), (16 bytes).
    Removing stm32f4xx_i2c.o(i.I2C_SendData), (4 bytes).
    Removing stm32f4xx_i2c.o(i.I2C_SoftwareResetCmd), (22 bytes).
    Removing stm32f4xx_i2c.o(i.I2C_StretchClockCmd), (24 bytes).
    Removing stm32f4xx_i2c.o(i.I2C_StructInit), (30 bytes).
    Removing stm32f4xx_i2c.o(i.I2C_TransmitPEC), (24 bytes).
    Removing stm32f4xx_iwdg.o(.rev16_text), (4 bytes).
    Removing stm32f4xx_iwdg.o(.revsh_text), (4 bytes).
    Removing stm32f4xx_iwdg.o(.rrx_text), (6 bytes).
    Removing stm32f4xx_iwdg.o(i.IWDG_Enable), (16 bytes).
    Removing stm32f4xx_iwdg.o(i.IWDG_GetFlagStatus), (24 bytes).
    Removing stm32f4xx_iwdg.o(i.IWDG_ReloadCounter), (16 bytes).
    Removing stm32f4xx_iwdg.o(i.IWDG_SetPrescaler), (12 bytes).
    Removing stm32f4xx_iwdg.o(i.IWDG_SetReload), (12 bytes).
    Removing stm32f4xx_iwdg.o(i.IWDG_WriteAccessCmd), (12 bytes).
    Removing stm32f4xx_pwr.o(.rev16_text), (4 bytes).
    Removing stm32f4xx_pwr.o(.revsh_text), (4 bytes).
    Removing stm32f4xx_pwr.o(.rrx_text), (6 bytes).
    Removing stm32f4xx_pwr.o(i.PWR_BackupRegulatorCmd), (12 bytes).
    Removing stm32f4xx_pwr.o(i.PWR_ClearFlag), (20 bytes).
    Removing stm32f4xx_pwr.o(i.PWR_DeInit), (22 bytes).
    Removing stm32f4xx_pwr.o(i.PWR_EnterSTANDBYMode), (52 bytes).
    Removing stm32f4xx_pwr.o(i.PWR_EnterSTOPMode), (68 bytes).
    Removing stm32f4xx_pwr.o(i.PWR_EnterUnderDriveSTOPMode), (68 bytes).
    Removing stm32f4xx_pwr.o(i.PWR_FlashPowerDownCmd), (12 bytes).
    Removing stm32f4xx_pwr.o(i.PWR_GetFlagStatus), (24 bytes).
    Removing stm32f4xx_pwr.o(i.PWR_MainRegulatorModeConfig), (24 bytes).
    Removing stm32f4xx_pwr.o(i.PWR_OverDriveCmd), (12 bytes).
    Removing stm32f4xx_pwr.o(i.PWR_OverDriveSWCmd), (12 bytes).
    Removing stm32f4xx_pwr.o(i.PWR_PVDCmd), (12 bytes).
    Removing stm32f4xx_pwr.o(i.PWR_PVDLevelConfig), (24 bytes).
    Removing stm32f4xx_pwr.o(i.PWR_UnderDriveCmd), (36 bytes).
    Removing stm32f4xx_pwr.o(i.PWR_WakeUpPinCmd), (12 bytes).
    Removing stm32f4xx_rcc.o(.rev16_text), (4 bytes).
    Removing stm32f4xx_rcc.o(.revsh_text), (4 bytes).
    Removing stm32f4xx_rcc.o(.rrx_text), (6 bytes).
    Removing stm32f4xx_rcc.o(i.RCC_AHB1PeriphClockLPModeCmd), (32 bytes).
    Removing stm32f4xx_rcc.o(i.RCC_AHB2PeriphClockLPModeCmd), (32 bytes).
    Removing stm32f4xx_rcc.o(i.RCC_AHB2PeriphResetCmd), (32 bytes).
    Removing stm32f4xx_rcc.o(i.RCC_AHB3PeriphClockCmd), (32 bytes).
    Removing stm32f4xx_rcc.o(i.RCC_AHB3PeriphClockLPModeCmd), (32 bytes).
    Removing stm32f4xx_rcc.o(i.RCC_AHB3PeriphResetCmd), (32 bytes).
    Removing stm32f4xx_rcc.o(i.RCC_APB1PeriphClockLPModeCmd), (32 bytes).
    Removing stm32f4xx_rcc.o(i.RCC_APB2PeriphClockLPModeCmd), (32 bytes).
    Removing stm32f4xx_rcc.o(i.RCC_AdjustHSICalibrationValue), (24 bytes).
    Removing stm32f4xx_rcc.o(i.RCC_BackupResetCmd), (12 bytes).
    Removing stm32f4xx_rcc.o(i.RCC_ClearFlag), (20 bytes).
    Removing stm32f4xx_rcc.o(i.RCC_ClearITPendingBit), (12 bytes).
    Removing stm32f4xx_rcc.o(i.RCC_ClockSecuritySystemCmd), (12 bytes).
    Removing stm32f4xx_rcc.o(i.RCC_DeInit), (100 bytes).
    Removing stm32f4xx_rcc.o(i.RCC_GetITStatus), (24 bytes).
    Removing stm32f4xx_rcc.o(i.RCC_GetSYSCLKSource), (16 bytes).
    Removing stm32f4xx_rcc.o(i.RCC_HCLKConfig), (24 bytes).
    Removing stm32f4xx_rcc.o(i.RCC_HSEConfig), (16 bytes).
    Removing stm32f4xx_rcc.o(i.RCC_HSICmd), (12 bytes).
    Removing stm32f4xx_rcc.o(i.RCC_I2SCLKConfig), (12 bytes).
    Removing stm32f4xx_rcc.o(i.RCC_ITConfig), (32 bytes).
    Removing stm32f4xx_rcc.o(i.RCC_LTDCCLKDivConfig), (24 bytes).
    Removing stm32f4xx_rcc.o(i.RCC_MCO2Config), (28 bytes).
    Removing stm32f4xx_rcc.o(i.RCC_PCLK1Config), (24 bytes).
    Removing stm32f4xx_rcc.o(i.RCC_PCLK2Config), (24 bytes).
    Removing stm32f4xx_rcc.o(i.RCC_PLLCmd), (12 bytes).
    Removing stm32f4xx_rcc.o(i.RCC_PLLConfig), (36 bytes).
    Removing stm32f4xx_rcc.o(i.RCC_PLLI2SCmd), (12 bytes).
    Removing stm32f4xx_rcc.o(i.RCC_PLLI2SConfig), (16 bytes).
    Removing stm32f4xx_rcc.o(i.RCC_PLLSAICmd), (12 bytes).
    Removing stm32f4xx_rcc.o(i.RCC_PLLSAIConfig), (24 bytes).
    Removing stm32f4xx_rcc.o(i.RCC_SAIBlockACLKConfig), (24 bytes).
    Removing stm32f4xx_rcc.o(i.RCC_SAIBlockBCLKConfig), (24 bytes).
    Removing stm32f4xx_rcc.o(i.RCC_SAIPLLI2SClkDivConfig), (28 bytes).
    Removing stm32f4xx_rcc.o(i.RCC_SAIPLLSAIClkDivConfig), (28 bytes).
    Removing stm32f4xx_rcc.o(i.RCC_SYSCLKConfig), (24 bytes).
    Removing stm32f4xx_rcc.o(i.RCC_TIMCLKPresConfig), (12 bytes).
    Removing stm32f4xx_rcc.o(i.RCC_WaitForHSEStartUp), (56 bytes).
    Removing stm32f4xx_rng.o(.rev16_text), (4 bytes).
    Removing stm32f4xx_rng.o(.revsh_text), (4 bytes).
    Removing stm32f4xx_rng.o(.rrx_text), (6 bytes).
    Removing stm32f4xx_rng.o(i.RNG_ClearFlag), (16 bytes).
    Removing stm32f4xx_rng.o(i.RNG_ClearITPendingBit), (16 bytes).
    Removing stm32f4xx_rng.o(i.RNG_DeInit), (20 bytes).
    Removing stm32f4xx_rng.o(i.RNG_GetFlagStatus), (24 bytes).
    Removing stm32f4xx_rng.o(i.RNG_GetITStatus), (24 bytes).
    Removing stm32f4xx_rng.o(i.RNG_GetRandomNumber), (12 bytes).
    Removing stm32f4xx_rng.o(i.RNG_ITConfig), (36 bytes).
    Removing stm32f4xx_rtc.o(.rev16_text), (4 bytes).
    Removing stm32f4xx_rtc.o(.revsh_text), (4 bytes).
    Removing stm32f4xx_rtc.o(.rrx_text), (6 bytes).
    Removing stm32f4xx_rtc.o(i.RTC_AlarmCmd), (116 bytes).
    Removing stm32f4xx_rtc.o(i.RTC_AlarmStructInit), (22 bytes).
    Removing stm32f4xx_rtc.o(i.RTC_AlarmSubSecondConfig), (52 bytes).
    Removing stm32f4xx_rtc.o(i.RTC_BypassShadowCmd), (60 bytes).
    Removing stm32f4xx_rtc.o(i.RTC_CalibOutputCmd), (60 bytes).
    Removing stm32f4xx_rtc.o(i.RTC_CalibOutputConfig), (48 bytes).
    Removing stm32f4xx_rtc.o(i.RTC_ClearFlag), (28 bytes).
    Removing stm32f4xx_rtc.o(i.RTC_CoarseCalibCmd), (80 bytes).
    Removing stm32f4xx_rtc.o(i.RTC_CoarseCalibConfig), (56 bytes).
    Removing stm32f4xx_rtc.o(i.RTC_DateStructInit), (14 bytes).
    Removing stm32f4xx_rtc.o(i.RTC_DayLightSavingConfig), (56 bytes).
    Removing stm32f4xx_rtc.o(i.RTC_DeInit), (212 bytes).
    Removing stm32f4xx_rtc.o(i.RTC_GetAlarm), (116 bytes).
    Removing stm32f4xx_rtc.o(i.RTC_GetAlarmSubSecond), (36 bytes).
    Removing stm32f4xx_rtc.o(i.RTC_GetFlagStatus), (40 bytes).
    Removing stm32f4xx_rtc.o(i.RTC_GetStoreOperation), (16 bytes).
    Removing stm32f4xx_rtc.o(i.RTC_GetSubSecond), (20 bytes).
    Removing stm32f4xx_rtc.o(i.RTC_GetTimeStamp), (156 bytes).
    Removing stm32f4xx_rtc.o(i.RTC_GetTimeStampSubSecond), (12 bytes).
    Removing stm32f4xx_rtc.o(i.RTC_GetWakeUpCounter), (12 bytes).
    Removing stm32f4xx_rtc.o(i.RTC_ITConfig), (100 bytes).
    Removing stm32f4xx_rtc.o(i.RTC_OutputConfig), (56 bytes).
    Removing stm32f4xx_rtc.o(i.RTC_OutputTypeConfig), (28 bytes).
    Removing stm32f4xx_rtc.o(i.RTC_RefClockCmd), (80 bytes).
    Removing stm32f4xx_rtc.o(i.RTC_SetAlarm), (236 bytes).
    Removing stm32f4xx_rtc.o(i.RTC_SetWakeUpCounter), (28 bytes).
    Removing stm32f4xx_rtc.o(i.RTC_SmoothCalibConfig), (96 bytes).
    Removing stm32f4xx_rtc.o(i.RTC_StructInit), (14 bytes).
    Removing stm32f4xx_rtc.o(i.RTC_SynchroShiftConfig), (124 bytes).
    Removing stm32f4xx_rtc.o(i.RTC_TamperCmd), (32 bytes).
    Removing stm32f4xx_rtc.o(i.RTC_TamperFilterConfig), (28 bytes).
    Removing stm32f4xx_rtc.o(i.RTC_TamperPinSelection), (28 bytes).
    Removing stm32f4xx_rtc.o(i.RTC_TamperPinsPrechargeDuration), (28 bytes).
    Removing stm32f4xx_rtc.o(i.RTC_TamperPullUpCmd), (36 bytes).
    Removing stm32f4xx_rtc.o(i.RTC_TamperSamplingFreqConfig), (28 bytes).
    Removing stm32f4xx_rtc.o(i.RTC_TamperTriggerConfig), (36 bytes).
    Removing stm32f4xx_rtc.o(i.RTC_TimeStampCmd), (56 bytes).
    Removing stm32f4xx_rtc.o(i.RTC_TimeStampOnTamperDetectionCmd), (36 bytes).
    Removing stm32f4xx_rtc.o(i.RTC_TimeStampPinSelection), (28 bytes).
    Removing stm32f4xx_rtc.o(i.RTC_TimeStructInit), (12 bytes).
    Removing stm32f4xx_rtc.o(i.RTC_WakeUpClockConfig), (48 bytes).
    Removing stm32f4xx_rtc.o(i.RTC_WakeUpCmd), (120 bytes).
    Removing stm32f4xx_sdio.o(.rev16_text), (4 bytes).
    Removing stm32f4xx_sdio.o(.revsh_text), (4 bytes).
    Removing stm32f4xx_sdio.o(.rrx_text), (6 bytes).
    Removing stm32f4xx_sdio.o(i.SDIO_CEATAITCmd), (16 bytes).
    Removing stm32f4xx_sdio.o(i.SDIO_ClearFlag), (12 bytes).
    Removing stm32f4xx_sdio.o(i.SDIO_ClearITPendingBit), (12 bytes).
    Removing stm32f4xx_sdio.o(i.SDIO_ClockCmd), (12 bytes).
    Removing stm32f4xx_sdio.o(i.SDIO_CmdStructInit), (14 bytes).
    Removing stm32f4xx_sdio.o(i.SDIO_CommandCompletionCmd), (12 bytes).
    Removing stm32f4xx_sdio.o(i.SDIO_DMACmd), (12 bytes).
    Removing stm32f4xx_sdio.o(i.SDIO_DataConfig), (52 bytes).
    Removing stm32f4xx_sdio.o(i.SDIO_DataStructInit), (20 bytes).
    Removing stm32f4xx_sdio.o(i.SDIO_DeInit), (22 bytes).
    Removing stm32f4xx_sdio.o(i.SDIO_GetCommandResponse), (12 bytes).
    Removing stm32f4xx_sdio.o(i.SDIO_GetDataCounter), (12 bytes).
    Removing stm32f4xx_sdio.o(i.SDIO_GetFIFOCount), (12 bytes).
    Removing stm32f4xx_sdio.o(i.SDIO_GetFlagStatus), (24 bytes).
    Removing stm32f4xx_sdio.o(i.SDIO_GetITStatus), (24 bytes).
    Removing stm32f4xx_sdio.o(i.SDIO_GetPowerState), (16 bytes).
    Removing stm32f4xx_sdio.o(i.SDIO_GetResponse), (24 bytes).
    Removing stm32f4xx_sdio.o(i.SDIO_ITConfig), (32 bytes).
    Removing stm32f4xx_sdio.o(i.SDIO_Init), (48 bytes).
    Removing stm32f4xx_sdio.o(i.SDIO_ReadData), (12 bytes).
    Removing stm32f4xx_sdio.o(i.SDIO_SendCEATACmd), (12 bytes).
    Removing stm32f4xx_sdio.o(i.SDIO_SendCommand), (44 bytes).
    Removing stm32f4xx_sdio.o(i.SDIO_SendSDIOSuspendCmd), (12 bytes).
    Removing stm32f4xx_sdio.o(i.SDIO_SetPowerState), (12 bytes).
    Removing stm32f4xx_sdio.o(i.SDIO_SetSDIOOperation), (12 bytes).
    Removing stm32f4xx_sdio.o(i.SDIO_SetSDIOReadWaitMode), (12 bytes).
    Removing stm32f4xx_sdio.o(i.SDIO_StartSDIOReadWait), (12 bytes).
    Removing stm32f4xx_sdio.o(i.SDIO_StopSDIOReadWait), (12 bytes).
    Removing stm32f4xx_sdio.o(i.SDIO_StructInit), (16 bytes).
    Removing stm32f4xx_sdio.o(i.SDIO_WriteData), (12 bytes).
    Removing stm32f4xx_spi.o(.rev16_text), (4 bytes).
    Removing stm32f4xx_spi.o(.revsh_text), (4 bytes).
    Removing stm32f4xx_spi.o(.rrx_text), (6 bytes).
    Removing stm32f4xx_spi.o(i.I2S_Cmd), (24 bytes).
    Removing stm32f4xx_spi.o(i.I2S_FullDuplexConfig), (80 bytes).
    Removing stm32f4xx_spi.o(i.I2S_Init), (360 bytes).
    Removing stm32f4xx_spi.o(i.I2S_StructInit), (20 bytes).
    Removing stm32f4xx_spi.o(i.SPI_BiDirectionalLineConfig), (28 bytes).
    Removing stm32f4xx_spi.o(i.SPI_CalculateCRC), (24 bytes).
    Removing stm32f4xx_spi.o(i.SPI_Cmd), (24 bytes).
    Removing stm32f4xx_spi.o(i.SPI_DataSizeConfig), (18 bytes).
    Removing stm32f4xx_spi.o(i.SPI_GetCRC), (16 bytes).
    Removing stm32f4xx_spi.o(i.SPI_GetCRCPolynomial), (6 bytes).
    Removing stm32f4xx_spi.o(i.SPI_I2S_ClearFlag), (6 bytes).
    Removing stm32f4xx_spi.o(i.SPI_I2S_ClearITPendingBit), (20 bytes).
    Removing stm32f4xx_spi.o(i.SPI_I2S_DMACmd), (18 bytes).
    Removing stm32f4xx_spi.o(i.SPI_I2S_DeInit), (176 bytes).
    Removing stm32f4xx_spi.o(i.SPI_I2S_GetFlagStatus), (18 bytes).
    Removing stm32f4xx_spi.o(i.SPI_I2S_GetITStatus), (52 bytes).
    Removing stm32f4xx_spi.o(i.SPI_I2S_ITConfig), (32 bytes).
    Removing stm32f4xx_spi.o(i.SPI_I2S_ReceiveData), (6 bytes).
    Removing stm32f4xx_spi.o(i.SPI_I2S_SendData), (4 bytes).
    Removing stm32f4xx_spi.o(i.SPI_Init), (60 bytes).
    Removing stm32f4xx_spi.o(i.SPI_NSSInternalSoftwareConfig), (30 bytes).
    Removing stm32f4xx_spi.o(i.SPI_SSOutputCmd), (24 bytes).
    Removing stm32f4xx_spi.o(i.SPI_StructInit), (24 bytes).
    Removing stm32f4xx_spi.o(i.SPI_TIModeCmd), (24 bytes).
    Removing stm32f4xx_spi.o(i.SPI_TransmitCRC), (10 bytes).
    Removing stm32f4xx_syscfg.o(.rev16_text), (4 bytes).
    Removing stm32f4xx_syscfg.o(.revsh_text), (4 bytes).
    Removing stm32f4xx_syscfg.o(.rrx_text), (6 bytes).
    Removing stm32f4xx_syscfg.o(i.SYSCFG_CompensationCellCmd), (12 bytes).
    Removing stm32f4xx_syscfg.o(i.SYSCFG_DeInit), (22 bytes).
    Removing stm32f4xx_syscfg.o(i.SYSCFG_EXTILineConfig), (64 bytes).
    Removing stm32f4xx_syscfg.o(i.SYSCFG_GetCompensationCellStatus), (24 bytes).
    Removing stm32f4xx_syscfg.o(i.SYSCFG_MemoryRemapConfig), (12 bytes).
    Removing stm32f4xx_syscfg.o(i.SYSCFG_MemorySwappingBank), (12 bytes).
    Removing stm32f4xx_tim.o(.rev16_text), (4 bytes).
    Removing stm32f4xx_tim.o(.revsh_text), (4 bytes).
    Removing stm32f4xx_tim.o(.rrx_text), (6 bytes).
    Removing stm32f4xx_tim.o(i.TI1_Config), (58 bytes).
    Removing stm32f4xx_tim.o(i.TI2_Config), (80 bytes).
    Removing stm32f4xx_tim.o(i.TI3_Config), (72 bytes).
    Removing stm32f4xx_tim.o(i.TI4_Config), (80 bytes).
    Removing stm32f4xx_tim.o(i.TIM_ARRPreloadConfig), (24 bytes).
    Removing stm32f4xx_tim.o(i.TIM_BDTRConfig), (32 bytes).
    Removing stm32f4xx_tim.o(i.TIM_BDTRStructInit), (18 bytes).
    Removing stm32f4xx_tim.o(i.TIM_CCPreloadControl), (24 bytes).
    Removing stm32f4xx_tim.o(i.TIM_CCxCmd), (30 bytes).
    Removing stm32f4xx_tim.o(i.TIM_CCxNCmd), (30 bytes).
    Removing stm32f4xx_tim.o(i.TIM_ClearFlag), (6 bytes).
    Removing stm32f4xx_tim.o(i.TIM_ClearOC1Ref), (18 bytes).
    Removing stm32f4xx_tim.o(i.TIM_ClearOC2Ref), (24 bytes).
    Removing stm32f4xx_tim.o(i.TIM_ClearOC3Ref), (18 bytes).
    Removing stm32f4xx_tim.o(i.TIM_ClearOC4Ref), (24 bytes).
    Removing stm32f4xx_tim.o(i.TIM_CounterModeConfig), (18 bytes).
    Removing stm32f4xx_tim.o(i.TIM_CtrlPWMOutputs), (30 bytes).
    Removing stm32f4xx_tim.o(i.TIM_DMACmd), (18 bytes).
    Removing stm32f4xx_tim.o(i.TIM_DMAConfig), (10 bytes).
    Removing stm32f4xx_tim.o(i.TIM_ETRClockMode1Config), (54 bytes).
    Removing stm32f4xx_tim.o(i.TIM_ETRClockMode2Config), (32 bytes).
    Removing stm32f4xx_tim.o(i.TIM_ETRConfig), (28 bytes).
    Removing stm32f4xx_tim.o(i.TIM_EncoderInterfaceConfig), (66 bytes).
    Removing stm32f4xx_tim.o(i.TIM_ForcedOC1Config), (18 bytes).
    Removing stm32f4xx_tim.o(i.TIM_ForcedOC2Config), (26 bytes).
    Removing stm32f4xx_tim.o(i.TIM_ForcedOC3Config), (18 bytes).
    Removing stm32f4xx_tim.o(i.TIM_ForcedOC4Config), (26 bytes).
    Removing stm32f4xx_tim.o(i.TIM_GenerateEvent), (4 bytes).
    Removing stm32f4xx_tim.o(i.TIM_GetCapture1), (6 bytes).
    Removing stm32f4xx_tim.o(i.TIM_GetCapture2), (6 bytes).
    Removing stm32f4xx_tim.o(i.TIM_GetCapture3), (6 bytes).
    Removing stm32f4xx_tim.o(i.TIM_GetCapture4), (6 bytes).
    Removing stm32f4xx_tim.o(i.TIM_GetFlagStatus), (18 bytes).
    Removing stm32f4xx_tim.o(i.TIM_GetPrescaler), (6 bytes).
    Removing stm32f4xx_tim.o(i.TIM_ICInit), (110 bytes).
    Removing stm32f4xx_tim.o(i.TIM_ICStructInit), (18 bytes).
    Removing stm32f4xx_tim.o(i.TIM_ITRxExternalClockConfig), (24 bytes).
    Removing stm32f4xx_tim.o(i.TIM_InternalClockConfig), (12 bytes).
    Removing stm32f4xx_tim.o(i.TIM_OC1FastConfig), (18 bytes).
    Removing stm32f4xx_tim.o(i.TIM_OC1Init), (124 bytes).
    Removing stm32f4xx_tim.o(i.TIM_OC1NPolarityConfig), (18 bytes).
    Removing stm32f4xx_tim.o(i.TIM_OC1PolarityConfig), (18 bytes).
    Removing stm32f4xx_tim.o(i.TIM_OC1PreloadConfig), (18 bytes).
    Removing stm32f4xx_tim.o(i.TIM_OC2FastConfig), (26 bytes).
    Removing stm32f4xx_tim.o(i.TIM_OC2Init), (164 bytes).
    Removing stm32f4xx_tim.o(i.TIM_OC2NPolarityConfig), (26 bytes).
    Removing stm32f4xx_tim.o(i.TIM_OC2PolarityConfig), (26 bytes).
    Removing stm32f4xx_tim.o(i.TIM_OC2PreloadConfig), (26 bytes).
    Removing stm32f4xx_tim.o(i.TIM_OC3FastConfig), (18 bytes).
    Removing stm32f4xx_tim.o(i.TIM_OC3Init), (160 bytes).
    Removing stm32f4xx_tim.o(i.TIM_OC3NPolarityConfig), (26 bytes).
    Removing stm32f4xx_tim.o(i.TIM_OC3PolarityConfig), (26 bytes).
    Removing stm32f4xx_tim.o(i.TIM_OC3PreloadConfig), (18 bytes).
    Removing stm32f4xx_tim.o(i.TIM_OC4FastConfig), (26 bytes).
    Removing stm32f4xx_tim.o(i.TIM_OC4Init), (120 bytes).
    Removing stm32f4xx_tim.o(i.TIM_OC4PolarityConfig), (26 bytes).
    Removing stm32f4xx_tim.o(i.TIM_OC4PreloadConfig), (26 bytes).
    Removing stm32f4xx_tim.o(i.TIM_OCStructInit), (20 bytes).
    Removing stm32f4xx_tim.o(i.TIM_PWMIConfig), (124 bytes).
    Removing stm32f4xx_tim.o(i.TIM_PrescalerConfig), (6 bytes).
    Removing stm32f4xx_tim.o(i.TIM_RemapConfig), (6 bytes).
    Removing stm32f4xx_tim.o(i.TIM_SelectCCDMA), (24 bytes).
    Removing stm32f4xx_tim.o(i.TIM_SelectCOM), (24 bytes).
    Removing stm32f4xx_tim.o(i.TIM_SelectHallSensor), (24 bytes).
    Removing stm32f4xx_tim.o(i.TIM_SelectInputTrigger), (18 bytes).
    Removing stm32f4xx_tim.o(i.TIM_SelectMasterSlaveMode), (18 bytes).
    Removing stm32f4xx_tim.o(i.TIM_SelectOCxM), (86 bytes).
    Removing stm32f4xx_tim.o(i.TIM_SelectOnePulseMode), (18 bytes).
    Removing stm32f4xx_tim.o(i.TIM_SelectOutputTrigger), (18 bytes).
    Removing stm32f4xx_tim.o(i.TIM_SelectSlaveMode), (18 bytes).
    Removing stm32f4xx_tim.o(i.TIM_SetAutoreload), (4 bytes).
    Removing stm32f4xx_tim.o(i.TIM_SetClockDivision), (18 bytes).
    Removing stm32f4xx_tim.o(i.TIM_SetCompare1), (4 bytes).
    Removing stm32f4xx_tim.o(i.TIM_SetCompare2), (4 bytes).
    Removing stm32f4xx_tim.o(i.TIM_SetCompare3), (4 bytes).
    Removing stm32f4xx_tim.o(i.TIM_SetCompare4), (4 bytes).
    Removing stm32f4xx_tim.o(i.TIM_SetIC1Prescaler), (18 bytes).
    Removing stm32f4xx_tim.o(i.TIM_SetIC2Prescaler), (26 bytes).
    Removing stm32f4xx_tim.o(i.TIM_SetIC3Prescaler), (18 bytes).
    Removing stm32f4xx_tim.o(i.TIM_SetIC4Prescaler), (26 bytes).
    Removing stm32f4xx_tim.o(i.TIM_TIxExternalClockConfig), (62 bytes).
    Removing stm32f4xx_tim.o(i.TIM_TimeBaseStructInit), (18 bytes).
    Removing stm32f4xx_tim.o(i.TIM_UpdateDisableConfig), (24 bytes).
    Removing stm32f4xx_tim.o(i.TIM_UpdateRequestConfig), (24 bytes).
    Removing stm32f4xx_usart.o(.rev16_text), (4 bytes).
    Removing stm32f4xx_usart.o(.revsh_text), (4 bytes).
    Removing stm32f4xx_usart.o(.rrx_text), (6 bytes).
    Removing stm32f4xx_usart.o(i.USART_ClearITPendingBit), (30 bytes).
    Removing stm32f4xx_usart.o(i.USART_ClockInit), (32 bytes).
    Removing stm32f4xx_usart.o(i.USART_ClockStructInit), (12 bytes).
    Removing stm32f4xx_usart.o(i.USART_DMACmd), (18 bytes).
    Removing stm32f4xx_usart.o(i.USART_DeInit), (240 bytes).
    Removing stm32f4xx_usart.o(i.USART_HalfDuplexCmd), (24 bytes).
    Removing stm32f4xx_usart.o(i.USART_IrDACmd), (24 bytes).
    Removing stm32f4xx_usart.o(i.USART_IrDAConfig), (18 bytes).
    Removing stm32f4xx_usart.o(i.USART_LINBreakDetectLengthConfig), (18 bytes).
    Removing stm32f4xx_usart.o(i.USART_LINCmd), (24 bytes).
    Removing stm32f4xx_usart.o(i.USART_OneBitMethodCmd), (24 bytes).
    Removing stm32f4xx_usart.o(i.USART_OverSampling8Cmd), (22 bytes).
    Removing stm32f4xx_usart.o(i.USART_ReceiverWakeUpCmd), (24 bytes).
    Removing stm32f4xx_usart.o(i.USART_SendBreak), (10 bytes).
    Removing stm32f4xx_usart.o(i.USART_SetAddress), (18 bytes).
    Removing stm32f4xx_usart.o(i.USART_SetGuardTime), (16 bytes).
    Removing stm32f4xx_usart.o(i.USART_SetPrescaler), (16 bytes).
    Removing stm32f4xx_usart.o(i.USART_SmartCardCmd), (24 bytes).
    Removing stm32f4xx_usart.o(i.USART_SmartCardNACKCmd), (24 bytes).
    Removing stm32f4xx_usart.o(i.USART_StructInit), (24 bytes).
    Removing stm32f4xx_usart.o(i.USART_WakeUpConfig), (18 bytes).
    Removing stm32f4xx_wwdg.o(.rev16_text), (4 bytes).
    Removing stm32f4xx_wwdg.o(.revsh_text), (4 bytes).
    Removing stm32f4xx_wwdg.o(.rrx_text), (6 bytes).
    Removing stm32f4xx_wwdg.o(i.WWDG_ClearFlag), (12 bytes).
    Removing stm32f4xx_wwdg.o(i.WWDG_DeInit), (22 bytes).
    Removing stm32f4xx_wwdg.o(i.WWDG_Enable), (16 bytes).
    Removing stm32f4xx_wwdg.o(i.WWDG_EnableIT), (12 bytes).
    Removing stm32f4xx_wwdg.o(i.WWDG_GetFlagStatus), (20 bytes).
    Removing stm32f4xx_wwdg.o(i.WWDG_SetCounter), (16 bytes).
    Removing stm32f4xx_wwdg.o(i.WWDG_SetPrescaler), (24 bytes).
    Removing stm32f4xx_wwdg.o(i.WWDG_SetWindowValue), (40 bytes).
    Removing stm32f4x7_eth.o(.rev16_text), (4 bytes).
    Removing stm32f4x7_eth.o(.revsh_text), (4 bytes).
    Removing stm32f4x7_eth.o(.rrx_text), (6 bytes).
    Removing stm32f4x7_eth.o(i.ETH_BackPressureActivationCmd), (36 bytes).
    Removing stm32f4x7_eth.o(i.ETH_CheckFrameReceived), (200 bytes).
    Removing stm32f4x7_eth.o(i.ETH_DMAClearFlag), (12 bytes).
    Removing stm32f4x7_eth.o(i.ETH_DMAClearITPendingBit), (12 bytes).
    Removing stm32f4x7_eth.o(i.ETH_DMAITConfig), (32 bytes).
    Removing stm32f4x7_eth.o(i.ETH_DMARxDescReceiveITConfig), (22 bytes).
    Removing stm32f4x7_eth.o(i.ETH_DMATxDescBufferSizeConfig), (14 bytes).
    Removing stm32f4x7_eth.o(i.ETH_DMATxDescCRCCmd), (22 bytes).
    Removing stm32f4x7_eth.o(i.ETH_DMATxDescFrameSegmentConfig), (8 bytes).
    Removing stm32f4x7_eth.o(i.ETH_DMATxDescSecondAddressChainedCmd), (22 bytes).
    Removing stm32f4x7_eth.o(i.ETH_DMATxDescShortFramePaddingCmd), (22 bytes).
    Removing stm32f4x7_eth.o(i.ETH_DMATxDescTransmitITConfig), (22 bytes).
    Removing stm32f4x7_eth.o(i.ETH_EnhancedDescriptorCmd), (36 bytes).
    Removing stm32f4x7_eth.o(i.ETH_GetBufferUnavailableMissedFrameCounter), (12 bytes).
    Removing stm32f4x7_eth.o(i.ETH_GetCurrentRxBufferAddress), (12 bytes).
    Removing stm32f4x7_eth.o(i.ETH_GetCurrentRxDescStartAddress), (12 bytes).
    Removing stm32f4x7_eth.o(i.ETH_GetCurrentTxBufferAddress), (12 bytes).
    Removing stm32f4x7_eth.o(i.ETH_GetCurrentTxDescStartAddress), (12 bytes).
    Removing stm32f4x7_eth.o(i.ETH_GetDMAFlagStatus), (24 bytes).
    Removing stm32f4x7_eth.o(i.ETH_GetDMAITStatus), (24 bytes).
    Removing stm32f4x7_eth.o(i.ETH_GetDMAOverflowStatus), (24 bytes).
    Removing stm32f4x7_eth.o(i.ETH_GetDMAPTPRxDescExtendedFlagStatus), (18 bytes).
    Removing stm32f4x7_eth.o(i.ETH_GetDMARxDescBufferSize), (20 bytes).
    Removing stm32f4x7_eth.o(i.ETH_GetDMARxDescFlagStatus), (18 bytes).
    Removing stm32f4x7_eth.o(i.ETH_GetDMARxDescFrameLength), (10 bytes).
    Removing stm32f4x7_eth.o(i.ETH_GetDMATxDescCollisionCount), (10 bytes).
    Removing stm32f4x7_eth.o(i.ETH_GetDMATxDescFlagStatus), (18 bytes).
    Removing stm32f4x7_eth.o(i.ETH_GetFlowControlBusyStatus), (24 bytes).
    Removing stm32f4x7_eth.o(i.ETH_GetFlushTransmitFIFOStatus), (24 bytes).
    Removing stm32f4x7_eth.o(i.ETH_GetMACAddress), (40 bytes).
    Removing stm32f4x7_eth.o(i.ETH_GetMACFlagStatus), (24 bytes).
    Removing stm32f4x7_eth.o(i.ETH_GetMACITStatus), (24 bytes).
    Removing stm32f4x7_eth.o(i.ETH_GetMMCITStatus), (68 bytes).
    Removing stm32f4x7_eth.o(i.ETH_GetMMCRegister), (12 bytes).
    Removing stm32f4x7_eth.o(i.ETH_GetPMTFlagStatus), (24 bytes).
    Removing stm32f4x7_eth.o(i.ETH_GetReceiveProcessState), (16 bytes).
    Removing stm32f4x7_eth.o(i.ETH_GetRxOverflowMissedFrameCounter), (16 bytes).
    Removing stm32f4x7_eth.o(i.ETH_GetRxPktSize), (42 bytes).
    Removing stm32f4x7_eth.o(i.ETH_GetTransmitProcessState), (16 bytes).
    Removing stm32f4x7_eth.o(i.ETH_Get_Received_Frame), (92 bytes).
    Removing stm32f4x7_eth.o(i.ETH_Get_Received_Frame_interrupt), (276 bytes).
    Removing stm32f4x7_eth.o(i.ETH_GlobalUnicastWakeUpCmd), (36 bytes).
    Removing stm32f4x7_eth.o(i.ETH_InitiatePauseControlFrame), (20 bytes).
    Removing stm32f4x7_eth.o(i.ETH_MACAddressFilterConfig), (44 bytes).
    Removing stm32f4x7_eth.o(i.ETH_MACAddressMaskBytesFilterConfig), (36 bytes).
    Removing stm32f4x7_eth.o(i.ETH_MACAddressPerfectFilterCmd), (44 bytes).
    Removing stm32f4x7_eth.o(i.ETH_MACITConfig), (32 bytes).
    Removing stm32f4x7_eth.o(i.ETH_MMCCounterFreezeCmd), (44 bytes).
    Removing stm32f4x7_eth.o(i.ETH_MMCCounterFullPreset), (24 bytes).
    Removing stm32f4x7_eth.o(i.ETH_MMCCounterHalfPreset), (40 bytes).
    Removing stm32f4x7_eth.o(i.ETH_MMCCounterRolloverCmd), (44 bytes).
    Removing stm32f4x7_eth.o(i.ETH_MMCCountersReset), (24 bytes).
    Removing stm32f4x7_eth.o(i.ETH_MMCITConfig), (84 bytes).
    Removing stm32f4x7_eth.o(i.ETH_MMCResetOnReadCmd), (44 bytes).
    Removing stm32f4x7_eth.o(i.ETH_MagicPacketDetectionCmd), (36 bytes).
    Removing stm32f4x7_eth.o(i.ETH_PHYLoopBackCmd), (52 bytes).
    Removing stm32f4x7_eth.o(i.ETH_PowerDownCmd), (36 bytes).
    Removing stm32f4x7_eth.o(i.ETH_ResetWakeUpFrameFilterRegisterPointer), (20 bytes).
    Removing stm32f4x7_eth.o(i.ETH_ResumeDMAReception), (12 bytes).
    Removing stm32f4x7_eth.o(i.ETH_ResumeDMATransmission), (12 bytes).
    Removing stm32f4x7_eth.o(i.ETH_SetDMARxDescOwnBit), (10 bytes).
    Removing stm32f4x7_eth.o(i.ETH_SetDMATxDescOwnBit), (10 bytes).
    Removing stm32f4x7_eth.o(i.ETH_SetReceiveWatchdogTimer), (12 bytes).
    Removing stm32f4x7_eth.o(i.ETH_SetWakeUpFrameFilterRegister), (28 bytes).
    Removing stm32f4x7_eth.o(i.ETH_WakeUpFrameDetectionCmd), (36 bytes).
    Removing system_stm32f4xx_1.o(.rev16_text), (4 bytes).
    Removing system_stm32f4xx_1.o(.revsh_text), (4 bytes).
    Removing system_stm32f4xx_1.o(.rrx_text), (6 bytes).
    Removing system_stm32f4xx_1.o(i.SystemCoreClockUpdate), (192 bytes).
    Removing system_stm32f4xx_1.o(.data), (20 bytes).
    Removing lcd_log.o(.rev16_text), (4 bytes).
    Removing lcd_log.o(.revsh_text), (4 bytes).
    Removing lcd_log.o(.rrx_text), (6 bytes).
    Removing lcd_log.o(i.LCD_LOG_ClearTextZone), (40 bytes).
    Removing lcd_log.o(i.LCD_LOG_DeInit), (100 bytes).
    Removing lcd_log.o(i.LCD_LOG_Init), (14 bytes).
    Removing lcd_log.o(i.LCD_LOG_SetFooter), (50 bytes).
    Removing lcd_log.o(i.LCD_LOG_SetHeader), (176 bytes).
    Removing lcd_log.o(i.LCD_LOG_UpdateDisplay), (228 bytes).
    Removing lcd_log.o(i.fputc), (396 bytes).
    Removing lcd_log.o(.bss), (468 bytes).
    Removing lcd_log.o(.data), (18 bytes).
    Removing usbd_core.o(.rev16_text), (4 bytes).
    Removing usbd_core.o(.revsh_text), (4 bytes).
    Removing usbd_core.o(.rrx_text), (6 bytes).
    Removing usbd_core.o(i.USBD_ClrCfg), (22 bytes).
    Removing usbd_core.o(i.USBD_DataInStage), (208 bytes).
    Removing usbd_core.o(i.USBD_DataOutStage), (150 bytes).
    Removing usbd_core.o(i.USBD_DeInit), (6 bytes).
    Removing usbd_core.o(i.USBD_DevConnected), (24 bytes).
    Removing usbd_core.o(i.USBD_DevDisconnected), (36 bytes).
    Removing usbd_core.o(i.USBD_Init), (66 bytes).
    Removing usbd_core.o(i.USBD_IsoINIncomplete), (18 bytes).
    Removing usbd_core.o(i.USBD_IsoOUTIncomplete), (18 bytes).
    Removing usbd_core.o(i.USBD_Reset), (50 bytes).
    Removing usbd_core.o(i.USBD_Resume), (30 bytes).
    Removing usbd_core.o(i.USBD_RunTestMode), (20 bytes).
    Removing usbd_core.o(i.USBD_SOF), (26 bytes).
    Removing usbd_core.o(i.USBD_SetCfg), (30 bytes).
    Removing usbd_core.o(i.USBD_SetupStage), (84 bytes).
    Removing usbd_core.o(i.USBD_Suspend), (32 bytes).
    Removing usbd_core.o(.data), (52 bytes).
    Removing usbd_ioreq.o(.rev16_text), (4 bytes).
    Removing usbd_ioreq.o(.revsh_text), (4 bytes).
    Removing usbd_ioreq.o(.rrx_text), (6 bytes).
    Removing usbd_ioreq.o(i.USBD_CtlContinueRx), (30 bytes).
    Removing usbd_ioreq.o(i.USBD_CtlContinueSendData), (30 bytes).
    Removing usbd_ioreq.o(i.USBD_CtlReceiveStatus), (36 bytes).
    Removing usbd_ioreq.o(i.USBD_CtlSendStatus), (36 bytes).
    Removing usbd_ioreq.o(i.USBD_GetRxCount), (20 bytes).
    Removing usbd_req.o(.rev16_text), (4 bytes).
    Removing usbd_req.o(.revsh_text), (4 bytes).
    Removing usbd_req.o(.rrx_text), (6 bytes).
    Removing usbd_req.o(i.USBD_ClrFeature), (72 bytes).
    Removing usbd_req.o(i.USBD_GetConfig), (84 bytes).
    Removing usbd_req.o(i.USBD_GetDescriptor), (388 bytes).
    Removing usbd_req.o(i.USBD_GetStatus), (80 bytes).
    Removing usbd_req.o(i.USBD_ParseSetupRequest), (72 bytes).
    Removing usbd_req.o(i.USBD_SetAddress), (92 bytes).
    Removing usbd_req.o(i.USBD_SetConfig), (208 bytes).
    Removing usbd_req.o(i.USBD_SetFeature), (164 bytes).
    Removing usbd_req.o(i.USBD_StdDevReq), (114 bytes).
    Removing usbd_req.o(i.USBD_StdEPReq), (348 bytes).
    Removing usbd_req.o(i.USBD_StdItfReq), (76 bytes).
    Removing usbd_req.o(.data), (13 bytes).
    Removing usbd_cdc_core.o(.rev16_text), (4 bytes).
    Removing usbd_cdc_core.o(.revsh_text), (4 bytes).
    Removing usbd_cdc_core.o(.rrx_text), (6 bytes).
    Removing usb_core.o(.rev16_text), (4 bytes).
    Removing usb_core.o(.revsh_text), (4 bytes).
    Removing usb_core.o(.rrx_text), (6 bytes).
    Removing usb_core.o(i.USB_OTG_ActiveRemoteWakeup), (106 bytes).
    Removing usb_core.o(i.USB_OTG_CoreInit), (282 bytes).
    Removing usb_core.o(i.USB_OTG_CoreInitDev), (598 bytes).
    Removing usb_core.o(i.USB_OTG_CoreReset), (112 bytes).
    Removing usb_core.o(i.USB_OTG_DisableGlobalInt), (34 bytes).
    Removing usb_core.o(i.USB_OTG_EP0Activate), (106 bytes).
    Removing usb_core.o(i.USB_OTG_EPClearStall), (80 bytes).
    Removing usb_core.o(i.USB_OTG_EnableCommonInt), (52 bytes).
    Removing usb_core.o(i.USB_OTG_EnableDevInt), (176 bytes).
    Removing usb_core.o(i.USB_OTG_EnableGlobalInt), (34 bytes).
    Removing usb_core.o(i.USB_OTG_FlushRxFifo), (76 bytes).
    Removing usb_core.o(i.USB_OTG_FlushTxFifo), (84 bytes).
    Removing usb_core.o(i.USB_OTG_GetDeviceSpeed), (52 bytes).
    Removing usb_core.o(i.USB_OTG_GetEPStatus), (106 bytes).
    Removing usb_core.o(i.USB_OTG_GetMode), (12 bytes).
    Removing usb_core.o(i.USB_OTG_InitDevSpeed), (24 bytes).
    Removing usb_core.o(i.USB_OTG_IsDeviceMode), (22 bytes).
    Removing usb_core.o(i.USB_OTG_IsHostMode), (20 bytes).
    Removing usb_core.o(i.USB_OTG_ReadCoreItr), (16 bytes).
    Removing usb_core.o(i.USB_OTG_ReadDevAllInEPItr), (16 bytes).
    Removing usb_core.o(i.USB_OTG_ReadDevAllOutEp_itr), (16 bytes).
    Removing usb_core.o(i.USB_OTG_ReadDevOutEP_itr), (20 bytes).
    Removing usb_core.o(i.USB_OTG_ReadOtgItr), (8 bytes).
    Removing usb_core.o(i.USB_OTG_ReadPacket), (40 bytes).
    Removing usb_core.o(i.USB_OTG_SelectCore), (212 bytes).
    Removing usb_core.o(i.USB_OTG_SetCurrentMode), (78 bytes).
    Removing usb_core.o(i.USB_OTG_SetEPStatus), (282 bytes).
    Removing usb_core.o(i.USB_OTG_StopDevice), (82 bytes).
    Removing usb_core.o(i.USB_OTG_UngateClock), (54 bytes).
    Removing usb_dcd.o(.rev16_text), (4 bytes).
    Removing usb_dcd.o(.revsh_text), (4 bytes).
    Removing usb_dcd.o(.rrx_text), (6 bytes).
    Removing usb_dcd.o(i.DCD_DevConnect), (32 bytes).
    Removing usb_dcd.o(i.DCD_DevDisconnect), (34 bytes).
    Removing usb_dcd.o(i.DCD_EP_ClrStall), (72 bytes).
    Removing usb_dcd.o(i.DCD_EP_Flush), (36 bytes).
    Removing usb_dcd.o(i.DCD_EP_SetAddress), (28 bytes).
    Removing usb_dcd.o(i.DCD_GetEPStatus), (64 bytes).
    Removing usb_dcd.o(i.DCD_Init), (156 bytes).
    Removing usb_dcd.o(i.DCD_SetEPStatus), (62 bytes).
    Removing usb_dcd_int.o(.rev16_text), (4 bytes).
    Removing usb_dcd_int.o(.revsh_text), (4 bytes).
    Removing usb_dcd_int.o(.rrx_text), (6 bytes).
    Removing usb_dcd_int.o(i.DCD_HandleEnumDone_ISR), (102 bytes).
    Removing usb_dcd_int.o(i.DCD_HandleInEP_ISR), (324 bytes).
    Removing usb_dcd_int.o(i.DCD_HandleOutEP_ISR), (256 bytes).
    Removing usb_dcd_int.o(i.DCD_HandleResume_ISR), (104 bytes).
    Removing usb_dcd_int.o(i.DCD_HandleRxStatusQueueLevel_ISR), (176 bytes).
    Removing usb_dcd_int.o(i.DCD_HandleSof_ISR), (44 bytes).
    Removing usb_dcd_int.o(i.DCD_HandleUSBSuspend_ISR), (168 bytes).
    Removing usb_dcd_int.o(i.DCD_HandleUsbReset_ISR), (272 bytes).
    Removing usb_dcd_int.o(i.DCD_IsoINIncomplete_ISR), (44 bytes).
    Removing usb_dcd_int.o(i.DCD_IsoOUTIncomplete_ISR), (44 bytes).
    Removing usb_dcd_int.o(i.DCD_OTG_ISR), (44 bytes).
    Removing usb_dcd_int.o(i.DCD_ReadDevInEP), (40 bytes).
    Removing usb_dcd_int.o(i.DCD_SessionRequest_ISR), (44 bytes).
    Removing usb_dcd_int.o(i.DCD_WriteEmptyTxFifo), (144 bytes).
    Removing usb_dcd_int.o(i.USBD_OTG_EP1IN_ISR_Handler), (236 bytes).
    Removing usb_dcd_int.o(i.USBD_OTG_EP1OUT_ISR_Handler), (128 bytes).
    Removing usb_dcd_int.o(i.USBD_OTG_ISR_Handler), (256 bytes).
    Removing dhcp.o(i.dhcp_bind), (252 bytes).
    Removing dhcp.o(i.dhcp_check), (56 bytes).
    Removing dhcp.o(i.dhcp_coarse_tmr), (68 bytes).
    Removing dhcp.o(i.dhcp_discover), (224 bytes).
    Removing dhcp.o(i.dhcp_fine_tmr), (68 bytes).
    Removing dhcp.o(i.dhcp_free_reply), (36 bytes).
    Removing dhcp.o(i.dhcp_get_option_byte), (6 bytes).
    Removing dhcp.o(i.dhcp_get_option_long), (32 bytes).
    Removing dhcp.o(i.dhcp_get_option_ptr), (162 bytes).
    Removing dhcp.o(i.dhcp_handle_ack), (262 bytes).
    Removing dhcp.o(i.dhcp_handle_nak), (56 bytes).
    Removing dhcp.o(i.dhcp_handle_offer), (60 bytes).
    Removing dhcp.o(i.dhcp_inform), (168 bytes).
    Removing dhcp.o(i.dhcp_network_changed), (82 bytes).
    Removing dhcp.o(i.dhcp_option_short), (34 bytes).
    Removing dhcp.o(i.dhcp_rebind), (152 bytes).
    Removing dhcp.o(i.dhcp_reboot), (184 bytes).
    Removing dhcp.o(i.dhcp_recv), (266 bytes).
    Removing dhcp.o(i.dhcp_release), (184 bytes).
    Removing dhcp.o(i.dhcp_renew), (148 bytes).
    Removing dhcp.o(i.dhcp_select), (260 bytes).
    Removing dhcp.o(i.dhcp_start), (196 bytes).
    Removing dhcp.o(i.dhcp_stop), (60 bytes).
    Removing dhcp.o(i.dhcp_t1_timeout), (32 bytes).
    Removing dhcp.o(i.dhcp_t2_timeout), (32 bytes).
    Removing dhcp.o(i.dhcp_timeout), (164 bytes).
    Removing dhcp.o(i.dhcp_unfold_reply), (134 bytes).
    Removing init.o(i.lwip_init), (16 bytes).
    Removing mem.o(i.mem_calloc), (34 bytes).
    Removing netif.o(i.netif_find), (68 bytes).
    Removing netif.o(i.netif_remove), (84 bytes).
    Removing pbuf.o(i.pbuf_coalesce), (60 bytes).
    Removing pbuf.o(i.pbuf_dechain), (56 bytes).
    Removing pbuf.o(i.pbuf_take), (116 bytes).
    Removing raw.o(i.raw_bind), (16 bytes).
    Removing raw.o(i.raw_connect), (16 bytes).
    Removing raw.o(i.raw_new), (48 bytes).
    Removing raw.o(i.raw_recv), (6 bytes).
    Removing raw.o(i.raw_remove), (64 bytes).
    Removing raw.o(i.raw_send), (18 bytes).
    Removing raw.o(i.raw_sendto), (154 bytes).
    Removing tcp.o(i.tcp_connect), (280 bytes).
    Removing tcp.o(i.tcp_debug_state_str), (16 bytes).
    Removing tcp.o(i.tcp_fasttmr), (120 bytes).
    Removing tcp.o(i.tcp_slowtmr), (736 bytes).
    Removing tcp.o(i.tcp_tmr), (36 bytes).
    Removing tcp.o(.constdata), (20 bytes).
    Removing tcp_out.o(i.tcp_keepalive), (82 bytes).
    Removing tcp_out.o(i.tcp_rexmit_rto), (58 bytes).
    Removing tcp_out.o(i.tcp_zero_window_probe), (168 bytes).
    Removing udp.o(i.udp_connect), (100 bytes).
    Removing udp.o(i.udp_disconnect), (32 bytes).
    Removing udp.o(i.udp_new), (28 bytes).
    Removing udp.o(i.udp_recv), (6 bytes).
    Removing udp.o(i.udp_remove), (64 bytes).
    Removing udp.o(i.udp_send), (20 bytes).
    Removing udp.o(i.udp_sendto), (46 bytes).
    Removing autoip.o(i.autoip_arp_probe), (52 bytes).
    Removing autoip.o(i.autoip_bind), (60 bytes).
    Removing autoip.o(i.autoip_init), (2 bytes).
    Removing autoip.o(i.autoip_network_changed), (28 bytes).
    Removing autoip.o(i.autoip_stop), (20 bytes).
    Removing autoip.o(i.autoip_tmr), (268 bytes).
    Removing inet.o(i.inet_addr), (24 bytes).
    Removing inet.o(i.inet_aton), (336 bytes).
    Removing inet.o(i.inet_ntoa), (116 bytes).
    Removing inet.o(.bss), (16 bytes).
    Removing inet_chksum.o(i.inet_chksum_pseudo), (162 bytes).
    Removing ip_frag.o(i.ip_reass_tmr), (52 bytes).
    Removing etharp.o(i.etharp_find_addr), (84 bytes).
    Removing etharp.o(i.etharp_tmr), (160 bytes).
    Removing ethernetif.o(.rev16_text), (4 bytes).
    Removing ethernetif.o(.revsh_text), (4 bytes).
    Removing ethernetif.o(.rrx_text), (6 bytes).
    Removing ethernetif.o(i.ethernetif_input), (44 bytes).
    Removing ethernetif.o(i.low_level_input), (172 bytes).
    Removing dflti.o(.text), (34 bytes).
    Removing cdcmple.o(.text), (48 bytes).

1040 unused section(s) (total 57519 bytes) removed from the image.

==============================================================================

Memory Map of the image

  Image Entry point : 0x00000000

  Load Region LR_IROM1 (Base: 0x08000000, Size: 0x0000cd84, Max: 0x00100000, ABSOLUTE)

    Execution Region ER_IROM1 (Base: 0x08000000, Size: 0x0000ca8c, Max: 0x00100000, ABSOLUTE)

    Base Addr    Size         Type   Attr      Idx    E Section Name        Object

    0x08000000   0x00000188   Data   RO         6456    RESET               startup_stm32f40xx.o
    0x08000188   0x00000000   Code   RO         8739  * .ARM.Collect$$$$00000000  mc_w.l(entry.o)
    0x08000188   0x00000004   Code   RO         9055    .ARM.Collect$$$$00000001  mc_w.l(entry2.o)
    0x0800018c   0x00000004   Code   RO         9058    .ARM.Collect$$$$00000004  mc_w.l(entry5.o)
    0x08000190   0x00000000   Code   RO         9060    .ARM.Collect$$$$00000008  mc_w.l(entry7b.o)
    0x08000190   0x00000000   Code   RO         9062    .ARM.Collect$$$$0000000A  mc_w.l(entry8b.o)
    0x08000190   0x00000008   Code   RO         9063    .ARM.Collect$$$$0000000B  mc_w.l(entry9a.o)
    0x08000198   0x00000000   Code   RO         9065    .ARM.Collect$$$$0000000D  mc_w.l(entry10a.o)
    0x08000198   0x00000000   Code   RO         9067    .ARM.Collect$$$$0000000F  mc_w.l(entry11a.o)
    0x08000198   0x00000004   Code   RO         9056    .ARM.Collect$$$$00002712  mc_w.l(entry2.o)
    0x0800019c   0x00000024   Code   RO         6457    .text               startup_stm32f40xx.o
    0x080001c0   0x00000024   Code   RO         8742    .text               mc_w.l(memcpya.o)
    0x080001e4   0x00000024   Code   RO         8744    .text               mc_w.l(memseta.o)
    0x08000208   0x00000018   Code   RO         8746    .text               mc_w.l(strcat.o)
    0x08000220   0x0000000e   Code   RO         8748    .text               mc_w.l(strlen.o)
    0x0800022e   0x0000001c   Code   RO         8750    .text               mc_w.l(strcmp.o)
    0x0800024a   0x0000001a   Code   RO         8752    .text               mc_w.l(memcmp.o)
    0x08000264   0x000000de   Code   RO         9045    .text               mf_w.l(ddiv.o)
    0x08000342   0x0000001a   Code   RO         9049    .text               mf_w.l(dfltui.o)
    0x0800035c   0x00000030   Code   RO         9053    .text               mf_w.l(cdrcmple.o)
    0x0800038c   0x0000002c   Code   RO         9070    .text               mc_w.l(uidiv.o)
    0x080003b8   0x00000062   Code   RO         9072    .text               mc_w.l(uldiv.o)
    0x0800041a   0x00000000   Code   RO         9076    .text               mc_w.l(iusefp.o)
    0x0800041a   0x000000ba   Code   RO         9077    .text               mf_w.l(depilogue.o)
    0x080004d4   0x0000014e   Code   RO         9079    .text               mf_w.l(dadd.o)
    0x08000622   0x000000e4   Code   RO         9081    .text               mf_w.l(dmul.o)
    0x08000706   0x00000030   Code   RO         9083    .text               mf_w.l(dfixul.o)
    0x08000736   0x00000002   PAD
    0x08000738   0x00000024   Code   RO         9085    .text               mc_w.l(init.o)
    0x0800075c   0x0000001e   Code   RO         9087    .text               mc_w.l(llshl.o)
    0x0800077a   0x00000020   Code   RO         9089    .text               mc_w.l(llushr.o)
    0x0800079a   0x00000024   Code   RO         9091    .text               mc_w.l(llsshr.o)
    0x080007be   0x00000002   PAD
    0x080007c0   0x000000b4   Code   RO            4    i.BTinit            main.o
    0x08000874   0x00000004   Code   RO          975    i.BusFault_Handler  stm32f4xx_it.o
    0x08000878   0x00000050   Code   RO            5    i.Clockinit         main.o
    0x080008c8   0x0000004a   Code   RO         7049    i.DCD_EP_Close      usb_dcd.o
    0x08000912   0x00000068   Code   RO         7052    i.DCD_EP_Open       usb_dcd.o
    0x0800097a   0x00000052   Code   RO         7053    i.DCD_EP_PrepareRx  usb_dcd.o
    0x080009cc   0x00000048   Code   RO         7055    i.DCD_EP_Stall      usb_dcd.o
    0x08000a14   0x0000004e   Code   RO         7056    i.DCD_EP_Tx         usb_dcd.o
    0x08000a62   0x00000002   Code   RO          976    i.DebugMon_Handler  stm32f4xx_it.o
    0x08000a64   0x00000018   Code   RO            7    i.Delay             main.o
    0x08000a7c   0x000000ac   Code   RO            8    i.DistanceSenser    main.o
    0x08000b28   0x00000048   Code   RO            9    i.DistanceSensorinit  main.o
    0x08000b70   0x00000078   Code   RO         1403    i.ETH_BSP_Config    stm32f4x7_eth_bsp.o
    0x08000be8   0x00000024   Code   RO         5830    i.ETH_DMAReceptionCmd  stm32f4x7_eth.o
    0x08000c0c   0x00000064   Code   RO         5831    i.ETH_DMARxDescChainInit  stm32f4x7_eth.o
    0x08000c70   0x00000024   Code   RO         5833    i.ETH_DMATransmissionCmd  stm32f4x7_eth.o
    0x08000c94   0x00000050   Code   RO         5836    i.ETH_DMATxDescChainInit  stm32f4x7_eth.o
    0x08000ce4   0x00000008   Code   RO         5837    i.ETH_DMATxDescChecksumInsertionConfig  stm32f4x7_eth.o
    0x08000cec   0x00000016   Code   RO         5842    i.ETH_DeInit        stm32f4x7_eth.o
    0x08000d02   0x0000001c   Code   RO         5843    i.ETH_Delay         stm32f4x7_eth.o
    0x08000d1e   0x00000002   PAD
    0x08000d20   0x00000014   Code   RO         5845    i.ETH_FlushTransmitFIFO  stm32f4x7_eth.o
    0x08000d34   0x0000015c   Code   RO         1404    i.ETH_GPIO_Config   stm32f4x7_eth_bsp.o
    0x08000e90   0x00000018   Code   RO         5871    i.ETH_GetSoftwareResetStatus  stm32f4x7_eth.o
    0x08000ea8   0x00000298   Code   RO         5876    i.ETH_Init          stm32f4x7_eth.o
    0x08001140   0x00000034   Code   RO         5878    i.ETH_MACAddressConfig  stm32f4x7_eth.o
    0x08001174   0x00000080   Code   RO         1405    i.ETH_MACDMA_Config  stm32f4x7_eth_bsp.o
    0x080011f4   0x00000024   Code   RO         5883    i.ETH_MACReceptionCmd  stm32f4x7_eth.o
    0x08001218   0x00000024   Code   RO         5884    i.ETH_MACTransmissionCmd  stm32f4x7_eth.o
    0x0800123c   0x000000e8   Code   RO         5895    i.ETH_Prepare_Transmit_Descriptors  stm32f4x7_eth.o
    0x08001324   0x0000006c   Code   RO         5896    i.ETH_ReadPHYRegister  stm32f4x7_eth.o
    0x08001390   0x00000014   Code   RO         5904    i.ETH_SoftwareReset  stm32f4x7_eth.o
    0x080013a4   0x00000020   Code   RO         5905    i.ETH_Start         stm32f4x7_eth.o
    0x080013c4   0x000000b2   Code   RO         5906    i.ETH_StructInit    stm32f4x7_eth.o
    0x08001476   0x00000002   PAD
    0x08001478   0x00000068   Code   RO         5908    i.ETH_WritePHYRegister  stm32f4x7_eth.o
    0x080014e0   0x00000046   Code   RO         1408    i.Eth_Link_PHYITConfig  stm32f4x7_eth_bsp.o
    0x08001526   0x00000090   Code   RO         3136    i.GPIO_Init         stm32f4xx_gpio.o
    0x080015b6   0x00000046   Code   RO         3137    i.GPIO_PinAFConfig  stm32f4xx_gpio.o
    0x080015fc   0x00000012   Code   RO         3140    i.GPIO_ReadInputDataBit  stm32f4xx_gpio.o
    0x0800160e   0x00000004   Code   RO         3143    i.GPIO_ResetBits    stm32f4xx_gpio.o
    0x08001612   0x00000004   Code   RO         3144    i.GPIO_SetBits      stm32f4xx_gpio.o
    0x08001616   0x00000002   PAD
    0x08001618   0x000000d4   Code   RO         6735    i.Handle_USBAsynchXfer  usbd_cdc_core.o
    0x080016ec   0x00000004   Code   RO          977    i.HardFault_Handler  stm32f4xx_it.o
    0x080016f0   0x00000028   Code   RO          605    i.LCD_Clear         stm324xg_eval_lcd.o
    0x08001718   0x00000034   Code   RO          606    i.LCD_ClearLine     stm324xg_eval_lcd.o
    0x0800174c   0x00000030   Code   RO          611    i.LCD_DisplayChar   stm324xg_eval_lcd.o
    0x0800177c   0x0000004c   Code   RO          614    i.LCD_DisplayStringLine  stm324xg_eval_lcd.o
    0x080017c8   0x000000ac   Code   RO          615    i.LCD_DrawChar      stm324xg_eval_lcd.o
    0x08001874   0x0000000c   Code   RO          626    i.LCD_GetFont       stm324xg_eval_lcd.o
    0x08001880   0x00000010   Code   RO          634    i.LCD_SetBackColor  stm324xg_eval_lcd.o
    0x08001890   0x00000018   Code   RO          636    i.LCD_SetCursor     stm324xg_eval_lcd.o
    0x080018a8   0x0000000c   Code   RO          638    i.LCD_SetFont       stm324xg_eval_lcd.o
    0x080018b4   0x00000010   Code   RO          639    i.LCD_SetTextColor  stm324xg_eval_lcd.o
    0x080018c4   0x00000008   Code   RO          642    i.LCD_WriteRAM      stm324xg_eval_lcd.o
    0x080018cc   0x0000000a   Code   RO          643    i.LCD_WriteRAM_Prepare  stm324xg_eval_lcd.o
    0x080018d6   0x0000000a   Code   RO          644    i.LCD_WriteReg      stm324xg_eval_lcd.o
    0x080018e0   0x0000001c   Code   RO           13    i.LEDinit           main.o
    0x080018fc   0x000000e4   Code   RO         1341    i.LwIP_Init         netconf.o
    0x080019e0   0x00000004   Code   RO          978    i.MemManage_Handler  stm32f4xx_it.o
    0x080019e4   0x00000002   Code   RO          979    i.NMI_Handler       stm32f4xx_it.o
    0x080019e6   0x00000002   PAD
    0x080019e8   0x00000078   Code   RO         1516    i.NVIC_Init         misc.o
    0x08001a60   0x0000000c   Code   RO         3705    i.PWR_BackupAccessCmd  stm32f4xx_pwr.o
    0x08001a6c   0x00000002   Code   RO          980    i.PendSV_Handler    stm32f4xx_it.o
    0x08001a6e   0x00000002   PAD
    0x08001a70   0x00000020   Code   RO         3819    i.RCC_AHB1PeriphClockCmd  stm32f4xx_rcc.o
    0x08001a90   0x00000020   Code   RO         3821    i.RCC_AHB1PeriphResetCmd  stm32f4xx_rcc.o
    0x08001ab0   0x00000020   Code   RO         3822    i.RCC_AHB2PeriphClockCmd  stm32f4xx_rcc.o
    0x08001ad0   0x00000020   Code   RO         3828    i.RCC_APB1PeriphClockCmd  stm32f4xx_rcc.o
    0x08001af0   0x00000020   Code   RO         3830    i.RCC_APB1PeriphResetCmd  stm32f4xx_rcc.o
    0x08001b10   0x00000020   Code   RO         3831    i.RCC_APB2PeriphClockCmd  stm32f4xx_rcc.o
    0x08001b30   0x00000020   Code   RO         3833    i.RCC_APB2PeriphResetCmd  stm32f4xx_rcc.o
    0x08001b50   0x000000e8   Code   RO         3840    i.RCC_GetClocksFreq  stm32f4xx_rcc.o
    0x08001c38   0x00000040   Code   RO         3841    i.RCC_GetFlagStatus  stm32f4xx_rcc.o
    0x08001c78   0x0000002c   Code   RO         3849    i.RCC_LSEConfig     stm32f4xx_rcc.o
    0x08001ca4   0x0000000c   Code   RO         3850    i.RCC_LSICmd        stm32f4xx_rcc.o
    0x08001cb0   0x0000001c   Code   RO         3852    i.RCC_MCO1Config    stm32f4xx_rcc.o
    0x08001ccc   0x0000000c   Code   RO         3862    i.RCC_RTCCLKCmd     stm32f4xx_rcc.o
    0x08001cd8   0x0000003c   Code   RO         3863    i.RCC_RTCCLKConfig  stm32f4xx_rcc.o
    0x08001d14   0x00000024   Code   RO         4153    i.RNG_Cmd           stm32f4xx_rng.o
    0x08001d38   0x0000003c   Code   RO          462    i.RTC_Alarm_IRQHandler  tm_stm32f4_rtc.o
    0x08001d74   0x00000016   Code   RO         4220    i.RTC_Bcd2ToByte    stm32f4xx_rtc.o
    0x08001d8a   0x0000001c   Code   RO         4222    i.RTC_ByteToBcd2    stm32f4xx_rtc.o
    0x08001da6   0x00000002   PAD
    0x08001da8   0x00000020   Code   RO         4226    i.RTC_ClearITPendingBit  stm32f4xx_rtc.o
    0x08001dc8   0x00000050   Code   RO         4232    i.RTC_EnterInitMode  stm32f4xx_rtc.o
    0x08001e18   0x00000014   Code   RO         4233    i.RTC_ExitInitMode  stm32f4xx_rtc.o
    0x08001e2c   0x0000004c   Code   RO         4236    i.RTC_GetDate       stm32f4xx_rtc.o
    0x08001e78   0x00000040   Code   RO         4238    i.RTC_GetITStatus   stm32f4xx_rtc.o
    0x08001eb8   0x00000050   Code   RO         4241    i.RTC_GetTime       stm32f4xx_rtc.o
    0x08001f08   0x00000064   Code   RO         4246    i.RTC_Init          stm32f4xx_rtc.o
    0x08001f6c   0x00000020   Code   RO         4249    i.RTC_ReadBackupRegister  stm32f4xx_rtc.o
    0x08001f8c   0x000000c8   Code   RO         4252    i.RTC_SetDate       stm32f4xx_rtc.o
    0x08002054   0x000000d0   Code   RO         4253    i.RTC_SetTime       stm32f4xx_rtc.o
    0x08002124   0x00000028   Code   RO          463    i.RTC_WKUP_IRQHandler  tm_stm32f4_rtc.o
    0x0800214c   0x00000060   Code   RO         4269    i.RTC_WaitForSynchro  stm32f4xx_rtc.o
    0x080021ac   0x0000001c   Code   RO         4272    i.RTC_WriteBackupRegister  stm32f4xx_rtc.o
    0x080021c8   0x0000001c   Code   RO         4273    i.RTC_WriteProtectionCmd  stm32f4xx_rtc.o
    0x080021e4   0x00000002   Code   RO          981    i.SVC_Handler       stm32f4xx_it.o
    0x080021e6   0x00000002   PAD
    0x080021e8   0x0000000c   Code   RO         4943    i.SYSCFG_ETH_MediaInterfaceConfig  stm32f4xx_syscfg.o
    0x080021f4   0x000000ec   Code   RO         6350    i.SetSysClock       system_stm32f4xx_1.o
    0x080022e0   0x0000000c   Code   RO          982    i.SysTick_Handler   stm32f4xx_it.o
    0x080022ec   0x00000068   Code   RO         6352    i.SystemInit        system_stm32f4xx_1.o
    0x08002354   0x00000024   Code   RO           14    i.TIM2_IRQHandler   main.o
    0x08002378   0x00000006   Code   RO         5012    i.TIM_ClearITPendingBit  stm32f4xx_tim.o
    0x0800237e   0x00000018   Code   RO         5017    i.TIM_Cmd           stm32f4xx_tim.o
    0x08002396   0x00000002   PAD
    0x08002398   0x00000190   Code   RO         5022    i.TIM_DeInit        stm32f4xx_tim.o
    0x08002528   0x00000006   Code   RO         5036    i.TIM_GetCounter    stm32f4xx_tim.o
    0x0800252e   0x00000022   Code   RO         5038    i.TIM_GetITStatus   stm32f4xx_tim.o
    0x08002550   0x00000012   Code   RO         5042    i.TIM_ITConfig      stm32f4xx_tim.o
    0x08002562   0x00000004   Code   RO         5083    i.TIM_SetCounter    stm32f4xx_tim.o
    0x08002566   0x00000002   PAD
    0x08002568   0x00000084   Code   RO         5089    i.TIM_TimeBaseInit  stm32f4xx_tim.o
    0x080025ec   0x00000002   Code   RO          464    i.TM_RTC_AlarmAHandler  tm_stm32f4_rtc.o
    0x080025ee   0x00000002   Code   RO          465    i.TM_RTC_AlarmBHandler  tm_stm32f4_rtc.o
    0x080025f0   0x00000062   Code   RO          466    i.TM_RTC_Config     tm_stm32f4_rtc.o
    0x08002652   0x00000002   PAD
    0x08002654   0x00000078   Code   RO          468    i.TM_RTC_GetDateTime  tm_stm32f4_rtc.o
    0x080026cc   0x000000e0   Code   RO          472    i.TM_RTC_GetUnixTimeStamp  tm_stm32f4_rtc.o
    0x080027ac   0x000000ec   Code   RO          473    i.TM_RTC_Init       tm_stm32f4_rtc.o
    0x08002898   0x00000002   Code   RO          476    i.TM_RTC_RequestHandler  tm_stm32f4_rtc.o
    0x0800289a   0x00000002   PAD
    0x0800289c   0x00000214   Code   RO          478    i.TM_RTC_SetDateTime  tm_stm32f4_rtc.o
    0x08002ab0   0x00000170   Code   RO          479    i.TM_RTC_SetDateTimeString  tm_stm32f4_rtc.o
    0x08002c20   0x00000010   Code   RO           15    i.Time_Update       main.o
    0x08002c30   0x00000018   Code   RO           16    i.TimingDelay_Decrement  main.o
    0x08002c48   0x0000004e   Code   RO           17    i.Timinit           main.o
    0x08002c96   0x00000002   PAD
    0x08002c98   0x0000001c   Code   RO          983    i.USART1_IRQHandler  stm32f4xx_it.o
    0x08002cb4   0x00000008   Code   RO           18    i.USART2_IRQHandler  main.o
    0x08002cbc   0x0000002c   Code   RO           19    i.USART2_SendData   main.o
    0x08002ce8   0x0000002c   Code   RO         1139    i.USART3_IRQHandler  usbd_cdc_vcp.o
    0x08002d14   0x00000012   Code   RO         5567    i.USART_ClearFlag   stm32f4xx_usart.o
    0x08002d26   0x00000018   Code   RO         5571    i.USART_Cmd         stm32f4xx_usart.o
    0x08002d3e   0x0000001a   Code   RO         5574    i.USART_GetFlagStatus  stm32f4xx_usart.o
    0x08002d58   0x00000054   Code   RO         5575    i.USART_GetITStatus  stm32f4xx_usart.o
    0x08002dac   0x0000004a   Code   RO         5577    i.USART_ITConfig    stm32f4xx_usart.o
    0x08002df6   0x00000002   PAD
    0x08002df8   0x000000d4   Code   RO         5578    i.USART_Init        stm32f4xx_usart.o
    0x08002ecc   0x0000000a   Code   RO         5585    i.USART_ReceiveData  stm32f4xx_usart.o
    0x08002ed6   0x00000008   Code   RO         5588    i.USART_SendData    stm32f4xx_usart.o
    0x08002ede   0x0000001e   Code   RO         6633    i.USBD_CtlError     usbd_req.o
    0x08002efc   0x0000002e   Code   RO         6574    i.USBD_CtlPrepareRx  usbd_ioreq.o
    0x08002f2a   0x0000002e   Code   RO         6576    i.USBD_CtlSendData  usbd_ioreq.o
    0x08002f58   0x00000014   Code   RO         6636    i.USBD_GetLen       usbd_req.o
    0x08002f6c   0x00000052   Code   RO         6638    i.USBD_GetString    usbd_req.o
    0x08002fbe   0x00000002   PAD
    0x08002fc0   0x00000034   Code   RO         1204    i.USBD_USR_ConfigStrDescriptor  usbd_desc.o
    0x08002ff4   0x00000010   Code   RO         1205    i.USBD_USR_DeviceDescriptor  usbd_desc.o
    0x08003004   0x00000038   Code   RO         1206    i.USBD_USR_InterfaceStrDescriptor  usbd_desc.o
    0x0800303c   0x00000010   Code   RO         1207    i.USBD_USR_LangIDStrDescriptor  usbd_desc.o
    0x0800304c   0x0000002c   Code   RO         1208    i.USBD_USR_ManufacturerStrDescriptor  usbd_desc.o
    0x08003078   0x00000070   Code   RO         1209    i.USBD_USR_ProductStrDescriptor  usbd_desc.o
    0x080030e8   0x00000048   Code   RO         1210    i.USBD_USR_SerialStrDescriptor  usbd_desc.o
    0x08003130   0x00000010   Code   RO         6736    i.USBD_cdc_GetCfgDesc  usbd_cdc_core.o
    0x08003140   0x00000010   Code   RO         6737    i.USBD_cdc_GetOtherCfgDesc  usbd_cdc_core.o
    0x08003150   0x00000156   Code   RO         6821    i.USB_OTG_EP0StartXfer  usb_core.o
    0x080032a6   0x00000062   Code   RO         6822    i.USB_OTG_EP0_OutStart  usb_core.o
    0x08003308   0x000000b0   Code   RO         6823    i.USB_OTG_EPActivate  usb_core.o
    0x080033b8   0x00000076   Code   RO         6825    i.USB_OTG_EPDeactivate  usb_core.o
    0x0800342e   0x00000064   Code   RO         6826    i.USB_OTG_EPSetStall  usb_core.o
    0x08003492   0x000001f6   Code   RO         6827    i.USB_OTG_EPStartXfer  usb_core.o
    0x08003688   0x00000040   Code   RO         6850    i.USB_OTG_WritePacket  usb_core.o
    0x080036c8   0x00000004   Code   RO          984    i.UsageFault_Handler  stm32f4xx_it.o
    0x080036cc   0x00000108   Code   RO         1140    i.VCP_COMConfig     usbd_cdc_vcp.o
    0x080037d4   0x000000a8   Code   RO         1141    i.VCP_Ctrl          usbd_cdc_vcp.o
    0x0800387c   0x00000030   Code   RO         1142    i.VCP_DataRx        usbd_cdc_vcp.o
    0x080038ac   0x00000064   Code   RO         1143    i.VCP_DataTx        usbd_cdc_vcp.o
    0x08003910   0x00000004   Code   RO         1144    i.VCP_DeInit        usbd_cdc_vcp.o
    0x08003914   0x00000058   Code   RO         1145    i.VCP_Init          usbd_cdc_vcp.o
    0x0800396c   0x00000028   Code   RO           20    i.WCS_Exist         main.o
    0x08003994   0x0000003c   Code   RO           21    i.WCS_Finished      main.o
    0x080039d0   0x000000fc   Code   RO           22    i.WCS_Lineup_func   main.o
    0x08003acc   0x000000f8   Code   RO           23    i.WCS_Update_func   main.o
    0x08003bc4   0x00000100   Code   RO           24    i.WCS_auth          main.o
    0x08003cc4   0x00000028   Code   RO         8991    i.__0sprintf        mc_w.l(printfa.o)
    0x08003cec   0x0000001a   Code   RO           25    i.__NVIC_EnableIRQ  main.o
    0x08003d06   0x00000002   PAD
    0x08003d08   0x00000164   Code   RO         8996    i._fp_digits        mc_w.l(printfa.o)
    0x08003e6c   0x000006dc   Code   RO         8997    i._printf_core      mc_w.l(printfa.o)
    0x08004548   0x00000024   Code   RO         8998    i._printf_post_padding  mc_w.l(printfa.o)
    0x0800456c   0x0000002e   Code   RO         8999    i._printf_pre_padding  mc_w.l(printfa.o)
    0x0800459a   0x0000000a   Code   RO         9001    i._sputc            mc_w.l(printfa.o)
    0x080045a4   0x0000002c   Code   RO         8285    i.autoip_arp_announce  autoip.o
    0x080045d0   0x000000b0   Code   RO         8287    i.autoip_arp_reply  autoip.o
    0x08004680   0x00000064   Code   RO         8289    i.autoip_create_addr  autoip.o
    0x080046e4   0x0000002e   Code   RO         8290    i.autoip_handle_arp_conflict  autoip.o
    0x08004712   0x00000060   Code   RO         8293    i.autoip_start      autoip.o
    0x08004772   0x00000050   Code   RO         8294    i.autoip_start_probing  autoip.o
    0x080047c2   0x0000002e   Code   RO         7301    i.dhcp_arp_reply    dhcp.o
    0x080047f0   0x0000012c   Code   RO         7305    i.dhcp_create_request  dhcp.o
    0x0800491c   0x00000090   Code   RO         7306    i.dhcp_decline      dhcp.o
    0x080049ac   0x00000032   Code   RO         7307    i.dhcp_delete_request  dhcp.o
    0x080049de   0x00000020   Code   RO         7319    i.dhcp_option       dhcp.o
    0x080049fe   0x00000012   Code   RO         7320    i.dhcp_option_byte  dhcp.o
    0x08004a10   0x00000042   Code   RO         7321    i.dhcp_option_long  dhcp.o
    0x08004a52   0x00000046   Code   RO         7323    i.dhcp_option_trailer  dhcp.o
    0x08004a98   0x0000000e   Code   RO         7330    i.dhcp_set_state    dhcp.o
    0x08004aa6   0x00000002   PAD
    0x08004aa8   0x00000158   Code   RO         8590    i.etharp_arp_input  etharp.o
    0x08004c00   0x0000003c   Code   RO         8592    i.etharp_ip_input   etharp.o
    0x08004c3c   0x000000c4   Code   RO         8593    i.etharp_output     etharp.o
    0x08004d00   0x00000188   Code   RO         8594    i.etharp_query      etharp.o
    0x08004e88   0x000000d8   Code   RO         8595    i.etharp_raw        etharp.o
    0x08004f60   0x0000002c   Code   RO         8596    i.etharp_request    etharp.o
    0x08004f8c   0x00000042   Code   RO         8597    i.etharp_send_ip    etharp.o
    0x08004fce   0x0000006c   Code   RO         8599    i.ethernet_input    etharp.o
    0x0800503a   0x00000002   PAD
    0x0800503c   0x00000030   Code   RO         8696    i.ethernetif_init   ethernetif.o
    0x0800506c   0x000001ec   Code   RO         8600    i.find_entry        etharp.o
    0x08005258   0x00000050   Code   RO         9017    i.free              mc_w.l(malloc.o)
    0x080052a8   0x0000002a   Code   RO         8601    i.free_etharp_q     etharp.o
    0x080052d2   0x00000002   PAD
    0x080052d4   0x00000040   Code   RO           26    i.getUartData       main.o
    0x08005314   0x0000001a   Code   RO         8392    i.htonl             inet.o
    0x0800532e   0x0000000c   Code   RO         8393    i.htons             inet.o
    0x0800533a   0x00000012   Code   RO         8357    i.icmp_dest_unreach  icmp.o
    0x0800534c   0x00000170   Code   RO         8358    i.icmp_input        icmp.o
    0x080054bc   0x0000006c   Code   RO         8359    i.icmp_send_response  icmp.o
    0x08005528   0x00000012   Code   RO         8360    i.icmp_time_exceeded  icmp.o
    0x0800553a   0x00000020   Code   RO           27    i.if_time_more_than  main.o
    0x0800555a   0x00000014   Code   RO         8441    i.inet_chksum       inet_chksum.o
    0x0800556e   0x00000056   Code   RO         8442    i.inet_chksum_pbuf  inet_chksum.o
    0x080055c4   0x0000004e   Code   RO         8516    i.ip_addr_isbroadcast  ip_addr.o
    0x08005612   0x00000002   PAD
    0x08005614   0x0000014c   Code   RO         8538    i.ip_frag           ip_frag.o
    0x08005760   0x000001cc   Code   RO         8477    i.ip_input          ip.o
    0x0800592c   0x00000034   Code   RO         8478    i.ip_output         ip.o
    0x08005960   0x000000fc   Code   RO         8479    i.ip_output_if      ip.o
    0x08005a5c   0x00000198   Code   RO         8539    i.ip_reass          ip_frag.o
    0x08005bf4   0x00000168   Code   RO         8540    i.ip_reass_chain_frag_into_datagram_and_validate  ip_frag.o
    0x08005d5c   0x0000002c   Code   RO         8541    i.ip_reass_dequeue_datagram  ip_frag.o
    0x08005d88   0x00000054   Code   RO         8542    i.ip_reass_enqueue_new_datagram  ip_frag.o
    0x08005ddc   0x00000088   Code   RO         8543    i.ip_reass_free_complete_datagram  ip_frag.o
    0x08005e64   0x0000007c   Code   RO         8544    i.ip_reass_remove_oldest_datagram  ip_frag.o
    0x08005ee0   0x00000050   Code   RO         8480    i.ip_route          ip.o
    0x08005f30   0x00000098   Code   RO           28    i.isCommand         main.o
    0x08005fc8   0x00000080   Code   RO         8698    i.low_level_init    ethernetif.o
    0x08006048   0x00000038   Code   RO         8700    i.low_level_output  ethernetif.o
    0x08006080   0x0000004a   Code   RO         8444    i.lwip_standard_chksum  inet_chksum.o
    0x080060ca   0x00000002   PAD
    0x080060cc   0x0000020c   Code   RO           29    i.main              main.o
    0x080062d8   0x0000006c   Code   RO         9018    i.malloc            mc_w.l(malloc.o)
    0x08006344   0x00000050   Code   RO         7556    i.mem_free          mem.o
    0x08006394   0x00000064   Code   RO         7557    i.mem_init          mem.o
    0x080063f8   0x000000f0   Code   RO         7558    i.mem_malloc        mem.o
    0x080064e8   0x0000012c   Code   RO         7559    i.mem_realloc       mem.o
    0x08006614   0x00000020   Code   RO         7599    i.memp_free         memp.o
    0x08006634   0x00000064   Code   RO         7600    i.memp_init         memp.o
    0x08006698   0x0000002c   Code   RO         7601    i.memp_malloc       memp.o
    0x080066c4   0x0000004e   Code   RO           30    i.monthGetDate      main.o
    0x08006712   0x00000002   PAD
    0x08006714   0x0000006c   Code   RO         7638    i.netif_add         netif.o
    0x08006780   0x0000000c   Code   RO         7640    i.netif_is_up       netif.o
    0x0800678c   0x00000028   Code   RO         7642    i.netif_set_addr    netif.o
    0x080067b4   0x0000000c   Code   RO         7643    i.netif_set_default  netif.o
    0x080067c0   0x00000018   Code   RO         7644    i.netif_set_down    netif.o
    0x080067d8   0x0000000c   Code   RO         7645    i.netif_set_gw      netif.o
    0x080067e4   0x00000078   Code   RO         7646    i.netif_set_ipaddr  netif.o
    0x0800685c   0x0000000c   Code   RO         7647    i.netif_set_netmask  netif.o
    0x08006868   0x0000002c   Code   RO         7648    i.netif_set_up      netif.o
    0x08006894   0x0000000c   Code   RO         8397    i.ntohl             inet.o
    0x080068a0   0x0000000c   Code   RO         8398    i.ntohs             inet.o
    0x080068ac   0x0000019e   Code   RO         7720    i.pbuf_alloc        pbuf.o
    0x08006a4a   0x00000038   Code   RO         7721    i.pbuf_cat          pbuf.o
    0x08006a82   0x00000016   Code   RO         7722    i.pbuf_chain        pbuf.o
    0x08006a98   0x00000012   Code   RO         7723    i.pbuf_clen         pbuf.o
    0x08006aaa   0x000000b6   Code   RO         7725    i.pbuf_copy         pbuf.o
    0x08006b60   0x00000092   Code   RO         7726    i.pbuf_copy_partial  pbuf.o
    0x08006bf2   0x0000006e   Code   RO         7728    i.pbuf_free         pbuf.o
    0x08006c60   0x0000007e   Code   RO         7729    i.pbuf_header       pbuf.o
    0x08006cde   0x00000078   Code   RO         7730    i.pbuf_realloc      pbuf.o
    0x08006d56   0x0000000a   Code   RO         7731    i.pbuf_ref          pbuf.o
    0x08006d60   0x00000088   Code   RO         7560    i.plug_holes        mem.o
    0x08006de8   0x000000bc   Code   RO           31    i.printUartData     main.o
    0x08006ea4   0x00000068   Code   RO         7809    i.raw_input         raw.o
    0x08006f0c   0x000001b8   Code   RO           32    i.runCommand        main.o
    0x080070c4   0x0000002c   Code   RO           33    i.setTime           main.o
    0x080070f0   0x0000009c   Code   RO         7875    i.tcp_abandon       tcp.o
    0x0800718c   0x00000004   Code   RO         7876    i.tcp_accept        tcp.o
    0x08007190   0x00000008   Code   RO         7877    i.tcp_accept_null   tcp.o
    0x08007198   0x000000b8   Code   RO         7878    i.tcp_alloc         tcp.o
    0x08007250   0x00000004   Code   RO         7879    i.tcp_arg           tcp.o
    0x08007254   0x000000f4   Code   RO         7880    i.tcp_bind          tcp.o
    0x08007348   0x000000fc   Code   RO         7881    i.tcp_close         tcp.o
    0x08007444   0x0000006c   Code   RO          888    i.tcp_echoserver_accept  tcp_echoserver.o
    0x080074b0   0x00000040   Code   RO          889    i.tcp_echoserver_connection_close  tcp_echoserver.o
    0x080074f0   0x00000012   Code   RO          890    i.tcp_echoserver_error  tcp_echoserver.o
    0x08007502   0x00000002   PAD
    0x08007504   0x00000054   Code   RO          891    i.tcp_echoserver_init  tcp_echoserver.o
    0x08007558   0x0000003e   Code   RO          892    i.tcp_echoserver_poll  tcp_echoserver.o
    0x08007596   0x00000002   PAD
    0x08007598   0x00000224   Code   RO          893    i.tcp_echoserver_recv  tcp_echoserver.o
    0x080077bc   0x0000005c   Code   RO          894    i.tcp_echoserver_send  tcp_echoserver.o
    0x08007818   0x0000002e   Code   RO          895    i.tcp_echoserver_sent  tcp_echoserver.o
    0x08007846   0x0000002e   Code   RO         7884    i.tcp_eff_send_mss  tcp.o
    0x08007874   0x000003f6   Code   RO         8120    i.tcp_enqueue       tcp_out.o
    0x08007c6a   0x00000006   Code   RO         7885    i.tcp_err           tcp.o
    0x08007c70   0x0000046c   Code   RO         8072    i.tcp_input         tcp_in.o
    0x080080dc   0x00000058   Code   RO         7887    i.tcp_kill_prio     tcp.o
    0x08008134   0x0000003c   Code   RO         7888    i.tcp_kill_timewait  tcp.o
    0x08008170   0x00000134   Code   RO         8073    i.tcp_listen_input  tcp_in.o
    0x080082a4   0x000000d0   Code   RO         7889    i.tcp_listen_with_backlog  tcp.o
    0x08008374   0x0000000a   Code   RO         7890    i.tcp_new           tcp.o
    0x0800837e   0x00000002   PAD
    0x08008380   0x00000078   Code   RO         7891    i.tcp_new_port      tcp.o
    0x080083f8   0x0000001c   Code   RO         7892    i.tcp_next_iss      tcp.o
    0x08008414   0x000001e0   Code   RO         8122    i.tcp_output        tcp_out.o
    0x080085f4   0x000000cc   Code   RO         8123    i.tcp_output_segment  tcp_out.o
    0x080086c0   0x0000008a   Code   RO         8124    i.tcp_output_set_header  tcp_out.o
    0x0800874a   0x00000002   PAD
    0x0800874c   0x000000b8   Code   RO         8074    i.tcp_parseopt      tcp_in.o
    0x08008804   0x00000036   Code   RO         7893    i.tcp_pcb_purge     tcp.o
    0x0800883a   0x00000002   PAD
    0x0800883c   0x00000098   Code   RO         7894    i.tcp_pcb_remove    tcp.o
    0x080088d4   0x0000000a   Code   RO         7895    i.tcp_poll          tcp.o
    0x080088de   0x00000002   PAD
    0x080088e0   0x00000584   Code   RO         8075    i.tcp_process       tcp_in.o
    0x08008e64   0x00000630   Code   RO         8076    i.tcp_receive       tcp_in.o
    0x08009494   0x00000006   Code   RO         7896    i.tcp_recv          tcp.o
    0x0800949a   0x0000002e   Code   RO         7897    i.tcp_recv_null     tcp.o
    0x080094c8   0x00000046   Code   RO         7898    i.tcp_recved        tcp.o
    0x0800950e   0x00000050   Code   RO         8125    i.tcp_rexmit        tcp_out.o
    0x0800955e   0x00000072   Code   RO         8126    i.tcp_rexmit_fast   tcp_out.o
    0x080095d0   0x000000aa   Code   RO         8128    i.tcp_rst           tcp_out.o
    0x0800967a   0x00000020   Code   RO         7899    i.tcp_seg_free      tcp.o
    0x0800969a   0x0000001e   Code   RO         7900    i.tcp_segs_free     tcp.o
    0x080096b8   0x0000001c   Code   RO         8129    i.tcp_send_ctrl     tcp_out.o
    0x080096d4   0x0000005e   Code   RO         8130    i.tcp_send_empty_ack  tcp_out.o
    0x08009732   0x00000006   Code   RO         7901    i.tcp_sent          tcp.o
    0x08009738   0x00000004   Code   RO         7902    i.tcp_setprio       tcp.o
    0x0800973c   0x000000b4   Code   RO         8077    i.tcp_timewait_input  tcp_in.o
    0x080097f0   0x00000048   Code   RO         7905    i.tcp_update_rcv_ann_wnd  tcp.o
    0x08009838   0x00000048   Code   RO         8131    i.tcp_write         tcp_out.o
    0x08009880   0x000000fa   Code   RO           34    i.time_add          main.o
    0x0800997a   0x00000002   PAD
    0x0800997c   0x00000070   Code   RO         8202    i.udp_bind          udp.o
    0x080099ec   0x000001c8   Code   RO         8205    i.udp_input         udp.o
    0x08009bb4   0x000000ca   Code   RO         8211    i.udp_sendto_if     udp.o
    0x08009c7e   0x00000002   PAD
    0x08009c80   0x000000ec   Code   RO         8602    i.update_arp_entry  etharp.o
    0x08009d6c   0x00000090   Code   RO         6738    i.usbd_cdc_DataIn   usbd_cdc_core.o
    0x08009dfc   0x0000003c   Code   RO         6739    i.usbd_cdc_DataOut  usbd_cdc_core.o
    0x08009e38   0x0000002c   Code   RO         6740    i.usbd_cdc_DeInit   usbd_cdc_core.o
    0x08009e64   0x00000038   Code   RO         6741    i.usbd_cdc_EP0_RxReady  usbd_cdc_core.o
    0x08009e9c   0x00000058   Code   RO         6742    i.usbd_cdc_Init     usbd_cdc_core.o
    0x08009ef4   0x00000028   Code   RO         6743    i.usbd_cdc_SOF      usbd_cdc_core.o
    0x08009f1c   0x000000f0   Code   RO         6744    i.usbd_cdc_Setup    usbd_cdc_core.o
    0x0800a00c   0x000029d0   Data   RO          647    .constdata          stm324xg_eval_lcd.o
    0x0800c9dc   0x00000024   Data   RO         7603    .constdata          memp.o
    0x0800ca00   0x00000008   Data   RO         8517    .constdata          ip_addr.o
    0x0800ca08   0x0000000c   Data   RO         8604    .constdata          etharp.o
    0x0800ca14   0x00000075   Data   RO         7907    .conststring        tcp.o
    0x0800ca89   0x00000003   PAD
    0x0800ca8c   0x00000000   Data   RO         9093    Region$$Table       anon$$obj.o


    Execution Region RW_IRAM1 (Base: 0x20000000, Size: 0x0000cfb8, Max: 0x00020000, ABSOLUTE)

    Base Addr    Size         Type   Attr      Idx    E Section Name        Object

    0x20000000   0x00000088   Data   RW           36    .data               main.o
    0x20000088   0x00000030   Data   RW          482    .data               tm_stm32f4_rtc.o
    0x200000b8   0x00000028   Data   RW          648    .data               stm324xg_eval_lcd.o
    0x200000e0   0x00000005   Data   RW          897    .data               tcp_echoserver.o
    0x200000e5   0x00000003   PAD
    0x200000e8   0x0000001c   Data   RW         1147    .data               usbd_cdc_vcp.o
    0x20000104   0x0000003c   Data   RW         1211    .data               usbd_desc.o
    0x20000140   0x00000005   Data   RW         1409    .data               stm32f4x7_eth_bsp.o
    0x20000145   0x00000010   Data   RW         3871    .data               stm32f4xx_rcc.o
    0x20000155   0x00000003   PAD
    0x20000158   0x00000010   Data   RW         5910    .data               stm32f4x7_eth.o
    0x20000168   0x000000e0   Data   RW         6746    .data               usbd_cdc_core.o
    0x20000248   0x00000004   Data   RW         7337    .data               dhcp.o
    0x2000024c   0x0000000d   Data   RW         7562    .data               mem.o
    0x20000259   0x00000003   PAD
    0x2000025c   0x00000009   Data   RW         7649    .data               netif.o
    0x20000265   0x00000003   PAD
    0x20000268   0x00000004   Data   RW         7815    .data               raw.o
    0x2000026c   0x0000004c   Data   RW         7908    .data               tcp.o
    0x200002b8   0x00000020   Data   RW         8079    .data               tcp_in.o
    0x200002d8   0x00000004   Data   RW         8212    .data               udp.o
    0x200002dc   0x0000000a   Data   RW         8481    .data               ip.o
    0x200002e6   0x00000002   PAD
    0x200002e8   0x00000006   Data   RW         8547    .data               ip_frag.o
    0x200002ee   0x00000001   Data   RW         8605    .data               etharp.o
    0x200002ef   0x00000001   PAD
    0x200002f0   0x00000004   Data   RW         9074    .data               mc_w.l(mvars.o)
    0x200002f4   0x00000004   Data   RW         9075    .data               mc_w.l(mvars.o)
    0x200002f8   0x00000128   Zero   RW           35    .bss                main.o
    0x20000420   0x0000000c   Zero   RW          481    .bss                tm_stm32f4_rtc.o
    0x2000042c   0x00000110   Zero   RW          896    .bss                tcp_echoserver.o
    0x2000053c   0x00000010   Zero   RW         1146    .bss                usbd_cdc_vcp.o
    0x2000054c   0x00000038   Zero   RW         1344    .bss                netconf.o
    0x20000584   0x00003cd4   Zero   RW         5909    .bss                stm32f4x7_eth.o
    0x20004258   0x000000ff   Zero   RW         6646    .bss                usbd_req.o
    0x20004357   0x00000a00   Zero   RW         6745    .bss                usbd_cdc_core.o
    0x20004d57   0x00002814   Zero   RW         7561    .bss                mem.o
    0x2000756b   0x00000001   PAD
    0x2000756c   0x00004d8f   Zero   RW         7602    .bss                memp.o
    0x2000c2fb   0x00000001   PAD
    0x2000c2fc   0x00000014   Zero   RW         8078    .bss                tcp_in.o
    0x2000c310   0x000005e0   Zero   RW         8546    .bss                ip_frag.o
    0x2000c8f0   0x000000c8   Zero   RW         8603    .bss                etharp.o
    0x2000c9b8   0x00000200   Zero   RW         6455    HEAP                startup_stm32f40xx.o
    0x2000cbb8   0x00000400   Zero   RW         6454    STACK               startup_stm32f40xx.o

